
ASEM-51 V1.3                                         Copyright (c) 2002 by W.W. Heinz                                         PAGE 1





       MCS-51 Family Macro Assembler   A S E M - 5 1   V 1.3
       =====================================================



	Source File:	CALCULATE V9.asm
	Object File:	CALCULATE V9.hex
	List File:	CALCULATE V9.lst



 Line  I  Addr  Code            Source

    1:				; 8051 CALCULATOR V3 - PROCESS CONTROLLER, UART TWO-WIRE LINK
    2:				; Controller 1 owns the 4x4 keypad, input validation, calculator state,
    3:				; ALU operations, and error detection.  It does not drive the LCD.
    4:
    5:				; ==============================
    6:				; 		DECLARATIONS & EQU
    7:				; ==============================
    8:		N      00C0	EV_OP_ADD      EQU 0C0H
    9:		N      00C1	EV_OP_SUB      EQU 0C1H
   10:		N      00C2	EV_OP_MUL      EQU 0C2H
   11:		N      00C3	EV_OP_DIV      EQU 0C3H
   12:		N      00C4	EV_OP_AND      EQU 0C4H
   13:		N      00C5	EV_OP_OR       EQU 0C5H
   14:		N      00C6	EV_OP_XOR      EQU 0C6H
   15:		N      00C7	EV_OP_NOT      EQU 0C7H
   16:		N      00C8	EV_OP_SQUARE   EQU 0C8H
   17:		N      00C9	EV_OP_POWER    EQU 0C9H
   18:		N      00CA	EV_OP_SQRT     EQU 0CAH
   19:		N      00CB	EV_CREDITS     EQU 0CBH         ; NEW: Credits screen trigger
   20:		N      00BF	EV_OP_BASE     EQU 0BFH
   21:		N      00D0	EV_RESULT_DEC  EQU 0D0H
   22:		N      00D1	EV_RESULT_BIN  EQU 0D1H
   23:		N      00D2	EV_ERROR       EQU 0D2H
   24:		N      00D3	EV_RESULT_FRAC EQU 0D3H
   25:		N      00E0	EV_STARTUP     EQU 0E0H
   26:		N      00E1	EV_MODE_AR     EQU 0E1H
   27:		N      00E2	EV_MODE_LOG    EQU 0E2H
   28:		N      00E3	EV_MODE_ADV    EQU 0E3H
   29:		N      00E4	EV_CLEAR       EQU 0E4H
   30:		N      00E5	EV_MENU        EQU 0E5H
   31:		N      00E6	EV_ANS         EQU 0E6H
   32:		N      00E7	EV_EQUALS      EQU 0E7H
   33:		N      00E8	EV_SCROLL_LEFT EQU 0E8H
   34:		N      00E9	EV_SCROLL_RIGHT EQU 0E9H
   35:		N      00EA	EV_BACKSPACE	EQU 0EAH
   36:
   37:				; ==============================
   38:				; 		RAM ALLOCATIONS
   39:				; ==============================
   40:		N      0030	DIGIT_TMP   EQU 30H
   41:		N      0031	TMP_H       EQU 31H
   42:		N      0032	TMP_L       EQU 32H
   43:		N      0033	QUO_H       EQU 33H

ASEM-51 V1.3                                         Copyright (c) 2002 by W.W. Heinz                                         PAGE 2



 Line  I  Addr  Code            Source

   44:		N      0034	QUO_L       EQU 34H
   45:		N      0035	REM_H       EQU 35H
   46:		N      0036	REM_L       EQU 36H
   47:		N      0037	MC0         EQU 37H
   48:		N      0038	MC1         EQU 38H
   49:		N      0039	MC2         EQU 39H
   50:		N      003A	MC3         EQU 3AH
   51:		N      003B	PROD0       EQU 3BH
   52:		N      003C	PROD1       EQU 3CH
   53:		N      003D	PROD2       EQU 3DH
   54:		N      003E	PROD3       EQU 3EH
   55:		N      003F	MUL0        EQU 3FH
   56:		N      0040	MUL1        EQU 40H
   57:		N      0041	ERROR_CODE  EQU 41H
   58:		N      0042	DIV_OVER    EQU 42H
   59:		N      0044	MODE        EQU 44H
   60:		N      0045	OP1_BITS    EQU 45H
   61:		N      0046	OP2_BITS    EQU 46H
   62:		N      0047	TX_BYTE     EQU 47H
   63:
   64:				; R2:R3 = operand 1/result, R4:R5 = operand 2
   65:				; R6 = operator, R7 = 0 operand 1 / 1 operand 2 / 2 unary locked
   66:				; 20H.0 error, 20H.1 star pending, 20H.2 negative magnitude
   67:				; 20H.3 result displayed, 20H.4 current operand has an accepted digit
   68:
   69:				; ==============================
   70:				; 	MAIN LOOP & KEY DISPATCHER
   71:				; ==============================
   72:		N      0000	    ORG 0000H
   73:	  0000	02 00 03	    LJMP MAIN
   74:
   75:	  0003			MAIN:
   76:	  0003	75 81 5F	    MOV SP, #5FH
   77:	  0006	75 90 FF	    MOV P1, #0FFH
   78:	  0009	75 A0 FF	    MOV P2, #0FFH
   79:	  000C	D2 B0		    SETB P3.0
   80:	  000E	D2 B1		    SETB P3.1
   81:	  0010	12 02 F4	    LCALL UART_INIT
   82:	  0013	75 44 00	    MOV MODE, #00H
   83:	  0016	12 02 50	    LCALL RESET_STATE
   84:
   85:	  0019			CALC_LOOP:
   86:	  0019	30 A0 09	    JNB P2.0, DO_BACKSPACE
   87:	  001C	12 03 85		LCALL KEYPAD_SCAN
   88:	  001F	B4 FF 09	    CJNE A, #0FFH, PROCESS_KEY
   89:	  0022	02 00 19	    LJMP CALC_LOOP
   90:
   91:	  0025			DO_BACKSPACE:
   92:	  0025	12 01 99		LCALL HANDLE_BACKSPACE
   93:	  0028	02 00 19		LJMP CALC_LOOP
   94:
   95:	  002B			PROCESS_KEY:
   96:	  002B	C0 E0		    PUSH ACC
   97:	  002D	12 04 19	    LCALL WAIT_KEY_RELEASE
   98:	  0030	D0 E0		    POP ACC
   99:	  0032	F5 30		    MOV DIGIT_TMP, A

ASEM-51 V1.3                                         Copyright (c) 2002 by W.W. Heinz                                         PAGE 3



 Line  I  Addr  Code            Source

  100:
  101:	  0034	E5 44		    MOV A, MODE
  102:	  0036	70 08		    JNZ ACTIVE_MODE_KEY
  103:	  0038	E5 30		    MOV A, DIGIT_TMP
  104:	  003A	12 02 7B	    LCALL SELECT_MODE
  105:	  003D	02 00 19	    LJMP CALC_LOOP
  106:
  107:	  0040			ACTIVE_MODE_KEY:
  108:	  0040	30 01 0D	    JNB 20H.1, CHECK_CLEAR_KEY
  109:	  0043	C2 01		    CLR 20H.1
  110:	  0045	E5 30		    MOV A, DIGIT_TMP
  111:	  0047	B4 0F 06	    CJNE A, #0FH, CHECK_CLEAR_KEY
  112:	  004A	12 02 70	    LCALL SHOW_MODE_MENU
  113:	  004D	02 00 19	    LJMP CALC_LOOP
  114:
  115:	  0050			CHECK_CLEAR_KEY:
  116:	  0050	E5 44		    MOV A, MODE
  117:	  0052	B4 02 18	    CJNE A, #02H, CHECK_ACTUAL_CLEAR
  118:	  0055	E5 30		    MOV A, DIGIT_TMP
  119:	  0057	B4 04 08	    CJNE A, #04H, CHECK_SCROLL_RIGHT
  120:	  005A	74 E8		    MOV A, #EV_SCROLL_LEFT
  121:	  005C	12 03 0D	    LCALL SEND_BYTE
  122:	  005F	02 00 19	    LJMP CALC_LOOP
  123:	  0062			CHECK_SCROLL_RIGHT:
  124:	  0062	B4 06 08	    CJNE A, #06H, CHECK_ACTUAL_CLEAR
  125:	  0065	74 E9		    MOV A, #EV_SCROLL_RIGHT
  126:	  0067	12 03 0D	    LCALL SEND_BYTE
  127:	  006A	02 00 19	    LJMP CALC_LOOP
  128:	  006D			CHECK_ACTUAL_CLEAR:
  129:	  006D	E5 30		    MOV A, DIGIT_TMP
  130:	  006F	B4 0E 08	    CJNE A, #0EH, CHECK_DIGIT
  131:	  0072	12 02 A3	    LCALL CLEAR_CURRENT
  132:	  0075	D2 01		    SETB 20H.1
  133:	  0077	02 00 19	    LJMP CALC_LOOP
  134:
  135:	  007A			CHECK_DIGIT:
  136:	  007A	B4 0A 00	    CJNE A, #0AH, $ + 3
  137:	  007D	50 4E		    JNC CHECK_OPERATOR
  138:	  007F	E5 44		    MOV A, MODE
  139:	  0081	B4 02 07	    CJNE A, #02H, CHECK_DIGIT_LOCK
  140:	  0084	E5 30		    MOV A, DIGIT_TMP
  141:	  0086	B4 02 00	    CJNE A, #02H, $ + 3
  142:	  0089	50 2A		    JNC IGNORE_BINARY_DIGIT
  143:	  008B			CHECK_DIGIT_LOCK:
  144:	  008B	BF 02 03	    CJNE R7, #02H, DIGIT_NOT_LOCKED
  145:	  008E	02 00 19	    LJMP CALC_LOOP
  146:	  0091			DIGIT_NOT_LOCKED:
  147:	  0091	30 03 03	    JNB 20H.3, DIGIT_ENTRY_READY
  148:	  0094	12 02 AB	    LCALL START_NEW_ENTRY
  149:	  0097			DIGIT_ENTRY_READY:
  150:	  0097	E5 44		    MOV A, MODE
  151:	  0099	B4 02 07	    CJNE A, #02H, STORE_DECIMAL_DIGIT
  152:	  009C	E5 30		    MOV A, DIGIT_TMP
  153:	  009E	12 04 30	    LCALL ACCUMULATE_BINARY
  154:	  00A1	80 05		    SJMP CHECK_DIGIT_RESULT
  155:

ASEM-51 V1.3                                         Copyright (c) 2002 by W.W. Heinz                                         PAGE 4



 Line  I  Addr  Code            Source

  156:	  00A3			STORE_DECIMAL_DIGIT:
  157:	  00A3	E5 30		    MOV A, DIGIT_TMP
  158:	  00A5	12 04 5D	    LCALL ACCUMULATE_DIGIT
  159:	  00A8			CHECK_DIGIT_RESULT:
  160:	  00A8	20 00 0D	    JB 20H.0, DIGIT_ERROR
  161:	  00AB	D2 04		    SETB 20H.4
  162:	  00AD	E5 30		    MOV A, DIGIT_TMP
  163:	  00AF	12 03 0D	    LCALL SEND_BYTE
  164:	  00B2	02 00 19	    LJMP CALC_LOOP
  165:
  166:	  00B5			IGNORE_BINARY_DIGIT:
  167:	  00B5	02 00 19	    LJMP CALC_LOOP
  168:	  00B8			DIGIT_ERROR:
  169:	  00B8	E5 41		    MOV A, ERROR_CODE
  170:	  00BA	B4 04 02	    CJNE A, #04H, CHECK_BIT_COUNT_ECHO
  171:	  00BD	80 03		    SJMP ECHO_EXCEEDED_DIGIT
  172:	  00BF			CHECK_BIT_COUNT_ECHO:
  173:	  00BF	B4 08 05	    CJNE A, #08H, SEND_DIGIT_ERROR
  174:	  00C2			ECHO_EXCEEDED_DIGIT:
  175:	  00C2	E5 30		    MOV A, DIGIT_TMP
  176:	  00C4	12 03 0D	    LCALL SEND_BYTE
  177:	  00C7			SEND_DIGIT_ERROR:
  178:	  00C7	12 03 25	    LCALL SEND_ERROR
  179:	  00CA	02 00 19	    LJMP CALC_LOOP
  180:
  181:	  00CD			CHECK_OPERATOR:
  182:	  00CD	E5 30		    MOV A, DIGIT_TMP
  183:	  00CF	B4 0F 25	    CJNE A, #0FH, CHECK_MODE_OPERATOR
  184:	  00D2	30 03 03	    JNB 20H.3, HASH_EXECUTE
  185:	  00D5	02 00 19	    LJMP CALC_LOOP
  186:
  187:	  00D8			HASH_EXECUTE:
  188:	  00D8	74 E7		    MOV A, #EV_EQUALS
  189:	  00DA	12 03 0D	    LCALL SEND_BYTE
  190:	  00DD	20 00 11	    JB 20H.0, EQUALS_SHOW_ERROR
  191:	  00E0	75 41 00	    MOV ERROR_CODE, #00H
  192:	  00E3	12 04 C3	    LCALL EXECUTE_MATH
  193:	  00E6	20 00 08	    JB 20H.0, EQUALS_SHOW_ERROR
  194:	  00E9	12 03 2F	    LCALL SEND_RESULT
  195:	  00EC	D2 03		    SETB 20H.3
  196:	  00EE	02 00 19	    LJMP CALC_LOOP
  197:
  198:	  00F1			EQUALS_SHOW_ERROR:
  199:	  00F1	12 03 25	    LCALL SEND_ERROR
  200:	  00F4	02 00 19	    LJMP CALC_LOOP
  201:
  202:	  00F7			CHECK_MODE_OPERATOR:
  203:	  00F7	B4 0E 00	    CJNE A, #0EH, $ + 3
  204:	  00FA	40 03		    JC MODE_OPERATOR_IN_RANGE
  205:	  00FC	02 01 8A	    LJMP UNKNOWN_KEY
  206:	  00FF			MODE_OPERATOR_IN_RANGE:
  207:	  00FF	E5 44		    MOV A, MODE
  208:	  0101	B4 03 19	    CJNE A, #03H, PREPARE_MODE_OPERATOR
  209:	  0104	E5 30		    MOV A, DIGIT_TMP
  210:	  0106	B4 0A 02	    CJNE A, #0AH, CHK_ADV_B
  211:	  0109	80 12		    SJMP PREPARE_MODE_OPERATOR

ASEM-51 V1.3                                         Copyright (c) 2002 by W.W. Heinz                                         PAGE 5



 Line  I  Addr  Code            Source

  212:	  010B			CHK_ADV_B:
  213:	  010B	B4 0B 02	    CJNE A, #0BH, CHK_ADV_C
  214:	  010E	80 0D		    SJMP PREPARE_MODE_OPERATOR
  215:	  0110			CHK_ADV_C:
  216:	  0110	B4 0C 02	    CJNE A, #0CH, CHK_ADV_D
  217:	  0113	80 08		    SJMP PREPARE_MODE_OPERATOR
  218:	  0115			CHK_ADV_D:
  219:	  0115	B4 0D 02	    CJNE A, #0DH, ADDITIONAL_UNKNOWN
  220:	  0118	80 03		    SJMP PREPARE_MODE_OPERATOR
  221:	  011A			ADDITIONAL_UNKNOWN:
  222:	  011A	02 01 8A	    LJMP UNKNOWN_KEY
  223:
  224:	  011D			PREPARE_MODE_OPERATOR:
  225:	  011D	12 02 CF	    LCALL PREPARE_OPERATOR_ENTRY
  226:	  0120	30 00 03	    JNB 20H.0, DECODE_MODE_OPERATOR
  227:	  0123	02 00 19	    LJMP CALC_LOOP
  228:
  229:	  0126			DECODE_MODE_OPERATOR:
  230:	  0126	E5 44		    MOV A, MODE
  231:	  0128	B4 01 0E	    CJNE A, #01H, CHECK_LOGIC_MODE
  232:	  012B	E5 30		    MOV A, DIGIT_TMP
  233:	  012D	C3		    CLR C
  234:	  012E	94 09		    SUBB A, #09H
  235:	  0130	FE		    MOV R6, A
  236:	  0131	EE		    MOV A, R6
  237:	  0132	24 BF		    ADD A, #EV_OP_BASE
  238:	  0134	12 03 0D	    LCALL SEND_BYTE
  239:	  0137	80 54		    SJMP NEXT_OPERAND
  240:
  241:	  0139			CHECK_LOGIC_MODE:
  242:	  0139	B4 02 0E	    CJNE A, #02H, DECODE_ADV_MODE
  243:	  013C	E5 30		    MOV A, DIGIT_TMP
  244:	  013E	B4 0D 3D	    CJNE A, #0DH, LOGIC_BINARY_OPERATOR
  245:	  0141	7E 08		    MOV R6, #08H
  246:	  0143	74 C7		    MOV A, #EV_OP_NOT
  247:	  0145	12 03 0D	    LCALL SEND_BYTE
  248:	  0148	80 4A		    SJMP UNARY_PENDING
  249:
  250:	  014A			DECODE_ADV_MODE:
  251:	  014A	E5 30		    MOV A, DIGIT_TMP
  252:	  014C	B4 0A 09	    CJNE A, #0AH, ADV_CHK_B
  253:				    ; Mode 3 Key A = Square
  254:	  014F	7E 09		    MOV R6, #09H
  255:	  0151	74 C8		    MOV A, #EV_OP_SQUARE
  256:	  0153	12 03 0D	    LCALL SEND_BYTE
  257:	  0156	80 3C		    SJMP UNARY_PENDING
  258:	  0158			ADV_CHK_B:
  259:	  0158	B4 0B 09	    CJNE A, #0BH, ADV_CHK_C
  260:				    ; Mode 3 Key B = Power
  261:	  015B	7E 0A		    MOV R6, #0AH
  262:	  015D	74 C9		    MOV A, #EV_OP_POWER
  263:	  015F	12 03 0D	    LCALL SEND_BYTE
  264:	  0162	80 29		    SJMP NEXT_OPERAND
  265:	  0164			ADV_CHK_C:
  266:	  0164	B4 0C 09	    CJNE A, #0CH, ADV_CHK_D
  267:				    ; Mode 3 Key C = Sqrt

ASEM-51 V1.3                                         Copyright (c) 2002 by W.W. Heinz                                         PAGE 6



 Line  I  Addr  Code            Source

  268:	  0167	7E 0B		    MOV R6, #0BH
  269:	  0169	74 CA		    MOV A, #EV_OP_SQRT
  270:	  016B	12 03 0D	    LCALL SEND_BYTE
  271:	  016E	80 24		    SJMP UNARY_PENDING
  272:	  0170			ADV_CHK_D:
  273:	  0170	B4 0D A7	    CJNE A, #0DH, ADDITIONAL_UNKNOWN
  274:				    ; Mode 3 Key D = Credits Easter Egg
  275:	  0173	12 02 50	    LCALL RESET_STATE          ; Prevent ALU desync by dropping memory buffer
  276:	  0176	74 CB		    MOV A, #EV_CREDITS
  277:	  0178	12 03 0D	    LCALL SEND_BYTE
  278:	  017B	02 00 19	    LJMP CALC_LOOP
  279:
  280:	  017E			LOGIC_BINARY_OPERATOR:
  281:	  017E	C3		    CLR C
  282:	  017F	94 05		    SUBB A, #05H
  283:	  0181	FE		    MOV R6, A
  284:	  0182	EE		    MOV A, R6
  285:	  0183	24 BF		    ADD A, #EV_OP_BASE
  286:	  0185	12 03 0D	    LCALL SEND_BYTE
  287:	  0188	80 03		    SJMP NEXT_OPERAND
  288:
  289:	  018A			UNKNOWN_KEY:
  290:	  018A	02 00 19	    LJMP CALC_LOOP
  291:	  018D			NEXT_OPERAND:
  292:	  018D	7F 01		    MOV R7, #01H
  293:	  018F	C2 04		    CLR 20H.4
  294:	  0191	02 00 19	    LJMP CALC_LOOP
  295:	  0194			UNARY_PENDING:
  296:	  0194	7F 02		    MOV R7, #02H
  297:	  0196	02 00 19	    LJMP CALC_LOOP
  298:
  299:	  0199			HANDLE_BACKSPACE:
  300:				    ; Wait for button release (debounce)
  301:	  0199	30 A0 FD	    JNB P2.0, $
  302:	  019C	12 04 27	    LCALL DEBOUNCE_DELAY
  303:
  304:				    ; --- CHECK UNARY OPERATOR LOCK (R7 = 2) ---
  305:	  019F	EF		    MOV A, R7
  306:	  01A0	B4 02 10	    CJNE A, #02H, CHECK_OP2_STATE
  307:					; Backspace Unary Operator (SQRT or Square)
  308:	  01A3	7E 00		    MOV R6, #00H                ; Clear active unary operator
  309:	  01A5	7F 00		    MOV R7, #00H                ; Return to OP1 mode
  310:					; Preserve digit acceptance flag if OP1 (R2:R3) holds a value
  311:	  01A7	EA		    MOV A, R2
  312:	  01A8	4B		    ORL A, R3
  313:	  01A9	60 04		    JZ UNARY_BS_NO_DIGIT
  314:	  01AB	D2 04		    SETB 20H.4
  315:	  01AD	80 60		    SJMP SEND_BACKSPACE_EVENT
  316:
  317:	  01AF			UNARY_BS_NO_DIGIT:
  318:	  01AF	C2 04		    CLR 20H.4
  319:	  01B1	80 5C		    SJMP SEND_BACKSPACE_EVENT
  320:
  321:	  01B3			CHECK_OP2_STATE:
  322:	  01B3	BF 01 34	    CJNE R7, #01H, BACKSPACE_OP1_CHECK
  323:

ASEM-51 V1.3                                         Copyright (c) 2002 by W.W. Heinz                                         PAGE 7



 Line  I  Addr  Code            Source

  324:				    ; --- BACKSPACE OP2 ---
  325:	  01B6	E5 44		    MOV A, MODE
  326:	  01B8	B4 02 0C	    CJNE A, #02H, OP2_DECIMAL_BS
  327:
  328:				    ; OP2 Binary Backspace (Mode 2)
  329:	  01BB	E5 46		    MOV A, OP2_BITS
  330:	  01BD	60 1B		    JZ BACKSPACE_OPERATOR       ; 0 bits left -> erase operator instead
  331:	  01BF	15 46		    DEC OP2_BITS
  332:	  01C1	C3		    CLR C
  333:	  01C2	ED		    MOV A, R5
  334:	  01C3	13		    RRC A
  335:	  01C4	FD		    MOV R5, A
  336:	  01C5	80 48		    SJMP SEND_BACKSPACE_EVENT
  337:
  338:	  01C7			OP2_DECIMAL_BS:
  339:	  01C7	8C 31		    MOV TMP_H, R4
  340:	  01C9	8D 32		    MOV TMP_L, R5
  341:	  01CB	E5 31		    MOV A, TMP_H
  342:	  01CD	45 32		    ORL A, TMP_L
  343:	  01CF	60 09		    JZ BACKSPACE_OPERATOR
  344:	  01D1	12 02 15	    LCALL DIV_TMP_BY_10
  345:	  01D4	AC 31		    MOV R4, TMP_H
  346:	  01D6	AD 32		    MOV R5, TMP_L
  347:	  01D8	80 35		    SJMP SEND_BACKSPACE_EVENT
  348:
  349:	  01DA			BACKSPACE_OPERATOR:
  350:	  01DA	7E 00		    MOV R6, #00H
  351:	  01DC	7F 00		    MOV R7, #00H
  352:					; Maintain digit flag if OP1 holds a value
  353:	  01DE	EA		    MOV A, R2
  354:	  01DF	4B		    ORL A, R3
  355:	  01E0	60 04		    JZ OP_BS_NO_DIGIT
  356:	  01E2	D2 04		    SETB 20H.4
  357:	  01E4	80 29		    SJMP SEND_BACKSPACE_EVENT
  358:
  359:	  01E6			OP_BS_NO_DIGIT:
  360:	  01E6	C2 04		    CLR 20H.4
  361:	  01E8	80 25		    SJMP SEND_BACKSPACE_EVENT
  362:
  363:	  01EA			BACKSPACE_OP1_CHECK:
  364:	  01EA	BF 00 27	    CJNE R7, #00H, BACKSPACE_DONE
  365:
  366:				    ; --- BACKSPACE OP1 ---
  367:	  01ED	E5 44		    MOV A, MODE
  368:	  01EF	B4 02 0C	    CJNE A, #02H, OP1_DECIMAL_BS
  369:
  370:				    ; OP1 Binary Backspace (Mode 2)
  371:	  01F2	E5 45		    MOV A, OP1_BITS
  372:	  01F4	60 1E		    JZ BACKSPACE_DONE           ; 0 bits left -> nothing to erase
  373:	  01F6	15 45		    DEC OP1_BITS
  374:	  01F8	C3		    CLR C
  375:	  01F9	EB		    MOV A, R3
  376:	  01FA	13		    RRC A
  377:	  01FB	FB		    MOV R3, A
  378:	  01FC	80 11		    SJMP SEND_BACKSPACE_EVENT
  379:

ASEM-51 V1.3                                         Copyright (c) 2002 by W.W. Heinz                                         PAGE 8



 Line  I  Addr  Code            Source

  380:	  01FE			OP1_DECIMAL_BS:
  381:	  01FE	8A 31		    MOV TMP_H, R2
  382:	  0200	8B 32		    MOV TMP_L, R3
  383:	  0202	E5 31		    MOV A, TMP_H
  384:	  0204	45 32		    ORL A, TMP_L
  385:	  0206	60 0C		    JZ BACKSPACE_DONE
  386:	  0208	12 02 15	    LCALL DIV_TMP_BY_10
  387:	  020B	AA 31		    MOV R2, TMP_H
  388:	  020D	AB 32		    MOV R3, TMP_L
  389:
  390:	  020F			SEND_BACKSPACE_EVENT:
  391:	  020F	74 EA		    MOV A, #EV_BACKSPACE
  392:	  0211	12 03 0D	    LCALL SEND_BYTE
  393:
  394:	  0214			BACKSPACE_DONE:
  395:	  0214	22		    RET
  396:
  397:				; =========================================================
  398:				; HELPER: Divide 16-bit value (TMP_H:TMP_L) by 10
  399:				; Returns quotient in TMP_H:TMP_L (drops the last digit)
  400:				; =========================================================
  401:	  0215			DIV_TMP_BY_10:
  402:	  0215	75 33 00	    MOV QUO_H, #00H
  403:	  0218	75 34 00	    MOV QUO_L, #00H
  404:	  021B	75 36 00	    MOV REM_L, #00H
  405:	  021E	79 10		    MOV R1, #16
  406:	  0220			DIV10_BS_LOOP:
  407:	  0220	C3		    CLR C
  408:	  0221	E5 32		    MOV A, TMP_L
  409:	  0223	33		    RLC A
  410:	  0224	F5 32		    MOV TMP_L, A
  411:	  0226	E5 31		    MOV A, TMP_H
  412:	  0228	33		    RLC A
  413:	  0229	F5 31		    MOV TMP_H, A
  414:	  022B	E5 36		    MOV A, REM_L
  415:	  022D	33		    RLC A
  416:	  022E	F5 36		    MOV REM_L, A
  417:	  0230	C3		    CLR C
  418:	  0231	E5 34		    MOV A, QUO_L
  419:	  0233	33		    RLC A
  420:	  0234	F5 34		    MOV QUO_L, A
  421:	  0236	E5 33		    MOV A, QUO_H
  422:	  0238	33		    RLC A
  423:	  0239	F5 33		    MOV QUO_H, A
  424:	  023B	E5 36		    MOV A, REM_L
  425:	  023D	C3		    CLR C
  426:	  023E	94 0A		    SUBB A, #10
  427:	  0240	40 05		    JC DIV10_BS_LESS
  428:	  0242	F5 36		    MOV REM_L, A
  429:	  0244	43 34 01	    ORL QUO_L, #01H
  430:	  0247			DIV10_BS_LESS:
  431:	  0247	D9 D7		    DJNZ R1, DIV10_BS_LOOP
  432:	  0249	85 33 31	    MOV TMP_H, QUO_H
  433:	  024C	85 34 32	    MOV TMP_L, QUO_L
  434:	  024F	22		    RET
  435:

ASEM-51 V1.3                                         Copyright (c) 2002 by W.W. Heinz                                         PAGE 9



 Line  I  Addr  Code            Source

  436:				; ================================
  437:				; STATE, MODES, AND DISPLAY EVENTS
  438:				; ================================
  439:	  0250			RESET_STATE:
  440:	  0250	7A 00		    MOV R2, #00H
  441:	  0252	7B 00		    MOV R3, #00H
  442:	  0254	7C 00		    MOV R4, #00H
  443:	  0256	7D 00		    MOV R5, #00H
  444:	  0258	7E 00		    MOV R6, #00H
  445:	  025A	7F 00		    MOV R7, #00H
  446:	  025C	75 41 00	    MOV ERROR_CODE, #00H
  447:	  025F	75 45 00	    MOV OP1_BITS, #00H
  448:	  0262	75 46 00	    MOV OP2_BITS, #00H
  449:	  0265	C2 00		    CLR 20H.0
  450:	  0267	C2 01		    CLR 20H.1
  451:	  0269	C2 02		    CLR 20H.2
  452:	  026B	C2 03		    CLR 20H.3
  453:	  026D	C2 04		    CLR 20H.4
  454:	  026F	22		    RET
  455:
  456:	  0270			SHOW_MODE_MENU:
  457:	  0270	75 44 00	    MOV MODE, #00H
  458:	  0273	12 02 50	    LCALL RESET_STATE
  459:	  0276	74 E5		    MOV A, #EV_MENU
  460:	  0278	02 03 0D	    LJMP SEND_BYTE
  461:
  462:	  027B			SELECT_MODE:
  463:	  027B	B4 01 08	    CJNE A, #01H, SELECT_MODE_2
  464:	  027E	75 44 01	    MOV MODE, #01H
  465:	  0281	75 30 E1	    MOV DIGIT_TMP, #EV_MODE_AR
  466:	  0284	80 14		    SJMP MODE_SELECTED
  467:	  0286			SELECT_MODE_2:
  468:	  0286	B4 02 08	    CJNE A, #02H, SELECT_MODE_3
  469:	  0289	75 44 02	    MOV MODE, #02H
  470:	  028C	75 30 E2	    MOV DIGIT_TMP, #EV_MODE_LOG
  471:	  028F	80 09		    SJMP MODE_SELECTED
  472:	  0291			SELECT_MODE_3:
  473:	  0291	B4 03 0E	    CJNE A, #03H, SELECT_MODE_DONE
  474:	  0294	75 44 03	    MOV MODE, #03H
  475:	  0297	75 30 E3	    MOV DIGIT_TMP, #EV_MODE_ADV
  476:	  029A			MODE_SELECTED:
  477:	  029A	12 02 50	    LCALL RESET_STATE
  478:	  029D	E5 30		    MOV A, DIGIT_TMP
  479:	  029F	02 03 0D	    LJMP SEND_BYTE
  480:	  02A2			SELECT_MODE_DONE:
  481:	  02A2	22		    RET
  482:
  483:	  02A3			CLEAR_CURRENT:
  484:	  02A3	12 02 50	    LCALL RESET_STATE
  485:	  02A6	74 E4		    MOV A, #EV_CLEAR
  486:	  02A8	02 03 0D	    LJMP SEND_BYTE
  487:
  488:	  02AB			START_NEW_ENTRY:
  489:	  02AB	02 02 A3	    LJMP CLEAR_CURRENT
  490:
  491:	  02AE			PREPARE_ANS_EXPRESSION:

ASEM-51 V1.3                                        Copyright (c) 2002 by W.W. Heinz                                         PAGE 10



 Line  I  Addr  Code            Source

  492:	  02AE	30 03 1D	    JNB 20H.3, PREPARE_ANS_DONE
  493:	  02B1	7C 00		    MOV R4, #00H
  494:	  02B3	7D 00		    MOV R5, #00H
  495:	  02B5	7E 00		    MOV R6, #00H
  496:	  02B7	7F 00		    MOV R7, #00H
  497:	  02B9	75 35 00		MOV REM_H, #00H
  498:	  02BC	75 36 00		MOV REM_L, #00H
  499:	  02BF	75 41 00	    MOV ERROR_CODE, #00H
  500:	  02C2	75 46 00	    MOV OP2_BITS, #00H
  501:	  02C5	C2 00		    CLR 20H.0
  502:	  02C7	C2 03		    CLR 20H.3
  503:	  02C9	74 E6		    MOV A, #EV_ANS
  504:	  02CB	12 03 0D	    LCALL SEND_BYTE
  505:	  02CE			PREPARE_ANS_DONE:
  506:	  02CE	22		    RET
  507:
  508:	  02CF			PREPARE_OPERATOR_ENTRY:
  509:	  02CF	20 00 21	    JB 20H.0, PREPARE_OPERATOR_DONE
  510:	  02D2	20 03 17	    JB 20H.3, PREPARE_OPERATOR_USE_ANS
  511:	  02D5	BF 02 06	    CJNE R7, #02H, PREPARE_OPERATOR_CHECK_BINARY
  512:	  02D8	EE		    MOV A, R6
  513:	  02D9	B4 08 08	    CJNE A, #08H, PREPARE_OPERATOR_EXECUTE_CHAIN
  514:	  02DC	80 15		    SJMP PREPARE_OPERATOR_DONE
  515:	  02DE			PREPARE_OPERATOR_CHECK_BINARY:
  516:	  02DE	BF 01 12	    CJNE R7, #01H, PREPARE_OPERATOR_DONE
  517:	  02E1	30 04 0F	    JNB 20H.4, PREPARE_OPERATOR_DONE
  518:	  02E4			PREPARE_OPERATOR_EXECUTE_CHAIN:
  519:	  02E4	12 04 C3	    LCALL EXECUTE_MATH
  520:	  02E7	20 00 06	    JB 20H.0, PREPARE_OPERATOR_ERROR
  521:	  02EA	D2 03		    SETB 20H.3
  522:	  02EC			PREPARE_OPERATOR_USE_ANS:
  523:	  02EC	12 02 AE	    LCALL PREPARE_ANS_EXPRESSION
  524:	  02EF	22		    RET
  525:	  02F0			PREPARE_OPERATOR_ERROR:
  526:	  02F0	12 03 25	    LCALL SEND_ERROR
  527:	  02F3			PREPARE_OPERATOR_DONE:
  528:	  02F3	22		    RET
  529:
  530:				; ============================================
  531:				; HARDWARE UART TRANSFER TO DISPLAY CONTROLLER
  532:				; ============================================
  533:	  02F4			UART_INIT:
  534:	  02F4	53 89 0F	    ANL TMOD, #0FH
  535:	  02F7	43 89 20	    ORL TMOD, #020H
  536:	  02FA	53 87 7F	    ANL PCON, #07FH
  537:	  02FD	75 8D FD	    MOV TH1, #0FDH
  538:	  0300	75 8B FD	    MOV TL1, #0FDH
  539:	  0303	75 98 50	    MOV SCON, #050H
  540:	  0306	C2 99		    CLR TI
  541:	  0308	C2 98		    CLR RI
  542:	  030A	D2 8E		    SETB TR1
  543:	  030C	22		    RET
  544:
  545:	  030D			SEND_BYTE:
  546:	  030D	F5 47		    MOV TX_BYTE, A
  547:	  030F	C2 99		    CLR TI

ASEM-51 V1.3                                        Copyright (c) 2002 by W.W. Heinz                                         PAGE 11



 Line  I  Addr  Code            Source

  548:	  0311	F5 99		    MOV SBUF, A
  549:	  0313			SEND_WAIT_TX:
  550:	  0313	30 99 FD	    JNB TI, SEND_WAIT_TX
  551:	  0316	C2 99		    CLR TI
  552:	  0318			SEND_WAIT_ACK:
  553:	  0318	30 98 FD	    JNB RI, SEND_WAIT_ACK
  554:	  031B	E5 99		    MOV A, SBUF
  555:	  031D	C2 98		    CLR RI
  556:	  031F	B4 06 F6	    CJNE A, #006H, SEND_WAIT_ACK
  557:	  0322	E5 47		    MOV A, TX_BYTE
  558:	  0324	22		    RET
  559:
  560:	  0325			SEND_ERROR:
  561:	  0325	74 D2		    MOV A, #EV_ERROR
  562:	  0327	12 03 0D	    LCALL SEND_BYTE
  563:	  032A	E5 41		    MOV A, ERROR_CODE
  564:	  032C	02 03 0D	    LJMP SEND_BYTE
  565:
  566:	  032F			SEND_RESULT:
  567:	  032F	E5 44		    MOV A, MODE
  568:	  0331	B4 02 09	    CJNE A, #02H, SEND_DECIMAL_RESULT
  569:	  0334	74 D1		    MOV A, #EV_RESULT_BIN
  570:	  0336	12 03 0D	    LCALL SEND_BYTE
  571:	  0339	EB		    MOV A, R3
  572:	  033A	02 03 0D	    LJMP SEND_BYTE
  573:	  033D			SEND_DECIMAL_RESULT:
  574:	  033D	EE		    MOV A, R6
  575:	  033E	B4 04 2E	    CJNE A, #04H, SEND_PLAIN_DECIMAL
  576:	  0341	E5 35		    MOV A, REM_H
  577:	  0343	45 36		    ORL A, REM_L
  578:	  0345	60 28		    JZ SEND_PLAIN_DECIMAL
  579:	  0347	74 D3		    MOV A, #EV_RESULT_FRAC
  580:	  0349	12 03 0D	    LCALL SEND_BYTE
  581:	  034C	74 00		    MOV A, #00H
  582:	  034E	30 02 01	    JNB 20H.2, SEND_FRACTION_SIGN
  583:	  0351	04		    INC A
  584:	  0352			SEND_FRACTION_SIGN:
  585:	  0352	12 03 0D	    LCALL SEND_BYTE
  586:	  0355	EA		    MOV A, R2
  587:	  0356	12 03 0D	    LCALL SEND_BYTE
  588:	  0359	EB		    MOV A, R3
  589:	  035A	12 03 0D	    LCALL SEND_BYTE
  590:	  035D	E5 35		    MOV A, REM_H
  591:	  035F	12 03 0D	    LCALL SEND_BYTE
  592:	  0362	E5 36		    MOV A, REM_L
  593:	  0364	12 03 0D	    LCALL SEND_BYTE
  594:	  0367	EC		    MOV A, R4
  595:	  0368	12 03 0D	    LCALL SEND_BYTE
  596:	  036B	ED		    MOV A, R5
  597:	  036C	02 03 0D	    LJMP SEND_BYTE
  598:	  036F			SEND_PLAIN_DECIMAL:
  599:	  036F	74 D0		    MOV A, #EV_RESULT_DEC
  600:	  0371	12 03 0D	    LCALL SEND_BYTE
  601:	  0374	74 00		    MOV A, #00H
  602:	  0376	30 02 01	    JNB 20H.2, SEND_RESULT_SIGN
  603:	  0379	04		    INC A

ASEM-51 V1.3                                        Copyright (c) 2002 by W.W. Heinz                                         PAGE 12



 Line  I  Addr  Code            Source

  604:	  037A			SEND_RESULT_SIGN:
  605:	  037A	12 03 0D	    LCALL SEND_BYTE
  606:	  037D	EA		    MOV A, R2
  607:	  037E	12 03 0D	    LCALL SEND_BYTE
  608:	  0381	EB		    MOV A, R3
  609:	  0382	02 03 0D	    LJMP SEND_BYTE
  610:
  611:				; ==============================
  612:				;  KEYPAD SCANNING AND DEBOUNCE
  613:				; ==============================
  614:	  0385			KEYPAD_SCAN:
  615:	  0385	75 90 F0	    MOV P1, #0F0H
  616:	  0388	E5 90		    MOV A, P1
  617:	  038A	54 F0		    ANL A, #0F0H
  618:	  038C	B4 F0 03	    CJNE A, #0F0H, KEY_FOUND
  619:	  038F	74 FF		    MOV A, #0FFH
  620:	  0391	22		    RET
  621:	  0392			KEY_FOUND:
  622:	  0392	12 04 27	    LCALL DEBOUNCE_DELAY
  623:	  0395	75 90 F0	    MOV P1, #0F0H
  624:	  0398	E5 90		    MOV A, P1
  625:	  039A	54 F0		    ANL A, #0F0H
  626:	  039C	B4 F0 03	    CJNE A, #0F0H, SCAN_ROW_0
  627:	  039F	74 FF		    MOV A, #0FFH
  628:	  03A1	22		    RET
  629:	  03A2			SCAN_ROW_0:
  630:	  03A2	75 90 FE	    MOV P1, #0FEH
  631:	  03A5	E5 90		    MOV A, P1
  632:	  03A7	30 E4 42	    JNB ACC.4, GOT_KEY_1
  633:	  03AA	30 E5 42	    JNB ACC.5, GOT_KEY_2
  634:	  03AD	30 E6 42	    JNB ACC.6, GOT_KEY_3
  635:	  03B0	30 E7 54	    JNB ACC.7, GOT_KEY_A
  636:	  03B3			SCAN_ROW_1:
  637:	  03B3	75 90 FD	    MOV P1, #0FDH
  638:	  03B6	E5 90		    MOV A, P1
  639:	  03B8	30 E4 3A	    JNB ACC.4, GOT_KEY_4
  640:	  03BB	30 E5 3A	    JNB ACC.5, GOT_KEY_5
  641:	  03BE	30 E6 3A	    JNB ACC.6, GOT_KEY_6
  642:	  03C1	30 E7 46	    JNB ACC.7, GOT_KEY_B
  643:	  03C4			SCAN_ROW_2:
  644:	  03C4	75 90 FB	    MOV P1, #0FBH
  645:	  03C7	E5 90		    MOV A, P1
  646:	  03C9	30 E4 32	    JNB ACC.4, GOT_KEY_7
  647:	  03CC	30 E5 32	    JNB ACC.5, GOT_KEY_8
  648:	  03CF	30 E6 32	    JNB ACC.6, GOT_KEY_9
  649:	  03D2	30 E7 38	    JNB ACC.7, GOT_KEY_C
  650:	  03D5			SCAN_ROW_3:
  651:	  03D5	75 90 F7	    MOV P1, #0F7H
  652:	  03D8	E5 90		    MOV A, P1
  653:	  03DA	30 E4 36	    JNB ACC.4, GOT_KEY_STAR
  654:	  03DD	30 E5 09	    JNB ACC.5, GOT_KEY_0
  655:	  03E0	30 E6 33	    JNB ACC.6, GOT_KEY_HASH
  656:	  03E3	30 E7 2A	    JNB ACC.7, GOT_KEY_D
  657:	  03E6	74 FF		    MOV A, #0FFH
  658:	  03E8	22		    RET
  659:	  03E9	74 00		GOT_KEY_0:     MOV A, #00H

ASEM-51 V1.3                                        Copyright (c) 2002 by W.W. Heinz                                         PAGE 13



 Line  I  Addr  Code            Source

  660:	  03EB	22		               RET
  661:	  03EC	74 01		GOT_KEY_1:     MOV A, #01H
  662:	  03EE	22		               RET
  663:	  03EF	74 02		GOT_KEY_2:     MOV A, #02H
  664:	  03F1	22		               RET
  665:	  03F2	74 03		GOT_KEY_3:     MOV A, #03H
  666:	  03F4	22		               RET
  667:	  03F5	74 04		GOT_KEY_4:     MOV A, #04H
  668:	  03F7	22		               RET
  669:	  03F8	74 05		GOT_KEY_5:     MOV A, #05H
  670:	  03FA	22		               RET
  671:	  03FB	74 06		GOT_KEY_6:     MOV A, #06H
  672:	  03FD	22		               RET
  673:	  03FE	74 07		GOT_KEY_7:     MOV A, #07H
  674:	  0400	22		               RET
  675:	  0401	74 08		GOT_KEY_8:     MOV A, #08H
  676:	  0403	22		               RET
  677:	  0404	74 09		GOT_KEY_9:     MOV A, #09H
  678:	  0406	22		               RET
  679:	  0407	74 0A		GOT_KEY_A:     MOV A, #0AH
  680:	  0409	22		               RET
  681:	  040A	74 0B		GOT_KEY_B:     MOV A, #0BH
  682:	  040C	22		               RET
  683:	  040D	74 0C		GOT_KEY_C:     MOV A, #0CH
  684:	  040F	22		               RET
  685:	  0410	74 0D		GOT_KEY_D:     MOV A, #0DH
  686:	  0412	22		               RET
  687:	  0413	74 0E		GOT_KEY_STAR:  MOV A, #0EH
  688:	  0415	22		               RET
  689:	  0416	74 0F		GOT_KEY_HASH:  MOV A, #0FH
  690:	  0418	22		               RET
  691:
  692:	  0419			WAIT_KEY_RELEASE:
  693:	  0419	75 90 F0	    MOV P1, #0F0H
  694:	  041C	E5 90		    MOV A, P1
  695:	  041E	54 F0		    ANL A, #0F0H
  696:	  0420	B4 F0 F6	    CJNE A, #0F0H, WAIT_KEY_RELEASE
  697:	  0423	12 04 27	    LCALL DEBOUNCE_DELAY
  698:	  0426	22		    RET
  699:
  700:	  0427			DEBOUNCE_DELAY:
  701:	  0427	78 14		    MOV R0, #20
  702:	  0429			DEBOUNCE_OUTER:
  703:	  0429	79 FF		    MOV R1, #255
  704:	  042B	D9 FE		    DJNZ R1, $
  705:	  042D	D8 FA		    DJNZ R0, DEBOUNCE_OUTER
  706:	  042F	22		    RET
  707:
  708:				; ==============================
  709:				; ACCUMULATOR & INPUT FORMATTING
  710:				; ==============================
  711:	  0430			ACCUMULATE_BINARY:
  712:	  0430	F5 30		    MOV DIGIT_TMP, A
  713:	  0432	BF 00 11	    CJNE R7, #00H, BINARY_OP2
  714:	  0435	E5 45		    MOV A, OP1_BITS
  715:	  0437	B4 08 00	    CJNE A, #08H, $ + 3

ASEM-51 V1.3                                        Copyright (c) 2002 by W.W. Heinz                                         PAGE 14



 Line  I  Addr  Code            Source

  716:	  043A	50 1B		    JNC BINARY_TOO_LONG
  717:	  043C	EB		    MOV A, R3
  718:	  043D	23		    RL A
  719:	  043E	45 30		    ORL A, DIGIT_TMP
  720:	  0440	FB		    MOV R3, A
  721:	  0441	7A 00		    MOV R2, #00H
  722:	  0443	05 45		    INC OP1_BITS
  723:	  0445	22		    RET
  724:	  0446			BINARY_OP2:
  725:	  0446	E5 46		    MOV A, OP2_BITS
  726:	  0448	B4 08 00	    CJNE A, #08H, $ + 3
  727:	  044B	50 0A		    JNC BINARY_TOO_LONG
  728:	  044D	ED		    MOV A, R5
  729:	  044E	23		    RL A
  730:	  044F	45 30		    ORL A, DIGIT_TMP
  731:	  0451	FD		    MOV R5, A
  732:	  0452	7C 00		    MOV R4, #00H
  733:	  0454	05 46		    INC OP2_BITS
  734:	  0456	22		    RET
  735:	  0457			BINARY_TOO_LONG:
  736:	  0457	75 41 08	    MOV ERROR_CODE, #08H
  737:	  045A	02 06 C8	    LJMP SET_ERROR
  738:
  739:	  045D			ACCUMULATE_DIGIT:
  740:	  045D	F5 30		    MOV DIGIT_TMP, A
  741:	  045F	BF 00 1C	    CJNE R7, #00H, ACC_OP2
  742:	  0462	8A 31		    MOV TMP_H, R2
  743:	  0464	8B 32		    MOV TMP_L, R3
  744:	  0466	12 04 9A	    LCALL MUL10_TMP_CHECK
  745:	  0469	40 52		    JC INPUT_TOO_LARGE
  746:	  046B	E5 32		    MOV A, TMP_L
  747:	  046D	25 30		    ADD A, DIGIT_TMP
  748:	  046F	F5 32		    MOV TMP_L, A
  749:	  0471	E5 31		    MOV A, TMP_H
  750:	  0473	34 00		    ADDC A, #00H
  751:	  0475	40 46		    JC INPUT_TOO_LARGE
  752:	  0477	F5 31		    MOV TMP_H, A
  753:	  0479	AA 31		    MOV R2, TMP_H
  754:	  047B	AB 32		    MOV R3, TMP_L
  755:	  047D	22		    RET
  756:	  047E			ACC_OP2:
  757:	  047E	8C 31		    MOV TMP_H, R4
  758:	  0480	8D 32		    MOV TMP_L, R5
  759:	  0482	12 04 9A	    LCALL MUL10_TMP_CHECK
  760:	  0485	40 36		    JC INPUT_TOO_LARGE
  761:	  0487	E5 32		    MOV A, TMP_L
  762:	  0489	25 30		    ADD A, DIGIT_TMP
  763:	  048B	F5 32		    MOV TMP_L, A
  764:	  048D	E5 31		    MOV A, TMP_H
  765:	  048F	34 00		    ADDC A, #00H
  766:	  0491	40 2A		    JC INPUT_TOO_LARGE
  767:	  0493	F5 31		    MOV TMP_H, A
  768:	  0495	AC 31		    MOV R4, TMP_H
  769:	  0497	AD 32		    MOV R5, TMP_L
  770:	  0499	22		    RET
  771:

ASEM-51 V1.3                                        Copyright (c) 2002 by W.W. Heinz                                         PAGE 15



 Line  I  Addr  Code            Source

  772:	  049A			MUL10_TMP_CHECK:
  773:	  049A	E5 32		    MOV A, TMP_L
  774:	  049C	75 F0 0A	    MOV B, #10
  775:	  049F	A4		    MUL AB
  776:	  04A0	F5 32		    MOV TMP_L, A
  777:	  04A2	85 F0 36	    MOV REM_L, B
  778:	  04A5	E5 31		    MOV A, TMP_H
  779:	  04A7	75 F0 0A	    MOV B, #10
  780:	  04AA	A4		    MUL AB
  781:	  04AB	F5 31		    MOV TMP_H, A
  782:	  04AD	E5 F0		    MOV A, B
  783:	  04AF	70 0A		    JNZ MUL10_OVERFLOW
  784:	  04B1	E5 31		    MOV A, TMP_H
  785:	  04B3	25 36		    ADD A, REM_L
  786:	  04B5	F5 31		    MOV TMP_H, A
  787:	  04B7	40 02		    JC MUL10_OVERFLOW
  788:	  04B9	C3		    CLR C
  789:	  04BA	22		    RET
  790:	  04BB			MUL10_OVERFLOW:
  791:	  04BB	D3		    SETB C
  792:	  04BC	22		    RET
  793:	  04BD			INPUT_TOO_LARGE:
  794:	  04BD	75 41 04	    MOV ERROR_CODE, #04H
  795:	  04C0	02 06 C8	    LJMP SET_ERROR
  796:
  797:				; ==============================
  798:				; 		ALU DISPATCHER
  799:				; ==============================
  800:	  04C3			EXECUTE_MATH:
  801:	  04C3	EE		    MOV A, R6
  802:	  04C4	60 0E		    JZ NO_OPERATOR_SELECTED
  803:	  04C6	B4 0C 00	    CJNE A, #0CH, $ + 3
  804:	  04C9	50 09		    JNC NO_OPERATOR_SELECTED
  805:	  04CB	14		    DEC A
  806:	  04CC	75 F0 03	    MOV B, #03H
  807:	  04CF	A4		    MUL AB
  808:	  04D0	90 04 D5	    MOV DPTR, #ALU_JUMP_TABLE
  809:	  04D3	73		    JMP @A+DPTR
  810:	  04D4			NO_OPERATOR_SELECTED:
  811:	  04D4	22		    RET
  812:
  813:	  04D5			ALU_JUMP_TABLE:
  814:	  04D5	02 04 F6	    LJMP MATH_ADD
  815:	  04D8	02 05 23	    LJMP MATH_SUB
  816:	  04DB	02 05 52	    LJMP MATH_MUL
  817:	  04DE	02 05 C3	    LJMP MATH_DIV
  818:	  04E1	02 06 31	    LJMP LOGIC_AND
  819:	  04E4	02 06 37	    LJMP LOGIC_OR
  820:	  04E7	02 06 3D	    LJMP LOGIC_XOR
  821:	  04EA	02 06 43	    LJMP LOGIC_NOT
  822:	  04ED	02 06 49	    LJMP MATH_SQUARE
  823:	  04F0	02 06 53	    LJMP MATH_POWER
  824:	  04F3	02 06 7F	    LJMP MATH_SQRT
  825:
  826:				; ==============================
  827:				; 		MODE 1: ARITHMETIC

ASEM-51 V1.3                                        Copyright (c) 2002 by W.W. Heinz                                         PAGE 16



 Line  I  Addr  Code            Source

  828:				; ==============================
  829:	  04F6			MATH_ADD:
  830:	  04F6	20 02 0C	    JB 20H.2, ADD_TO_NEGATIVE_ANS
  831:	  04F9	EB		    MOV A, R3
  832:	  04FA	2D		    ADD A, R5
  833:	  04FB	FB		    MOV R3, A
  834:	  04FC	EA		    MOV A, R2
  835:	  04FD	3C		    ADDC A, R4
  836:	  04FE	FA		    MOV R2, A
  837:	  04FF	50 03		    JNC ADD_OK
  838:	  0501	02 06 BC	    LJMP ARITH_OVERFLOW
  839:	  0504			ADD_OK:
  840:	  0504	22		    RET
  841:	  0505			ADD_TO_NEGATIVE_ANS:
  842:	  0505	EC		    MOV A, R4
  843:	  0506	C3		    CLR C
  844:	  0507	9A		    SUBB A, R2
  845:	  0508	40 11		    JC ADD_NEG_MAG_LARGER
  846:	  050A	70 05		    JNZ ADD_POS_MAG_LARGER
  847:	  050C	ED		    MOV A, R5
  848:	  050D	C3		    CLR C
  849:	  050E	9B		    SUBB A, R3
  850:	  050F	40 0A		    JC ADD_NEG_MAG_LARGER
  851:	  0511			ADD_POS_MAG_LARGER:
  852:	  0511	C3		    CLR C
  853:	  0512	ED		    MOV A, R5
  854:	  0513	9B		    SUBB A, R3
  855:	  0514	FB		    MOV R3, A
  856:	  0515	EC		    MOV A, R4
  857:	  0516	9A		    SUBB A, R2
  858:	  0517	FA		    MOV R2, A
  859:	  0518	C2 02		    CLR 20H.2
  860:	  051A	22		    RET
  861:	  051B			ADD_NEG_MAG_LARGER:
  862:	  051B	C3		    CLR C
  863:	  051C	EB		    MOV A, R3
  864:	  051D	9D		    SUBB A, R5
  865:	  051E	FB		    MOV R3, A
  866:	  051F	EA		    MOV A, R2
  867:	  0520	9C		    SUBB A, R4
  868:	  0521	FA		    MOV R2, A
  869:	  0522	22		    RET
  870:
  871:	  0523			MATH_SUB:
  872:	  0523	20 02 20	    JB 20H.2, SUB_FROM_NEGATIVE_ANS
  873:	  0526	EA		    MOV A, R2
  874:	  0527	C3		    CLR C
  875:	  0528	9C		    SUBB A, R4
  876:	  0529	40 11		    JC SUB_RESULT_NEGATIVE
  877:	  052B	70 05		    JNZ SUB_RESULT_POSITIVE
  878:	  052D	EB		    MOV A, R3
  879:	  052E	C3		    CLR C
  880:	  052F	9D		    SUBB A, R5
  881:	  0530	40 0A		    JC SUB_RESULT_NEGATIVE
  882:	  0532			SUB_RESULT_POSITIVE:
  883:	  0532	C3		    CLR C

ASEM-51 V1.3                                        Copyright (c) 2002 by W.W. Heinz                                         PAGE 17



 Line  I  Addr  Code            Source

  884:	  0533	EB		    MOV A, R3
  885:	  0534	9D		    SUBB A, R5
  886:	  0535	FB		    MOV R3, A
  887:	  0536	EA		    MOV A, R2
  888:	  0537	9C		    SUBB A, R4
  889:	  0538	FA		    MOV R2, A
  890:	  0539	C2 02		    CLR 20H.2
  891:	  053B	22		    RET
  892:	  053C			SUB_RESULT_NEGATIVE:
  893:	  053C	C3		    CLR C
  894:	  053D	ED		    MOV A, R5
  895:	  053E	9B		    SUBB A, R3
  896:	  053F	FB		    MOV R3, A
  897:	  0540	EC		    MOV A, R4
  898:	  0541	9A		    SUBB A, R2
  899:	  0542	FA		    MOV R2, A
  900:	  0543	D2 02		    SETB 20H.2
  901:	  0545	22		    RET
  902:	  0546			SUB_FROM_NEGATIVE_ANS:
  903:	  0546	EB		    MOV A, R3
  904:	  0547	2D		    ADD A, R5
  905:	  0548	FB		    MOV R3, A
  906:	  0549	EA		    MOV A, R2
  907:	  054A	3C		    ADDC A, R4
  908:	  054B	FA		    MOV R2, A
  909:	  054C	50 03		    JNC SUB_NEG_OK
  910:	  054E	02 06 BC	    LJMP ARITH_OVERFLOW
  911:	  0551			SUB_NEG_OK:
  912:	  0551	22		    RET
  913:
  914:	  0552			MATH_MUL:
  915:	  0552	8B 37		    MOV MC0, R3
  916:	  0554	8A 38		    MOV MC1, R2
  917:	  0556	75 39 00	    MOV MC2, #00H
  918:	  0559	75 3A 00	    MOV MC3, #00H
  919:	  055C	8D 3F		    MOV MUL0, R5
  920:	  055E	8C 40		    MOV MUL1, R4
  921:	  0560	75 3B 00	    MOV PROD0, #00H
  922:	  0563	75 3C 00	    MOV PROD1, #00H
  923:	  0566	75 3D 00	    MOV PROD2, #00H
  924:	  0569	75 3E 00	    MOV PROD3, #00H
  925:	  056C	78 10		    MOV R0, #16
  926:	  056E			MUL16_LOOP:
  927:	  056E	E5 3F		    MOV A, MUL0
  928:	  0570	54 01		    ANL A, #01H
  929:	  0572	60 19		    JZ MUL16_NO_ADD
  930:	  0574	C3		    CLR C
  931:	  0575	E5 3B		    MOV A, PROD0
  932:	  0577	25 37		    ADD A, MC0
  933:	  0579	F5 3B		    MOV PROD0, A
  934:	  057B	E5 3C		    MOV A, PROD1
  935:	  057D	35 38		    ADDC A, MC1
  936:	  057F	F5 3C		    MOV PROD1, A
  937:	  0581	E5 3D		    MOV A, PROD2
  938:	  0583	35 39		    ADDC A, MC2
  939:	  0585	F5 3D		    MOV PROD2, A

ASEM-51 V1.3                                        Copyright (c) 2002 by W.W. Heinz                                         PAGE 18



 Line  I  Addr  Code            Source

  940:	  0587	E5 3E		    MOV A, PROD3
  941:	  0589	35 3A		    ADDC A, MC3
  942:	  058B	F5 3E		    MOV PROD3, A
  943:	  058D			MUL16_NO_ADD:
  944:	  058D	C3		    CLR C
  945:	  058E	E5 37		    MOV A, MC0
  946:	  0590	33		    RLC A
  947:	  0591	F5 37		    MOV MC0, A
  948:	  0593	E5 38		    MOV A, MC1
  949:	  0595	33		    RLC A
  950:	  0596	F5 38		    MOV MC1, A
  951:	  0598	E5 39		    MOV A, MC2
  952:	  059A	33		    RLC A
  953:	  059B	F5 39		    MOV MC2, A
  954:	  059D	E5 3A		    MOV A, MC3
  955:	  059F	33		    RLC A
  956:	  05A0	F5 3A		    MOV MC3, A
  957:	  05A2	C3		    CLR C
  958:	  05A3	E5 40		    MOV A, MUL1
  959:	  05A5	13		    RRC A
  960:	  05A6	F5 40		    MOV MUL1, A
  961:	  05A8	E5 3F		    MOV A, MUL0
  962:	  05AA	13		    RRC A
  963:	  05AB	F5 3F		    MOV MUL0, A
  964:	  05AD	D8 BF		    DJNZ R0, MUL16_LOOP
  965:	  05AF	E5 3D		    MOV A, PROD2
  966:	  05B1	45 3E		    ORL A, PROD3
  967:	  05B3	60 03		    JZ MUL16_VALID
  968:	  05B5	02 06 BC	    LJMP ARITH_OVERFLOW
  969:	  05B8			MUL16_VALID:
  970:	  05B8	AA 3C		    MOV R2, PROD1
  971:	  05BA	AB 3B		    MOV R3, PROD0
  972:	  05BC	EA		    MOV A, R2
  973:	  05BD	4B		    ORL A, R3
  974:	  05BE	70 02		    JNZ MUL16_KEEP_SIGN
  975:	  05C0	C2 02		    CLR 20H.2
  976:	  05C2			MUL16_KEEP_SIGN:
  977:	  05C2	22		    RET
  978:
  979:	  05C3			MATH_DIV:
  980:	  05C3	EC		    MOV A, R4
  981:	  05C4	4D		    ORL A, R5
  982:	  05C5	70 03		    JNZ DIVISOR_VALID
  983:	  05C7	02 06 C2	    LJMP DIVIDE_BY_ZERO
  984:	  05CA			DIVISOR_VALID:
  985:	  05CA	8A 31		    MOV TMP_H, R2
  986:	  05CC	8B 32		    MOV TMP_L, R3
  987:	  05CE	75 33 00	    MOV QUO_H, #00H
  988:	  05D1	75 34 00	    MOV QUO_L, #00H
  989:	  05D4	75 35 00	    MOV REM_H, #00H
  990:	  05D7	75 36 00	    MOV REM_L, #00H
  991:	  05DA	78 10		    MOV R0, #16
  992:	  05DC			DIV16_LOOP:
  993:	  05DC	C3		    CLR C
  994:	  05DD	E5 32		    MOV A, TMP_L
  995:	  05DF	33		    RLC A

ASEM-51 V1.3                                        Copyright (c) 2002 by W.W. Heinz                                         PAGE 19



 Line  I  Addr  Code            Source

  996:	  05E0	F5 32		    MOV TMP_L, A
  997:	  05E2	E5 31		    MOV A, TMP_H
  998:	  05E4	33		    RLC A
  999:	  05E5	F5 31		    MOV TMP_H, A
 1000:	  05E7	E5 36		    MOV A, REM_L
 1001:	  05E9	33		    RLC A
 1002:	  05EA	F5 36		    MOV REM_L, A
 1003:	  05EC	E5 35		    MOV A, REM_H
 1004:	  05EE	33		    RLC A
 1005:	  05EF	F5 35		    MOV REM_H, A
 1006:	  05F1	75 42 00	    MOV DIV_OVER, #00H
 1007:	  05F4	50 03		    JNC DIV16_NO_REM_OVER
 1008:	  05F6	75 42 01	    MOV DIV_OVER, #01H
 1009:	  05F9			DIV16_NO_REM_OVER:
 1010:	  05F9	C3		    CLR C
 1011:	  05FA	E5 34		    MOV A, QUO_L
 1012:	  05FC	33		    RLC A
 1013:	  05FD	F5 34		    MOV QUO_L, A
 1014:	  05FF	E5 33		    MOV A, QUO_H
 1015:	  0601	33		    RLC A
 1016:	  0602	F5 33		    MOV QUO_H, A
 1017:	  0604	E5 42		    MOV A, DIV_OVER
 1018:	  0606	70 0E		    JNZ DIV16_SUBTRACT
 1019:	  0608	E5 35		    MOV A, REM_H
 1020:	  060A	C3		    CLR C
 1021:	  060B	9C		    SUBB A, R4
 1022:	  060C	40 16		    JC DIV16_LESS
 1023:	  060E	70 06		    JNZ DIV16_SUBTRACT
 1024:	  0610	E5 36		    MOV A, REM_L
 1025:	  0612	C3		    CLR C
 1026:	  0613	9D		    SUBB A, R5
 1027:	  0614	40 0E		    JC DIV16_LESS
 1028:	  0616			DIV16_SUBTRACT:
 1029:	  0616	C3		    CLR C
 1030:	  0617	E5 36		    MOV A, REM_L
 1031:	  0619	9D		    SUBB A, R5
 1032:	  061A	F5 36		    MOV REM_L, A
 1033:	  061C	E5 35		    MOV A, REM_H
 1034:	  061E	9C		    SUBB A, R4
 1035:	  061F	F5 35		    MOV REM_H, A
 1036:	  0621	43 34 01	    ORL QUO_L, #01H
 1037:	  0624			DIV16_LESS:
 1038:	  0624	D8 B6		    DJNZ R0, DIV16_LOOP
 1039:	  0626	AA 33		    MOV R2, QUO_H
 1040:	  0628	AB 34		    MOV R3, QUO_L
 1041:	  062A	EA		    MOV A, R2
 1042:	  062B	4B		    ORL A, R3
 1043:	  062C	70 02		    JNZ DIV16_KEEP_SIGN
 1044:	  062E	C2 02		    CLR 20H.2
 1045:	  0630			DIV16_KEEP_SIGN:
 1046:	  0630	22		    RET
 1047:
 1048:				; ==============================
 1049:				; 		MODE 2: LOGIC
 1050:				; ==============================
 1051:	  0631			LOGIC_AND:

ASEM-51 V1.3                                        Copyright (c) 2002 by W.W. Heinz                                         PAGE 20



 Line  I  Addr  Code            Source

 1052:	  0631	EB		    MOV A, R3
 1053:	  0632	5D		    ANL A, R5
 1054:	  0633	FB		    MOV R3, A
 1055:	  0634	7A 00		    MOV R2, #00H
 1056:	  0636	22		    RET
 1057:	  0637			LOGIC_OR:
 1058:	  0637	EB		    MOV A, R3
 1059:	  0638	4D		    ORL A, R5
 1060:	  0639	FB		    MOV R3, A
 1061:	  063A	7A 00		    MOV R2, #00H
 1062:	  063C	22		    RET
 1063:	  063D			LOGIC_XOR:
 1064:	  063D	EB		    MOV A, R3
 1065:	  063E	6D		    XRL A, R5
 1066:	  063F	FB		    MOV R3, A
 1067:	  0640	7A 00		    MOV R2, #00H
 1068:	  0642	22		    RET
 1069:	  0643			LOGIC_NOT:
 1070:	  0643	EB		    MOV A, R3
 1071:	  0644	F4		    CPL A
 1072:	  0645	FB		    MOV R3, A
 1073:	  0646	7A 00		    MOV R2, #00H
 1074:	  0648	22		    RET
 1075:
 1076:				; ==============================
 1077:				; 		MODE 3: ADVANCE
 1078:				; ==============================
 1079:	  0649			MATH_SQUARE:
 1080:	  0649	EA		    MOV A, R2
 1081:	  064A	FC		    MOV R4, A
 1082:	  064B	EB		    MOV A, R3
 1083:	  064C	FD		    MOV R5, A
 1084:	  064D	C2 02		    CLR 20H.2
 1085:	  064F	12 05 52	    LCALL MATH_MUL
 1086:	  0652	22		    RET
 1087:
 1088:	  0653			MATH_POWER:
 1089:	  0653	EC		    MOV A, R4
 1090:	  0654	4D		    ORL A, R5
 1091:	  0655	70 05		    JNZ POWER_START
 1092:	  0657	7A 00		    MOV R2, #00H
 1093:	  0659	7B 01		    MOV R3, #01H
 1094:	  065B	22		    RET
 1095:	  065C			POWER_START:
 1096:	  065C	8A 48		    MOV 48H, R2
 1097:	  065E	8B 49		    MOV 49H, R3
 1098:	  0660			POWER_LOOP:
 1099:	  0660	EC		    MOV A, R4
 1100:	  0661	4D		    ORL A, R5
 1101:	  0662	14		    DEC A
 1102:	  0663	60 19		    JZ POWER_DONE
 1103:	  0665	ED		    MOV A, R5
 1104:	  0666	70 01		    JNZ P_DEC_L
 1105:	  0668	1C		    DEC R4
 1106:	  0669			P_DEC_L:
 1107:	  0669	1D		    DEC R5

ASEM-51 V1.3                                        Copyright (c) 2002 by W.W. Heinz                                         PAGE 21



 Line  I  Addr  Code            Source

 1108:	  066A	C0 04		    PUSH 04H
 1109:	  066C	C0 05		    PUSH 05H
 1110:	  066E	AC 48		    MOV R4, 48H
 1111:	  0670	AD 49		    MOV R5, 49H
 1112:	  0672	12 05 52	    LCALL MATH_MUL
 1113:	  0675	D0 05		    POP 05H
 1114:	  0677	D0 04		    POP 04H
 1115:	  0679	20 00 02	    JB 20H.0, POWER_DONE
 1116:	  067C	80 E2		    SJMP POWER_LOOP
 1117:	  067E			POWER_DONE:
 1118:	  067E	22		    RET
 1119:
 1120:	  067F			MATH_SQRT:
 1121:	  067F	8A 48		    MOV 48H, R2                 ; High byte of input
 1122:	  0681	8B 49		    MOV 49H, R3                 ; Low byte of input
 1123:
 1124:				    ; Check if input is zero
 1125:	  0683	E5 48		    MOV A, 48H
 1126:	  0685	45 49		    ORL A, 49H
 1127:	  0687	70 05		    JNZ SQRT_START
 1128:	  0689	7A 00		    MOV R2, #00H
 1129:	  068B	7B 00		    MOV R3, #00H
 1130:	  068D	22		    RET
 1131:
 1132:	  068E			SQRT_START:
 1133:	  068E	78 00		    MOV R0, #00H
 1134:
 1135:	  0690			SQRT_LOOP:
 1136:	  0690	08		    INC R0
 1137:	  0691	E8		    MOV A, R0
 1138:	  0692	88 F0		    MOV B, R0
 1139:	  0694	A4		    MUL AB                      ; B = High byte, A = Low byte
 1140:	  0695	AC F0		    MOV R4, B                   ; R4 = Square High
 1141:	  0697	FD		    MOV R5, A                   ; R5 = Square Low
 1142:
 1143:				    ; 16-bit subtraction: Target (48H:49H) - Square (R4:R5)
 1144:	  0698	C3		    CLR C
 1145:	  0699	E5 49		    MOV A, 49H
 1146:	  069B	9D		    SUBB A, R5                  ; Low byte subtract
 1147:	  069C	E5 48		    MOV A, 48H
 1148:	  069E	9C		    SUBB A, R4                  ; High byte subtract with carry
 1149:	  069F	40 0C		    JC SQRT_OVERSHOOT           ; Borrow set -> Square > Target
 1150:	  06A1	E5 48			MOV A, 48H
 1151:	  06A3	6C		    XRL A, R4
 1152:	  06A4	70 EA		    JNZ SQRT_LOOP               ; High byte > 0 -> Target > Square, continue
 1153:	  06A6	E5 49			MOV A, 49H
 1154:	  06A8	6D		    XRL A, R5
 1155:	  06A9	70 E5		    JNZ SQRT_LOOP
 1156:	  06AB	80 08		    SJMP SQRT_EXACT             ; Perfect match!
 1157:
 1158:	  06AD			SQRT_OVERSHOOT:
 1159:	  06AD	18		    DEC R0                      ; Step back to largest integer root
 1160:	  06AE	7A 00			MOV R2, #00H
 1161:	  06B0	E8			MOV A, R0
 1162:	  06B1	FB		    MOV R3, A
 1163:	  06B2	C2 02		    CLR 20H.2

ASEM-51 V1.3                                        Copyright (c) 2002 by W.W. Heinz                                         PAGE 22



 Line  I  Addr  Code            Source

 1164:	  06B4	22			RET
 1165:
 1166:	  06B5			SQRT_EXACT:
 1167:	  06B5	7A 00		    MOV R2, #00H
 1168:	  06B7	E8			MOV A, R0
 1169:	  06B8	FB		    MOV R3, A
 1170:	  06B9	C2 02		    CLR 20H.2                   ; Positive result
 1171:	  06BB	22		    RET
 1172:
 1173:				; ==============================
 1174:				; 		ERROR DETECTION
 1175:				; ==============================
 1176:	  06BC			ARITH_OVERFLOW:
 1177:	  06BC	75 41 01	    MOV ERROR_CODE, #01H
 1178:	  06BF	02 06 C8	    LJMP SET_ERROR
 1179:	  06C2			DIVIDE_BY_ZERO:
 1180:	  06C2	75 41 03	    MOV ERROR_CODE, #03H
 1181:	  06C5	02 06 C8	    LJMP SET_ERROR
 1182:	  06C8			SET_ERROR:
 1183:	  06C8	D2 00		    SETB 20H.0
 1184:	  06CA	22		    RET
 1185:
 1186:				    END
 1187:





                     register banks used:  ---

                     no errors




ASEM-51 V1.3                                        Copyright (c) 2002 by W.W. Heinz                                         PAGE 23





	       L I S T   O F   S Y M B O L S
	       =============================


SYMBOL				  TYPE     VALUE	LINE
------------------------------------------------------------
??ASEM_51			  NUMBER    8051
??VERSION			  NUMBER    0130
AC				  BIT	      D6
ACC				  DATA	      E0
ACCUMULATE_BINARY		  CODE	    0430	 711
ACCUMULATE_DIGIT		  CODE	    045D	 739
ACC_OP2				  CODE	    047E	 756
ACTIVE_MODE_KEY			  CODE	    0040	 107
ADDITIONAL_UNKNOWN		  CODE	    011A	 221
ADD_NEG_MAG_LARGER		  CODE	    051B	 861
ADD_OK				  CODE	    0504	 839
ADD_POS_MAG_LARGER		  CODE	    0511	 851
ADD_TO_NEGATIVE_ANS		  CODE	    0505	 841
ADV_CHK_B			  CODE	    0158	 258
ADV_CHK_C			  CODE	    0164	 265
ADV_CHK_D			  CODE	    0170	 272
ALU_JUMP_TABLE			  CODE	    04D5	 813
ARITH_OVERFLOW			  CODE	    06BC	1176
B				  DATA	      F0
BACKSPACE_DONE			  CODE	    0214	 394
BACKSPACE_OP1_CHECK		  CODE	    01EA	 363
BACKSPACE_OPERATOR		  CODE	    01DA	 349
BINARY_OP2			  CODE	    0446	 724
BINARY_TOO_LONG			  CODE	    0457	 735
CALC_LOOP			  CODE	    0019	  85
CHECK_ACTUAL_CLEAR		  CODE	    006D	 128
CHECK_BIT_COUNT_ECHO		  CODE	    00BF	 172
CHECK_CLEAR_KEY			  CODE	    0050	 115
CHECK_DIGIT			  CODE	    007A	 135
CHECK_DIGIT_LOCK		  CODE	    008B	 143
CHECK_DIGIT_RESULT		  CODE	    00A8	 159
CHECK_LOGIC_MODE		  CODE	    0139	 241
CHECK_MODE_OPERATOR		  CODE	    00F7	 202
CHECK_OP2_STATE			  CODE	    01B3	 321
CHECK_OPERATOR			  CODE	    00CD	 181
CHECK_SCROLL_RIGHT		  CODE	    0062	 123
CHK_ADV_B			  CODE	    010B	 212
CHK_ADV_C			  CODE	    0110	 215
CHK_ADV_D			  CODE	    0115	 218
CLEAR_CURRENT			  CODE	    02A3	 483
CY				  BIT	      D7
DEBOUNCE_DELAY			  CODE	    0427	 700
DEBOUNCE_OUTER			  CODE	    0429	 702
DECODE_ADV_MODE			  CODE	    014A	 250
DECODE_MODE_OPERATOR		  CODE	    0126	 229
DIGIT_ENTRY_READY		  CODE	    0097	 149
DIGIT_ERROR			  CODE	    00B8	 168
DIGIT_NOT_LOCKED		  CODE	    0091	 146
DIGIT_TMP			  NUMBER    0030	  40
DIV10_BS_LESS			  CODE	    0247	 430

ASEM-51 V1.3                                        Copyright (c) 2002 by W.W. Heinz                                         PAGE 24



SYMBOL				  TYPE     VALUE	LINE
------------------------------------------------------------
DIV10_BS_LOOP			  CODE	    0220	 406
DIV16_KEEP_SIGN			  CODE	    0630	1045
DIV16_LESS			  CODE	    0624	1037
DIV16_LOOP			  CODE	    05DC	 992
DIV16_NO_REM_OVER		  CODE	    05F9	1009
DIV16_SUBTRACT			  CODE	    0616	1028
DIVIDE_BY_ZERO			  CODE	    06C2	1179
DIVISOR_VALID			  CODE	    05CA	 984
DIV_OVER			  NUMBER    0042	  58
DIV_TMP_BY_10			  CODE	    0215	 401
DO_BACKSPACE			  CODE	    0025	  91
DPH				  DATA	      83
DPL				  DATA	      82
EA				  BIT	      AF
ECHO_EXCEEDED_DIGIT		  CODE	    00C2	 174
EQUALS_SHOW_ERROR		  CODE	    00F1	 198
ERROR_CODE			  NUMBER    0041	  57
ES				  BIT	      AC
ET0				  BIT	      A9
ET1				  BIT	      AB
EV_ANS				  NUMBER    00E6	  31
EV_BACKSPACE			  NUMBER    00EA	  35
EV_CLEAR			  NUMBER    00E4	  29
EV_CREDITS			  NUMBER    00CB	  19
EV_EQUALS			  NUMBER    00E7	  32
EV_ERROR			  NUMBER    00D2	  23
EV_MENU				  NUMBER    00E5	  30
EV_MODE_ADV			  NUMBER    00E3	  28
EV_MODE_AR			  NUMBER    00E1	  26
EV_MODE_LOG			  NUMBER    00E2	  27
EV_OP_ADD			  NUMBER    00C0	   8
EV_OP_AND			  NUMBER    00C4	  12
EV_OP_BASE			  NUMBER    00BF	  20
EV_OP_DIV			  NUMBER    00C3	  11
EV_OP_MUL			  NUMBER    00C2	  10
EV_OP_NOT			  NUMBER    00C7	  15
EV_OP_OR			  NUMBER    00C5	  13
EV_OP_POWER			  NUMBER    00C9	  17
EV_OP_SQRT			  NUMBER    00CA	  18
EV_OP_SQUARE			  NUMBER    00C8	  16
EV_OP_SUB			  NUMBER    00C1	   9
EV_OP_XOR			  NUMBER    00C6	  14
EV_RESULT_BIN			  NUMBER    00D1	  22
EV_RESULT_DEC			  NUMBER    00D0	  21
EV_RESULT_FRAC			  NUMBER    00D3	  24
EV_SCROLL_LEFT			  NUMBER    00E8	  33
EV_SCROLL_RIGHT			  NUMBER    00E9	  34
EV_STARTUP			  NUMBER    00E0	  25
EX0				  BIT	      A8
EX1				  BIT	      AA
EXECUTE_MATH			  CODE	    04C3	 800
EXTI0				  CODE	    0003
EXTI1				  CODE	    0013
F0				  BIT	      D5
GOT_KEY_0			  CODE	    03E9	 659
GOT_KEY_1			  CODE	    03EC	 661

ASEM-51 V1.3                                        Copyright (c) 2002 by W.W. Heinz                                         PAGE 25



SYMBOL				  TYPE     VALUE	LINE
------------------------------------------------------------
GOT_KEY_2			  CODE	    03EF	 663
GOT_KEY_3			  CODE	    03F2	 665
GOT_KEY_4			  CODE	    03F5	 667
GOT_KEY_5			  CODE	    03F8	 669
GOT_KEY_6			  CODE	    03FB	 671
GOT_KEY_7			  CODE	    03FE	 673
GOT_KEY_8			  CODE	    0401	 675
GOT_KEY_9			  CODE	    0404	 677
GOT_KEY_A			  CODE	    0407	 679
GOT_KEY_B			  CODE	    040A	 681
GOT_KEY_C			  CODE	    040D	 683
GOT_KEY_D			  CODE	    0410	 685
GOT_KEY_HASH			  CODE	    0416	 689
GOT_KEY_STAR			  CODE	    0413	 687
HANDLE_BACKSPACE		  CODE	    0199	 299
HASH_EXECUTE			  CODE	    00D8	 187
IE				  DATA	      A8
IE0				  BIT	      89
IE1				  BIT	      8B
IGNORE_BINARY_DIGIT		  CODE	    00B5	 166
INPUT_TOO_LARGE			  CODE	    04BD	 793
INT0				  BIT	      B2
INT1				  BIT	      B3
IP				  DATA	      B8
IT0				  BIT	      88
IT1				  BIT	      8A
KEYPAD_SCAN			  CODE	    0385	 614
KEY_FOUND			  CODE	    0392	 621
LOGIC_AND			  CODE	    0631	1051
LOGIC_BINARY_OPERATOR		  CODE	    017E	 280
LOGIC_NOT			  CODE	    0643	1069
LOGIC_OR			  CODE	    0637	1057
LOGIC_XOR			  CODE	    063D	1063
MAIN				  CODE	    0003	  75
MATH_ADD			  CODE	    04F6	 829
MATH_DIV			  CODE	    05C3	 979
MATH_MUL			  CODE	    0552	 914
MATH_POWER			  CODE	    0653	1088
MATH_SQRT			  CODE	    067F	1120
MATH_SQUARE			  CODE	    0649	1079
MATH_SUB			  CODE	    0523	 871
MC0				  NUMBER    0037	  47
MC1				  NUMBER    0038	  48
MC2				  NUMBER    0039	  49
MC3				  NUMBER    003A	  50
MODE				  NUMBER    0044	  59
MODE_OPERATOR_IN_RANGE		  CODE	    00FF	 206
MODE_SELECTED			  CODE	    029A	 476
MUL0				  NUMBER    003F	  55
MUL1				  NUMBER    0040	  56
MUL10_OVERFLOW			  CODE	    04BB	 790
MUL10_TMP_CHECK			  CODE	    049A	 772
MUL16_KEEP_SIGN			  CODE	    05C2	 976
MUL16_LOOP			  CODE	    056E	 926
MUL16_NO_ADD			  CODE	    058D	 943
MUL16_VALID			  CODE	    05B8	 969

ASEM-51 V1.3                                        Copyright (c) 2002 by W.W. Heinz                                         PAGE 26



SYMBOL				  TYPE     VALUE	LINE
------------------------------------------------------------
NEXT_OPERAND			  CODE	    018D	 291
NO_OPERATOR_SELECTED		  CODE	    04D4	 810
OP1_BITS			  NUMBER    0045	  60
OP1_DECIMAL_BS			  CODE	    01FE	 380
OP2_BITS			  NUMBER    0046	  61
OP2_DECIMAL_BS			  CODE	    01C7	 338
OP_BS_NO_DIGIT			  CODE	    01E6	 359
OV				  BIT	      D2
P				  BIT	      D0
P0				  DATA	      80
P1				  DATA	      90
P2				  DATA	      A0
P3				  DATA	      B0
PCON				  DATA	      87
POWER_DONE			  CODE	    067E	1117
POWER_LOOP			  CODE	    0660	1098
POWER_START			  CODE	    065C	1095
PREPARE_ANS_DONE		  CODE	    02CE	 505
PREPARE_ANS_EXPRESSION		  CODE	    02AE	 491
PREPARE_MODE_OPERATOR		  CODE	    011D	 224
PREPARE_OPERATOR_CHECK_BINARY	  CODE	    02DE	 515
PREPARE_OPERATOR_DONE		  CODE	    02F3	 527
PREPARE_OPERATOR_ENTRY		  CODE	    02CF	 508
PREPARE_OPERATOR_ERROR		  CODE	    02F0	 525
PREPARE_OPERATOR_EXECUTE_CHAIN	  CODE	    02E4	 518
PREPARE_OPERATOR_USE_ANS	  CODE	    02EC	 522
PROCESS_KEY			  CODE	    002B	  95
PROD0				  NUMBER    003B	  51
PROD1				  NUMBER    003C	  52
PROD2				  NUMBER    003D	  53
PROD3				  NUMBER    003E	  54
PS				  BIT	      BC
PSW				  DATA	      D0
PT0				  BIT	      B9
PT1				  BIT	      BB
PX0				  BIT	      B8
PX1				  BIT	      BA
P_DEC_L				  CODE	    0669	1106
QUO_H				  NUMBER    0033	  43
QUO_L				  NUMBER    0034	  44
RB8				  BIT	      9A
RD				  BIT	      B7
REM_H				  NUMBER    0035	  45
REM_L				  NUMBER    0036	  46
REN				  BIT	      9C
RESET				  CODE	    0000
RESET_STATE			  CODE	    0250	 439
RI				  BIT	      98
RS0				  BIT	      D3
RS1				  BIT	      D4
RXD				  BIT	      B0
SBUF				  DATA	      99
SCAN_ROW_0			  CODE	    03A2	 629
SCAN_ROW_1			  CODE	    03B3	 636
SCAN_ROW_2			  CODE	    03C4	 643
SCAN_ROW_3			  CODE	    03D5	 650

ASEM-51 V1.3                                        Copyright (c) 2002 by W.W. Heinz                                         PAGE 27



SYMBOL				  TYPE     VALUE	LINE
------------------------------------------------------------
SCON				  DATA	      98
SELECT_MODE			  CODE	    027B	 462
SELECT_MODE_2			  CODE	    0286	 467
SELECT_MODE_3			  CODE	    0291	 472
SELECT_MODE_DONE		  CODE	    02A2	 480
SEND_BACKSPACE_EVENT		  CODE	    020F	 390
SEND_BYTE			  CODE	    030D	 545
SEND_DECIMAL_RESULT		  CODE	    033D	 573
SEND_DIGIT_ERROR		  CODE	    00C7	 177
SEND_ERROR			  CODE	    0325	 560
SEND_FRACTION_SIGN		  CODE	    0352	 584
SEND_PLAIN_DECIMAL		  CODE	    036F	 598
SEND_RESULT			  CODE	    032F	 566
SEND_RESULT_SIGN		  CODE	    037A	 604
SEND_WAIT_ACK			  CODE	    0318	 552
SEND_WAIT_TX			  CODE	    0313	 549
SET_ERROR			  CODE	    06C8	1182
SHOW_MODE_MENU			  CODE	    0270	 456
SINT				  CODE	    0023
SM0				  BIT	      9F
SM1				  BIT	      9E
SM2				  BIT	      9D
SP				  DATA	      81
SQRT_EXACT			  CODE	    06B5	1166
SQRT_LOOP			  CODE	    0690	1135
SQRT_OVERSHOOT			  CODE	    06AD	1158
SQRT_START			  CODE	    068E	1132
START_NEW_ENTRY			  CODE	    02AB	 488
STORE_DECIMAL_DIGIT		  CODE	    00A3	 156
SUB_FROM_NEGATIVE_ANS		  CODE	    0546	 902
SUB_NEG_OK			  CODE	    0551	 911
SUB_RESULT_NEGATIVE		  CODE	    053C	 892
SUB_RESULT_POSITIVE		  CODE	    0532	 882
T0				  BIT	      B4
T1				  BIT	      B5
TB8				  BIT	      9B
TCON				  DATA	      88
TF0				  BIT	      8D
TF1				  BIT	      8F
TH0				  DATA	      8C
TH1				  DATA	      8D
TI				  BIT	      99
TIMER0				  CODE	    000B
TIMER1				  CODE	    001B
TL0				  DATA	      8A
TL1				  DATA	      8B
TMOD				  DATA	      89
TMP_H				  NUMBER    0031	  41
TMP_L				  NUMBER    0032	  42
TR0				  BIT	      8C
TR1				  BIT	      8E
TXD				  BIT	      B1
TX_BYTE				  NUMBER    0047	  62
UART_INIT			  CODE	    02F4	 533
UNARY_BS_NO_DIGIT		  CODE	    01AF	 317
UNARY_PENDING			  CODE	    0194	 295

ASEM-51 V1.3                                        Copyright (c) 2002 by W.W. Heinz                                         PAGE 28



SYMBOL				  TYPE     VALUE	LINE
------------------------------------------------------------
UNKNOWN_KEY			  CODE	    018A	 289
WAIT_KEY_RELEASE		  CODE	    0419	 692
WR				  BIT	      B6
