
ASEM-51 V1.3                                         Copyright (c) 2002 by W.W. Heinz                                         PAGE 1





       MCS-51 Family Macro Assembler   A S E M - 5 1   V 1.3
       =====================================================



	Source File:	DISPLAY V9.asm
	Object File:	DISPLAY V9.hex
	List File:	DISPLAY V9.lst



 Line  I  Addr  Code            Source

    1:				; 8051 CALCULATOR V3 - DISPLAY CONTROLLER, UART TWO-WIRE LINK
    2:				; Controller 2 owns the 16x2 LCD and all presentation formatting.
    3:				; Receives semantic events and result/error data from process controller.
    4:
    5:		N      00C0	EV_OP_ADD      EQU 0C0H
    6:		N      00C1	EV_OP_SUB      EQU 0C1H
    7:		N      00C2	EV_OP_MUL      EQU 0C2H
    8:		N      00C3	EV_OP_DIV      EQU 0C3H
    9:		N      00C4	EV_OP_AND      EQU 0C4H
   10:		N      00C5	EV_OP_OR       EQU 0C5H
   11:		N      00C6	EV_OP_XOR      EQU 0C6H
   12:		N      00C7	EV_OP_NOT      EQU 0C7H
   13:		N      00C8	EV_OP_SQUARE   EQU 0C8H
   14:		N      00C9	EV_OP_POWER    EQU 0C9H
   15:		N      00CA	EV_OP_SQRT     EQU 0CAH
   16:		N      00CB	EV_CREDITS     EQU 0CBH         ; NEW: Credits screen trigger
   17:
   18:		N      00D0	EV_RESULT_DEC  EQU 0D0H
   19:		N      00D1	EV_RESULT_BIN  EQU 0D1H
   20:		N      00D2	EV_ERROR       EQU 0D2H
   21:		N      00D3	EV_RESULT_FRAC EQU 0D3H
   22:		N      00E0	EV_STARTUP     EQU 0E0H
   23:		N      00E1	EV_MODE_AR     EQU 0E1H
   24:		N      00E2	EV_MODE_LOG    EQU 0E2H
   25:		N      00E3	EV_MODE_ADV    EQU 0E3H
   26:		N      00E4	EV_CLEAR       EQU 0E4H
   27:		N      00E5	EV_MENU        EQU 0E5H
   28:		N      00E6	EV_ANS         EQU 0E6H
   29:		N      00E7	EV_EQUALS      EQU 0E7H
   30:		N      00E8	EV_SCROLL_LEFT EQU 0E8H
   31:		N      00E9	EV_SCROLL_RIGHT EQU 0E9H
   32:		N      00EA	EV_BACKSPACE	EQU 0EAH
   33:
   34:		N      0030	RX_BYTE       EQU 30H
   35:		N      0031	DISPLAY_MODE  EQU 31H           ; 0 menu, 1 arithmetic, 2 logical, 3 additional
   36:		N      0032	RESULT_H      EQU 32H
   37:		N      0033	RESULT_L      EQU 33H
   38:		N      0034	TMP_H         EQU 34H
   39:		N      0035	TMP_L         EQU 35H
   40:		N      0036	QUO_H         EQU 36H
   41:		N      0037	QUO_L         EQU 37H
   42:		N      0038	REM_L         EQU 38H
   43:		N      0039	DIGIT_COUNT   EQU 39H

ASEM-51 V1.3                                         Copyright (c) 2002 by W.W. Heinz                                         PAGE 2



 Line  I  Addr  Code            Source

   44:		N      003A	BIT_TEMP      EQU 3AH
   45:		N      003B	FRAC_REM_H    EQU 3BH
   46:		N      003C	FRAC_REM_L    EQU 3CH
   47:		N      003D	FRAC_DEN_H    EQU 3DH
   48:		N      003E	FRAC_DEN_L    EQU 3EH
   49:		N      003F	TOTAL_WIDTH   EQU 3FH
   50:		N      0040	EXPR_BUF      EQU 40H            ; 18-byte complete logical expression
   51:		N      0052	EXPR_LEN      EQU 52H
   52:		N      0053	EXPR_VIEW     EQU 53H            ; First character shown on LCD line 1
   53:		N      0054	LAST_CHAR_LEN EQU 54H        ; Tracks width of last printed symbol (1 or 2)
   54:		N      0055	MODE_SCROLL_OFFSET EQU 55H   ; 0-15 start position in repeated mode title
   55:		N      0056	INPUT_CURSOR_ADDR EQU 56H    ; Restore line-1 cursor after line-2 animation
   56:		N      0057	CREDIT_SCROLL_OFFSET EQU 57H ; 0-15 start position in repeated developer name
   57:		N      0058	CREDIT_NAME_INDEX EQU 58H    ; Developer name 0-3
   58:		N      0059	CREDIT_FRAME_COUNT EQU 59H   ; Frames remaining before advancing the name
   59:		N      0012	EXPR_MAX      EQU 12H            ; 8 bits + operator + 8 bits + equals
   60:		N      0080	LCD_LINE1     EQU 080H
   61:		N      00C0	LCD_LINE2     EQU 0C0H
   62:		N      0010	LCD_WIDTH     EQU 10H
   63:				; 20H.0 = received decimal result is negative
   64:				; 20H.1 = last expression character is a replaceable binary operator
   65:				; 20H.2 = abort credits delay flag
   66:				; 20H.3 = equation cursor should be visible after a mode-title redraw
   67:				; 20H.4 = mode-title marquee is active
   68:
   69:		N      0000	    ORG 0000H
   70:	  0000	02 00 03	    LJMP MAIN
   71:
   72:	  0003			MAIN:
   73:	  0003	75 81 5F	    MOV SP, #5FH
   74:	  0006	75 90 00	    MOV P1, #00H
   75:	  0009	D2 B0		    SETB P3.0
   76:	  000B	D2 B1		    SETB P3.1
   77:	  000D	75 A0 00	    MOV P2, #00H
   78:	  0010	75 31 00	    MOV DISPLAY_MODE, #00H
   79:	  0013	75 55 00	    MOV MODE_SCROLL_OFFSET, #00H
   80:	  0016	75 56 80	    MOV INPUT_CURSOR_ADDR, #LCD_LINE1
   81:	  0019	C2 00		    CLR 20H.0
   82:	  001B	C2 01		    CLR 20H.1
   83:	  001D	C2 02		    CLR 20H.2
   84:	  001F	C2 03		    CLR 20H.3
   85:	  0021	C2 04		    CLR 20H.4
   86:	  0023	12 02 3A	    LCALL UART_INIT
   87:	  0026	12 06 C9	    LCALL LCD_POWER_DELAY
   88:	  0029	12 06 49	    LCALL LCD_INIT
   89:	  002C	12 06 70	    LCALL LCD_DEFINE_CORNER
   90:	  002F	12 02 69	    LCALL SHOW_STARTUP
   91:
   92:	  0032			DISPLAY_LOOP:
   93:	  0032	20 98 0E	    JB RI, DISPLAY_HAVE_BYTE
   94:	  0035	30 04 FA	    JNB 20H.4, DISPLAY_LOOP
   95:	  0038	12 07 07	    LCALL MODE_SCROLL_DELAY
   96:	  003B	20 98 F4	    JB RI, DISPLAY_LOOP
   97:	  003E	12 02 CA	    LCALL MODE_SCROLL_STEP
   98:	  0041	80 EF		    SJMP DISPLAY_LOOP
   99:

ASEM-51 V1.3                                         Copyright (c) 2002 by W.W. Heinz                                         PAGE 3



 Line  I  Addr  Code            Source

  100:	  0043			DISPLAY_HAVE_BYTE:
  101:	  0043	12 02 53	    LCALL RECEIVE_BYTE
  102:	  0046	F5 30		    MOV RX_BYTE, A
  103:
  104:	  0048	B4 0A 00	    CJNE A, #0AH, $ + 3
  105:	  004B	50 22		    JNC CHECK_EVENT_STARTUP
  106:	  004D	24 30		    ADD A, #30H
  107:	  004F	F5 30		    MOV RX_BYTE, A
  108:	  0051	E5 31		    MOV A, DISPLAY_MODE
  109:	  0053	B4 02 0A	    CJNE A, #02H, DISPLAY_DECIMAL_DIGIT
  110:	  0056	C2 01		    CLR 20H.1
  111:	  0058	E5 30		    MOV A, RX_BYTE
  112:	  005A	12 03 C4	    LCALL LOGIC_APPEND_CHAR
  113:	  005D	02 00 32	    LJMP DISPLAY_LOOP
  114:	  0060			DISPLAY_DECIMAL_DIGIT:
  115:	  0060	C2 01		    CLR 20H.1
  116:	  0062	75 54 01		MOV LAST_CHAR_LEN, #01H   ; 1 LCD character
  117:	  0065	E5 30		    MOV A, RX_BYTE
  118:	  0067	12 06 8B	    LCALL LCD_DATA
  119:	  006A	05 56		    INC INPUT_CURSOR_ADDR
  120:	  006C	02 00 32	    LJMP DISPLAY_LOOP
  121:
  122:	  006F			CHECK_EVENT_STARTUP:
  123:	  006F	E5 30		    MOV A, RX_BYTE
  124:	  0071	B4 E0 06	    CJNE A, #EV_STARTUP, CHECK_EVENT_MODE_AR
  125:	  0074	12 02 69	    LCALL SHOW_STARTUP
  126:	  0077	02 00 32	    LJMP DISPLAY_LOOP
  127:	  007A			CHECK_EVENT_MODE_AR:
  128:	  007A	B4 E1 09	    CJNE A, #EV_MODE_AR, CHECK_EVENT_MODE_LOG
  129:	  007D	75 31 01	    MOV DISPLAY_MODE, #01H
  130:	  0080	12 02 A9	    LCALL SHOW_MODE_STATUS
  131:	  0083	02 00 32	    LJMP DISPLAY_LOOP
  132:	  0086			CHECK_EVENT_MODE_LOG:
  133:	  0086	B4 E2 09	    CJNE A, #EV_MODE_LOG, CHECK_EVENT_MODE_ADD
  134:	  0089	75 31 02	    MOV DISPLAY_MODE, #02H
  135:	  008C	12 02 A9	    LCALL SHOW_MODE_STATUS
  136:	  008F	02 00 32	    LJMP DISPLAY_LOOP
  137:	  0092			CHECK_EVENT_MODE_ADD:
  138:	  0092	B4 E3 09	    CJNE A, #EV_MODE_ADV, CHECK_EVENT_CLEAR
  139:	  0095	75 31 03	    MOV DISPLAY_MODE, #03H
  140:	  0098	12 02 A9	    LCALL SHOW_MODE_STATUS
  141:	  009B	02 00 32	    LJMP DISPLAY_LOOP
  142:	  009E			CHECK_EVENT_CLEAR:
  143:	  009E	B4 E4 06	    CJNE A, #EV_CLEAR, CHECK_EVENT_MENU
  144:	  00A1	12 02 A9	    LCALL SHOW_MODE_STATUS
  145:	  00A4	02 00 32	    LJMP DISPLAY_LOOP
  146:	  00A7			CHECK_EVENT_MENU:
  147:	  00A7	B4 E5 06	    CJNE A, #EV_MENU, CHECK_EVENT_ANS
  148:	  00AA	12 02 85	    LCALL SHOW_MODE_MENU
  149:	  00AD	02 00 32	    LJMP DISPLAY_LOOP
  150:	  00B0			CHECK_EVENT_ANS:
  151:	  00B0	B4 E6 06	    CJNE A, #EV_ANS, CHECK_EVENT_EQUALS
  152:	  00B3	12 03 15	    LCALL SHOW_ANS_EXPRESSION
  153:	  00B6	02 00 32	    LJMP DISPLAY_LOOP
  154:	  00B9			CHECK_EVENT_EQUALS:
  155:	  00B9	B4 E7 1F	    CJNE A, #EV_EQUALS, CHECK_EVENT_SCROLL_LEFT

ASEM-51 V1.3                                         Copyright (c) 2002 by W.W. Heinz                                         PAGE 4



 Line  I  Addr  Code            Source

  156:	  00BC	C2 01		    CLR 20H.1
  157:	  00BE	74 3D		    MOV A, #'='
  158:	  00C0	F5 30		    MOV RX_BYTE, A
  159:	  00C2	E5 31		    MOV A, DISPLAY_MODE
  160:	  00C4	B4 02 07	    CJNE A, #02H, DISPLAY_NORMAL_EQUALS
  161:	  00C7	E5 30		    MOV A, RX_BYTE
  162:	  00C9	12 03 C4	    LCALL LOGIC_APPEND_CHAR
  163:	  00CC	80 07		    SJMP EQUALS_CURSOR_OFF
  164:	  00CE			DISPLAY_NORMAL_EQUALS:
  165:	  00CE	E5 30		    MOV A, RX_BYTE
  166:	  00D0	12 06 8B	    LCALL LCD_DATA
  167:	  00D3	05 56		    INC INPUT_CURSOR_ADDR
  168:	  00D5			EQUALS_CURSOR_OFF:
  169:	  00D5	12 06 C2	    LCALL LCD_CURSOR_OFF
  170:	  00D8	02 00 32	    LJMP DISPLAY_LOOP
  171:	  00DB			CHECK_EVENT_SCROLL_LEFT:
  172:	  00DB	B4 E8 06	    CJNE A, #EV_SCROLL_LEFT, CHECK_EVENT_SCROLL_RIGHT
  173:	  00DE	12 03 F8	    LCALL LOGIC_SCROLL_LEFT
  174:	  00E1	02 00 32	    LJMP DISPLAY_LOOP
  175:	  00E4			CHECK_EVENT_SCROLL_RIGHT:
  176:	  00E4	B4 E9 06	    CJNE A, #EV_SCROLL_RIGHT, CHECK_EVENT_CREDITS
  177:	  00E7	12 04 0B	    LCALL LOGIC_SCROLL_RIGHT
  178:	  00EA	02 00 32	    LJMP DISPLAY_LOOP
  179:	  00ED			CHECK_EVENT_CREDITS:
  180:	  00ED	B4 CB 08	    CJNE A, #EV_CREDITS, CHECK_EVENT_BACKSPACE
  181:	  00F0	C2 04		    CLR 20H.4
  182:	  00F2	12 03 47	    LCALL SHOW_CREDITS
  183:	  00F5	02 00 32	    LJMP DISPLAY_LOOP
  184:	  00F8			CHECK_EVENT_BACKSPACE:
  185:	  00F8	B4 EA 06	    CJNE A, #EV_BACKSPACE, CHECK_EVENT_RESULT_DEC
  186:	  00FB	12 02 07	    LCALL HANDLE_LCD_BACKSPACE
  187:	  00FE	02 00 32	    LJMP DISPLAY_LOOP
  188:	  0101			CHECK_EVENT_RESULT_DEC:
  189:	  0101	B4 D0 0A	    CJNE A, #EV_RESULT_DEC, CHECK_EVENT_RESULT_BIN
  190:	  0104	C2 01		    CLR 20H.1
  191:	  0106	C2 04		    CLR 20H.4
  192:	  0108	12 04 61	    LCALL RECEIVE_DECIMAL_RESULT
  193:	  010B	02 00 32	    LJMP DISPLAY_LOOP
  194:	  010E			CHECK_EVENT_RESULT_BIN:
  195:	  010E	B4 D1 0F	    CJNE A, #EV_RESULT_BIN, CHECK_EVENT_ERROR
  196:	  0111	C2 01		    CLR 20H.1
  197:	  0113	C2 04		    CLR 20H.4
  198:	  0115	12 02 53	    LCALL RECEIVE_BYTE
  199:	  0118	F5 33		    MOV RESULT_L, A
  200:	  011A	12 04 D1	    LCALL LCD_PRINT_BIN8_RIGHT
  201:	  011D	02 00 32	    LJMP DISPLAY_LOOP
  202:	  0120			CHECK_EVENT_ERROR:
  203:	  0120	B4 D2 0D	    CJNE A, #EV_ERROR, CHECK_EVENT_RESULT_FRAC
  204:	  0123	C2 01		    CLR 20H.1
  205:	  0125	C2 04		    CLR 20H.4
  206:	  0127	12 02 53	    LCALL RECEIVE_BYTE
  207:	  012A	12 04 A1	    LCALL DISPLAY_ERROR
  208:	  012D	02 00 32	    LJMP DISPLAY_LOOP
  209:	  0130			CHECK_EVENT_RESULT_FRAC:
  210:	  0130	B4 D3 0A	    CJNE A, #EV_RESULT_FRAC, CHECK_EVENT_OPERATOR
  211:	  0133	C2 01		    CLR 20H.1

ASEM-51 V1.3                                         Copyright (c) 2002 by W.W. Heinz                                         PAGE 5



 Line  I  Addr  Code            Source

  212:	  0135	C2 04		    CLR 20H.4
  213:	  0137	12 04 77	    LCALL RECEIVE_FRACTION_RESULT
  214:	  013A	02 00 32	    LJMP DISPLAY_LOOP
  215:
  216:	  013D			CHECK_EVENT_OPERATOR:
  217:	  013D	E5 30		    MOV A, RX_BYTE
  218:	  013F	B4 C0 02	    CJNE A, #EV_OP_ADD, TRY_OP_SUB
  219:	  0142	80 35		    SJMP DISPLAY_OPERATOR
  220:	  0144			TRY_OP_SUB:
  221:	  0144	B4 C1 02	    CJNE A, #EV_OP_SUB, TRY_OP_MUL
  222:	  0147	80 30		    SJMP DISPLAY_OPERATOR
  223:	  0149			TRY_OP_MUL:
  224:	  0149	B4 C2 02	    CJNE A, #EV_OP_MUL, TRY_OP_DIV
  225:	  014C	80 2B		    SJMP DISPLAY_OPERATOR
  226:	  014E			TRY_OP_DIV:
  227:	  014E	B4 C3 02	    CJNE A, #EV_OP_DIV, TRY_OP_AND
  228:	  0151	80 26		    SJMP DISPLAY_OPERATOR
  229:	  0153			TRY_OP_AND:
  230:	  0153	B4 C4 02	    CJNE A, #EV_OP_AND, TRY_OP_OR
  231:	  0156	80 21		    SJMP DISPLAY_OPERATOR
  232:	  0158			TRY_OP_OR:
  233:	  0158	B4 C5 02	    CJNE A, #EV_OP_OR, TRY_OP_XOR
  234:	  015B	80 1C		    SJMP DISPLAY_OPERATOR
  235:	  015D			TRY_OP_XOR:
  236:	  015D	B4 C6 02	    CJNE A, #EV_OP_XOR, TRY_OP_NOT
  237:	  0160	80 17		    SJMP DISPLAY_OPERATOR
  238:	  0162			TRY_OP_NOT:
  239:	  0162	B4 C7 02	    CJNE A, #EV_OP_NOT, TRY_OP_SQUARE
  240:	  0165	80 12		    SJMP DISPLAY_OPERATOR
  241:	  0167			TRY_OP_SQUARE:
  242:	  0167	B4 C8 02	    CJNE A, #EV_OP_SQUARE, TRY_OP_POWER
  243:	  016A	80 0D		    SJMP DISPLAY_OPERATOR
  244:	  016C			TRY_OP_POWER:
  245:	  016C	B4 C9 02	    CJNE A, #EV_OP_POWER, TRY_OP_SQRT
  246:	  016F	80 08		    SJMP DISPLAY_OPERATOR
  247:	  0171			TRY_OP_SQRT:
  248:	  0171	B4 CA 02	    CJNE A, #EV_OP_SQRT, NOT_SQRT_OP
  249:	  0174	80 03		    SJMP DISPLAY_OPERATOR
  250:
  251:	  0176			NOT_SQRT_OP:
  252:	  0176	02 00 32		LJMP DISPLAY_LOOP
  253:
  254:	  0179			DISPLAY_OPERATOR:
  255:	  0179	E5 30		    MOV A, RX_BYTE
  256:	  017B	B4 C8 19	    CJNE A, #EV_OP_SQUARE, CHECK_OP_POWER
  257:	  017E	C2 01		    CLR 20H.1
  258:	  0180	75 54 02		MOV LAST_CHAR_LEN, #02H   ; Square outputs 2 characters (^2)
  259:	  0183	74 5E		    MOV A, #'^'
  260:	  0185	12 06 8B	    LCALL LCD_DATA
  261:	  0188	74 32		    MOV A, #'2'
  262:	  018A	12 06 8B	    LCALL LCD_DATA
  263:	  018D	05 56		    INC INPUT_CURSOR_ADDR
  264:	  018F	05 56		    INC INPUT_CURSOR_ADDR
  265:	  0191	12 06 C2	    LCALL LCD_CURSOR_OFF
  266:	  0194	02 00 32	    LJMP DISPLAY_LOOP
  267:	  0197			CHECK_OP_POWER:

ASEM-51 V1.3                                         Copyright (c) 2002 by W.W. Heinz                                         PAGE 6



 Line  I  Addr  Code            Source

  268:	  0197	B4 C9 08	    CJNE A, #EV_OP_POWER, CHECK_OP_SQRT
  269:	  019A	85 30 3A	    MOV BIT_TEMP, RX_BYTE
  270:	  019D	75 30 5E	    MOV RX_BYTE, #'^'
  271:	  01A0	80 21		    SJMP DISPLAY_ONE_COMMON
  272:	  01A2			CHECK_OP_SQRT:
  273:	  01A2	B4 CA 12	    CJNE A, #EV_OP_SQRT, DISPLAY_TABLE_OPERATOR
  274:	  01A5	C2 01		    CLR 20H.1
  275:	  01A7	75 54 01		MOV LAST_CHAR_LEN, #01H   ; SQRT outputs 1 character (v)
  276:	  01AA	74 76		    MOV A, #'v'
  277:	  01AC	12 06 8B	    LCALL LCD_DATA
  278:	  01AF	05 56		    INC INPUT_CURSOR_ADDR
  279:	  01B1	12 06 C2	    LCALL LCD_CURSOR_OFF
  280:	  01B4	02 00 32	    LJMP DISPLAY_LOOP
  281:	  01B7			DISPLAY_TABLE_OPERATOR:
  282:	  01B7	85 30 3A	    MOV BIT_TEMP, RX_BYTE
  283:	  01BA	C3		    CLR C
  284:	  01BB	94 C0		    SUBB A, #EV_OP_ADD
  285:	  01BD	90 07 20	    MOV DPTR, #OPERATOR_SYMBOLS
  286:	  01C0	93		    MOVC A, @A+DPTR
  287:	  01C1	F5 30		    MOV RX_BYTE, A
  288:	  01C3			DISPLAY_ONE_COMMON:
  289:	  01C3	75 54 01		MOV LAST_CHAR_LEN, #01H   ; Standard binary operators = 1 char
  290:	  01C6	30 01 18	    JNB 20H.1, DISPLAY_NEW_BINARY_OPERATOR
  291:	  01C9	E5 31		    MOV A, DISPLAY_MODE
  292:	  01CB	B4 02 07	    CJNE A, #02H, DISPLAY_REPLACE_NORMAL_OPERATOR
  293:	  01CE	E5 30		    MOV A, RX_BYTE
  294:	  01D0	12 03 E7	    LCALL LOGIC_REPLACE_LAST_CHAR
  295:	  01D3	80 21		    SJMP OPERATOR_CHARACTER_DONE
  296:	  01D5			DISPLAY_REPLACE_NORMAL_OPERATOR:
  297:	  01D5	74 10		    MOV A, #010H
  298:	  01D7	12 06 87	    LCALL LCD_CMD
  299:	  01DA	E5 30		    MOV A, RX_BYTE
  300:	  01DC	12 06 8B	    LCALL LCD_DATA
  301:	  01DF	80 15		    SJMP OPERATOR_CHARACTER_DONE
  302:	  01E1			DISPLAY_NEW_BINARY_OPERATOR:
  303:	  01E1	D2 01		    SETB 20H.1
  304:	  01E3			DISPLAY_APPEND_OPERATOR:
  305:	  01E3	E5 31		    MOV A, DISPLAY_MODE
  306:	  01E5	B4 02 07	    CJNE A, #02H, DISPLAY_NORMAL_OPERATOR
  307:	  01E8	E5 30		    MOV A, RX_BYTE
  308:	  01EA	12 03 C4	    LCALL LOGIC_APPEND_CHAR
  309:	  01ED	80 07		    SJMP OPERATOR_CHARACTER_DONE
  310:	  01EF			DISPLAY_NORMAL_OPERATOR:
  311:	  01EF	E5 30		    MOV A, RX_BYTE
  312:	  01F1	12 06 8B	    LCALL LCD_DATA
  313:	  01F4	05 56		    INC INPUT_CURSOR_ADDR
  314:	  01F6			OPERATOR_CHARACTER_DONE:
  315:	  01F6	E5 3A		    MOV A, BIT_TEMP
  316:	  01F8	B4 C7 06	    CJNE A, #EV_OP_NOT, DISPLAY_BINARY_CURSOR
  317:	  01FB	12 06 C2	    LCALL LCD_CURSOR_OFF
  318:	  01FE	02 00 32	    LJMP DISPLAY_LOOP
  319:	  0201			DISPLAY_BINARY_CURSOR:
  320:	  0201	12 06 BB	    LCALL LCD_CURSOR_ON
  321:	  0204			DISPLAY_LOOP_JUMP:
  322:	  0204	02 00 32	    LJMP DISPLAY_LOOP
  323:

ASEM-51 V1.3                                         Copyright (c) 2002 by W.W. Heinz                                         PAGE 7



 Line  I  Addr  Code            Source

  324:	  0207			HANDLE_LCD_BACKSPACE:
  325:	  0207	E5 31		    MOV A, DISPLAY_MODE
  326:	  0209	B4 02 0B	    CJNE A, #02H, LCD_BS_NORMAL
  327:
  328:				    ; --- MODE 2 (LOGIC) DISPLAY BACKSPACE ---
  329:	  020C	E5 52		    MOV A, EXPR_LEN
  330:	  020E	60 15		    JZ LCD_BS_DONE
  331:	  0210	15 52		    DEC EXPR_LEN
  332:	  0212	12 04 1E	    LCALL LOGIC_REDRAW
  333:	  0215	80 0E		    SJMP LCD_BS_DONE
  334:
  335:	  0217			LCD_BS_NORMAL:
  336:				    ; --- MODE 1 & 3 DISPLAY BACKSPACE ---
  337:	  0217	12 02 28	    LCALL ERASE_ONE_LCD_CHAR
  338:
  339:				    ; Check if last element was 2 characters wide (^2)
  340:	  021A	E5 54		    MOV A, LAST_CHAR_LEN
  341:	  021C	B4 02 03	    CJNE A, #02H, LCD_BS_RESTORE_CURSOR
  342:	  021F	12 02 28	    LCALL ERASE_ONE_LCD_CHAR    ; Erase second character slot ('^')
  343:
  344:	  0222			LCD_BS_RESTORE_CURSOR:
  345:	  0222	75 54 01	    MOV LAST_CHAR_LEN, #01H    ; Reset default width to 1
  346:	  0225			LCD_BS_DONE:
  347:	  0225	02 06 BB	    LJMP LCD_CURSOR_ON
  348:
  349:	  0228			ERASE_ONE_LCD_CHAR:
  350:	  0228	15 56		    DEC INPUT_CURSOR_ADDR
  351:	  022A	74 10		    MOV A, #010H                ; Move cursor left
  352:	  022C	12 06 87	    LCALL LCD_CMD
  353:	  022F	74 20		    MOV A, #' '                 ; Write blank space
  354:	  0231	12 06 8B	    LCALL LCD_DATA
  355:	  0234	74 10		    MOV A, #010H                ; Move cursor left again
  356:	  0236	12 06 87	    LCALL LCD_CMD
  357:	  0239	22		    RET
  358:
  359:				; HARDWARE UART RECEIVER AND ACK TRANSMITTER
  360:	  023A			UART_INIT:
  361:	  023A	53 89 0F	    ANL TMOD, #0FH
  362:	  023D	43 89 20	    ORL TMOD, #020H
  363:	  0240	53 87 7F	    ANL PCON, #07FH
  364:	  0243	75 8D FD	    MOV TH1, #0FDH
  365:	  0246	75 8B FD	    MOV TL1, #0FDH
  366:	  0249	75 98 50	    MOV SCON, #050H
  367:	  024C	C2 99		    CLR TI
  368:	  024E	C2 98		    CLR RI
  369:	  0250	D2 8E		    SETB TR1
  370:	  0252	22		    RET
  371:
  372:	  0253			RECEIVE_BYTE:
  373:	  0253			RECEIVE_WAIT_BYTE:
  374:	  0253	30 98 FD	    JNB RI, RECEIVE_WAIT_BYTE
  375:	  0256	E5 99		    MOV A, SBUF
  376:	  0258	C2 98		    CLR RI
  377:	  025A	F5 30		    MOV RX_BYTE, A
  378:	  025C	C2 99		    CLR TI
  379:	  025E	75 99 06	    MOV SBUF, #006H

ASEM-51 V1.3                                         Copyright (c) 2002 by W.W. Heinz                                         PAGE 8



 Line  I  Addr  Code            Source

  380:	  0261			RECEIVE_WAIT_ACK_SENT:
  381:	  0261	30 99 FD	    JNB TI, RECEIVE_WAIT_ACK_SENT
  382:	  0264	C2 99		    CLR TI
  383:	  0266	E5 30		    MOV A, RX_BYTE
  384:	  0268	22		    RET
  385:
  386:				; SCREEN STATES
  387:	  0269			SHOW_STARTUP:
  388:	  0269	75 31 00	    MOV DISPLAY_MODE, #00H
  389:	  026C	12 06 C2	    LCALL LCD_CURSOR_OFF
  390:	  026F	74 01		    MOV A, #01H
  391:	  0271	12 06 87	    LCALL LCD_CMD
  392:	  0274	74 C5		    MOV A, #0C5H
  393:	  0276	12 06 87	    LCALL LCD_CMD
  394:	  0279	90 07 28	    MOV DPTR, #STR_READY
  395:	  027C	12 06 9C	    LCALL LCD_PUTS
  396:	  027F	12 06 EE	    LCALL READY_DELAY
  397:	  0282	02 02 85	    LJMP SHOW_MODE_MENU
  398:
  399:	  0285			SHOW_MODE_MENU:
  400:	  0285	75 31 00	    MOV DISPLAY_MODE, #00H
  401:	  0288	C2 01		    CLR 20H.1
  402:	  028A	C2 04		    CLR 20H.4
  403:	  028C	12 03 BD	    LCALL LOGIC_BUFFER_RESET
  404:	  028F	12 06 C2	    LCALL LCD_CURSOR_OFF
  405:	  0292	74 01		    MOV A, #01H
  406:	  0294	12 06 87	    LCALL LCD_CMD
  407:	  0297	90 07 32	    MOV DPTR, #STR_SELECT_MODES
  408:	  029A	12 06 9C	    LCALL LCD_PUTS
  409:	  029D	74 C0		    MOV A, #LCD_LINE2
  410:	  029F	12 06 87	    LCALL LCD_CMD
  411:	  02A2	90 07 42	    MOV DPTR, #STR_MODE_MENU
  412:	  02A5	12 06 9C	    LCALL LCD_PUTS
  413:	  02A8	22		    RET
  414:
  415:	  02A9			SHOW_MODE_STATUS:
  416:	  02A9	E5 31		    MOV A, DISPLAY_MODE
  417:	  02AB	60 D8		    JZ SHOW_MODE_MENU
  418:	  02AD	C2 01		    CLR 20H.1
  419:	  02AF	12 03 BD	    LCALL LOGIC_BUFFER_RESET
  420:	  02B2	74 01		    MOV A, #01H
  421:	  02B4	12 06 87	    LCALL LCD_CMD
  422:	  02B7	75 55 00	    MOV MODE_SCROLL_OFFSET, #00H
  423:	  02BA	75 56 80	    MOV INPUT_CURSOR_ADDR, #LCD_LINE1
  424:	  02BD	D2 04		    SETB 20H.4
  425:	  02BF	12 02 CA	    LCALL MODE_SCROLL_STEP
  426:	  02C2	74 80		    MOV A, #LCD_LINE1
  427:	  02C4	12 06 87	    LCALL LCD_CMD
  428:	  02C7	02 06 BB	    LJMP LCD_CURSOR_ON
  429:
  430:				; RIGHT-SCROLLING MODE TITLES
  431:				; Each 16-character phrase is stored twice. Decreasing the start offset makes
  432:				; the visible 16-character window rotate one cell to the right.
  433:	  02CA			MODE_SCROLL_STEP:
  434:	  02CA	74 0C		    MOV A, #00CH               ; Hide cursor while line 2 is being redrawn
  435:	  02CC	12 06 87	    LCALL LCD_CMD

ASEM-51 V1.3                                         Copyright (c) 2002 by W.W. Heinz                                         PAGE 9



 Line  I  Addr  Code            Source

  436:	  02CF	E5 31		    MOV A, DISPLAY_MODE
  437:	  02D1	B4 01 05	    CJNE A, #01H, MODE_SCROLL_LOGICAL
  438:	  02D4	90 07 7B	    MOV DPTR, #SCROLL_ARITHMETIC
  439:	  02D7	80 0B		    SJMP MODE_SCROLL_TABLE_READY
  440:	  02D9			MODE_SCROLL_LOGICAL:
  441:	  02D9	B4 02 05	    CJNE A, #02H, MODE_SCROLL_ADVANCE
  442:	  02DC	90 07 9B	    MOV DPTR, #SCROLL_LOGICAL
  443:	  02DF	80 03		    SJMP MODE_SCROLL_TABLE_READY
  444:	  02E1			MODE_SCROLL_ADVANCE:
  445:	  02E1	90 07 BB	    MOV DPTR, #SCROLL_ADVANCE
  446:	  02E4			MODE_SCROLL_TABLE_READY:
  447:	  02E4	E5 82		    MOV A, DPL
  448:	  02E6	25 55		    ADD A, MODE_SCROLL_OFFSET
  449:	  02E8	F5 82		    MOV DPL, A
  450:	  02EA	E5 83		    MOV A, DPH
  451:	  02EC	34 00		    ADDC A, #00H
  452:	  02EE	F5 83		    MOV DPH, A
  453:	  02F0	74 C0		    MOV A, #LCD_LINE2
  454:	  02F2	12 06 87	    LCALL LCD_CMD
  455:	  02F5	78 10		    MOV R0, #LCD_WIDTH
  456:	  02F7			MODE_SCROLL_DRAW:
  457:	  02F7	E4		    CLR A
  458:	  02F8	93		    MOVC A, @A+DPTR
  459:	  02F9	12 06 8B	    LCALL LCD_DATA
  460:	  02FC	A3		    INC DPTR
  461:	  02FD	D8 F8		    DJNZ R0, MODE_SCROLL_DRAW
  462:	  02FF	15 55		    DEC MODE_SCROLL_OFFSET
  463:	  0301	E5 55		    MOV A, MODE_SCROLL_OFFSET
  464:	  0303	54 0F		    ANL A, #0FH
  465:	  0305	F5 55		    MOV MODE_SCROLL_OFFSET, A
  466:	  0307	E5 56		    MOV A, INPUT_CURSOR_ADDR
  467:	  0309	12 06 87	    LCALL LCD_CMD
  468:	  030C	30 03 05	    JNB 20H.3, MODE_SCROLL_CURSOR_DONE
  469:	  030F	74 0F		    MOV A, #00FH
  470:	  0311	12 06 87	    LCALL LCD_CMD
  471:	  0314			MODE_SCROLL_CURSOR_DONE:
  472:	  0314	22		    RET
  473:
  474:	  0315			SHOW_ANS_EXPRESSION:
  475:	  0315	C2 01		    CLR 20H.1
  476:	  0317	74 01		    MOV A, #01H
  477:	  0319	12 06 87	    LCALL LCD_CMD
  478:	  031C	E5 31		    MOV A, DISPLAY_MODE
  479:	  031E	B4 02 15	    CJNE A, #02H, SHOW_NORMAL_ANS
  480:	  0321	12 03 BD	    LCALL LOGIC_BUFFER_RESET
  481:	  0324	74 41		    MOV A, #'A'
  482:	  0326	12 03 C4	    LCALL LOGIC_APPEND_CHAR
  483:	  0329	74 4E		    MOV A, #'N'
  484:	  032B	12 03 C4	    LCALL LOGIC_APPEND_CHAR
  485:	  032E	74 53		    MOV A, #'S'
  486:	  0330	12 03 C4	    LCALL LOGIC_APPEND_CHAR
  487:	  0333	02 06 BB	    LJMP LCD_CURSOR_ON
  488:
  489:	  0336			SHOW_NORMAL_ANS:
  490:	  0336	74 80			MOV A, #LCD_LINE1
  491:	  0338	12 06 87		LCALL LCD_CMD

ASEM-51 V1.3                                        Copyright (c) 2002 by W.W. Heinz                                         PAGE 10



 Line  I  Addr  Code            Source

  492:	  033B	90 07 2E	    MOV DPTR, #STR_ANS
  493:	  033E	12 06 9C	    LCALL LCD_PUTS
  494:	  0341	75 56 83	    MOV INPUT_CURSOR_ADDR, #083H
  495:	  0344	02 06 BB	    LJMP LCD_CURSOR_ON
  496:
  497:				; DEVELOPER CREDITS SCREEN WITH RESPONSIVE DELAY
  498:	  0347			SHOW_CREDITS:
  499:	  0347	C2 02		    CLR 20H.2                   ; Clear UART abort flag
  500:	  0349	C2 04		    CLR 20H.4                   ; Stop the mode-title marquee
  501:	  034B	12 06 C2	    LCALL LCD_CURSOR_OFF
  502:	  034E	74 01		    MOV A, #01H                 ; Clear display
  503:	  0350	12 06 87	    LCALL LCD_CMD
  504:	  0353	74 80		    MOV A, #LCD_LINE1
  505:	  0355	12 06 87	    LCALL LCD_CMD
  506:	  0358	90 08 28	    MOV DPTR, #STR_DEV_BY
  507:	  035B	12 06 9C	    LCALL LCD_PUTS
  508:	  035E	75 58 00	    MOV CREDIT_NAME_INDEX, #00H
  509:
  510:	  0361			CREDITS_LOOP:
  511:				    ; Start at the centered name (offset 16), then move the window left through
  512:				    ; 16 leading spaces. Visually the name moves right and disappears without
  513:				    ; wrapping back in from the LCD's left edge.
  514:	  0361	75 57 10	    MOV CREDIT_SCROLL_OFFSET, #LCD_WIDTH
  515:	  0364	75 59 11	    MOV CREDIT_FRAME_COUNT, #11H ; Initial frame + 16 right-shift frames
  516:	  0367			CREDITS_FRAME_LOOP:
  517:	  0367	12 03 83	    LCALL CREDITS_SCROLL_STEP
  518:	  036A	12 07 07	    LCALL MODE_SCROLL_DELAY
  519:	  036D	20 98 0D	    JB RI, CREDITS_UART_PENDING
  520:	  0370	D5 59 F4	    DJNZ CREDIT_FRAME_COUNT, CREDITS_FRAME_LOOP
  521:	  0373	05 58		    INC CREDIT_NAME_INDEX
  522:	  0375	E5 58		    MOV A, CREDIT_NAME_INDEX
  523:	  0377	54 03		    ANL A, #03H                 ; After name 4, restart from name 1
  524:	  0379	F5 58		    MOV CREDIT_NAME_INDEX, A
  525:	  037B	80 E4		    SJMP CREDITS_LOOP
  526:
  527:	  037D			CREDITS_UART_PENDING:
  528:	  037D	D2 02		    SETB 20H.2
  529:
  530:	  037F			CREDITS_ABORT:
  531:	  037F	12 02 A9	    LCALL SHOW_MODE_STATUS
  532:	  0382	22		    RET
  533:
  534:	  0383			CREDITS_SCROLL_STEP:
  535:	  0383	E5 58		    MOV A, CREDIT_NAME_INDEX
  536:	  0385	60 15		    JZ CREDITS_SELECT_1
  537:	  0387	B4 01 05	    CJNE A, #01H, CREDITS_SELECT_3
  538:	  038A	90 08 87	    MOV DPTR, #SCROLL_DEV_2
  539:	  038D	80 10		    SJMP CREDITS_TABLE_READY
  540:	  038F			CREDITS_SELECT_3:
  541:	  038F	B4 02 05	    CJNE A, #02H, CREDITS_SELECT_4
  542:	  0392	90 08 A7	    MOV DPTR, #SCROLL_DEV_3
  543:	  0395	80 08		    SJMP CREDITS_TABLE_READY
  544:	  0397			CREDITS_SELECT_4:
  545:	  0397	90 08 C7	    MOV DPTR, #SCROLL_DEV_4
  546:	  039A	80 03		    SJMP CREDITS_TABLE_READY
  547:	  039C			CREDITS_SELECT_1:

ASEM-51 V1.3                                        Copyright (c) 2002 by W.W. Heinz                                         PAGE 11



 Line  I  Addr  Code            Source

  548:	  039C	90 08 67	    MOV DPTR, #SCROLL_DEV_1
  549:	  039F			CREDITS_TABLE_READY:
  550:	  039F	E5 82		    MOV A, DPL
  551:	  03A1	25 57		    ADD A, CREDIT_SCROLL_OFFSET
  552:	  03A3	F5 82		    MOV DPL, A
  553:	  03A5	E5 83		    MOV A, DPH
  554:	  03A7	34 00		    ADDC A, #00H
  555:	  03A9	F5 83		    MOV DPH, A
  556:	  03AB	74 C0		    MOV A, #LCD_LINE2
  557:	  03AD	12 06 87	    LCALL LCD_CMD
  558:	  03B0	78 10		    MOV R0, #LCD_WIDTH
  559:	  03B2			CREDITS_SCROLL_DRAW:
  560:	  03B2	E4		    CLR A
  561:	  03B3	93		    MOVC A, @A+DPTR
  562:	  03B4	12 06 8B	    LCALL LCD_DATA
  563:	  03B7	A3		    INC DPTR
  564:	  03B8	D8 F8		    DJNZ R0, CREDITS_SCROLL_DRAW
  565:	  03BA	15 57		    DEC CREDIT_SCROLL_OFFSET
  566:	  03BC	22		    RET
  567:
  568:				; LOGICAL EXPRESSION BUFFER AND 16-CHARACTER MANUAL WINDOW
  569:	  03BD			LOGIC_BUFFER_RESET:
  570:	  03BD	75 52 00	    MOV EXPR_LEN, #00H
  571:	  03C0	75 53 00	    MOV EXPR_VIEW, #00H
  572:	  03C3	22		    RET
  573:
  574:	  03C4			LOGIC_APPEND_CHAR:
  575:	  03C4	F5 30		    MOV RX_BYTE, A
  576:	  03C6	E5 52		    MOV A, EXPR_LEN
  577:	  03C8	B4 12 01	    CJNE A, #EXPR_MAX, LOGIC_APPEND_SPACE_AVAILABLE
  578:	  03CB	22		    RET
  579:	  03CC			LOGIC_APPEND_SPACE_AVAILABLE:
  580:	  03CC	78 40		    MOV R0, #EXPR_BUF
  581:	  03CE	28		    ADD A, R0
  582:	  03CF	F8		    MOV R0, A
  583:	  03D0	E5 30		    MOV A, RX_BYTE
  584:	  03D2	F6		    MOV @R0, A
  585:	  03D3	05 52		    INC EXPR_LEN
  586:	  03D5	E5 52		    MOV A, EXPR_LEN
  587:	  03D7	C3		    CLR C
  588:	  03D8	94 10		    SUBB A, #LCD_WIDTH
  589:	  03DA	40 06		    JC LOGIC_APPEND_FIRST_WINDOW
  590:	  03DC	60 04		    JZ LOGIC_APPEND_FIRST_WINDOW
  591:	  03DE	F5 53		    MOV EXPR_VIEW, A
  592:	  03E0	80 3C		    SJMP LOGIC_REDRAW
  593:	  03E2			LOGIC_APPEND_FIRST_WINDOW:
  594:	  03E2	75 53 00	    MOV EXPR_VIEW, #00H
  595:	  03E5	80 37		    SJMP LOGIC_REDRAW
  596:
  597:	  03E7			LOGIC_REPLACE_LAST_CHAR:
  598:	  03E7	F5 30		    MOV RX_BYTE, A
  599:	  03E9	E5 52		    MOV A, EXPR_LEN
  600:	  03EB	60 0A		    JZ LOGIC_REPLACE_DONE
  601:	  03ED	14		    DEC A
  602:	  03EE	24 40		    ADD A, #EXPR_BUF
  603:	  03F0	F8		    MOV R0, A

ASEM-51 V1.3                                        Copyright (c) 2002 by W.W. Heinz                                         PAGE 12



 Line  I  Addr  Code            Source

  604:	  03F1	E5 30		    MOV A, RX_BYTE
  605:	  03F3	F6		    MOV @R0, A
  606:	  03F4	12 04 1E	    LCALL LOGIC_REDRAW
  607:	  03F7			LOGIC_REPLACE_DONE:
  608:	  03F7	22		    RET
  609:
  610:	  03F8			LOGIC_SCROLL_LEFT:
  611:	  03F8	E5 31		    MOV A, DISPLAY_MODE
  612:	  03FA	B4 02 20	    CJNE A, #02H, LOGIC_SCROLL_DONE
  613:	  03FD	E5 52		    MOV A, EXPR_LEN
  614:	  03FF	C3		    CLR C
  615:	  0400	94 10		    SUBB A, #LCD_WIDTH
  616:	  0402	40 19		    JC LOGIC_SCROLL_DONE
  617:	  0404	60 17		    JZ LOGIC_SCROLL_DONE
  618:	  0406	75 53 00	    MOV EXPR_VIEW, #00H
  619:	  0409	80 13		    SJMP LOGIC_REDRAW
  620:
  621:	  040B			LOGIC_SCROLL_RIGHT:
  622:	  040B	E5 31		    MOV A, DISPLAY_MODE
  623:	  040D	B4 02 0D	    CJNE A, #02H, LOGIC_SCROLL_DONE
  624:	  0410	E5 52		    MOV A, EXPR_LEN
  625:	  0412	C3		    CLR C
  626:	  0413	94 10		    SUBB A, #LCD_WIDTH
  627:	  0415	40 06		    JC LOGIC_SCROLL_DONE
  628:	  0417	60 04		    JZ LOGIC_SCROLL_DONE
  629:	  0419	F5 53		    MOV EXPR_VIEW, A
  630:	  041B	80 01		    SJMP LOGIC_REDRAW
  631:	  041D			LOGIC_SCROLL_DONE:
  632:	  041D	22		    RET
  633:
  634:	  041E			LOGIC_REDRAW:
  635:	  041E	74 80		    MOV A, #LCD_LINE1
  636:	  0420	12 06 87	    LCALL LCD_CMD
  637:	  0423	78 40		    MOV R0, #EXPR_BUF
  638:	  0425	E5 53		    MOV A, EXPR_VIEW
  639:	  0427	28		    ADD A, R0
  640:	  0428	F8		    MOV R0, A
  641:	  0429	E5 52		    MOV A, EXPR_LEN
  642:	  042B	C3		    CLR C
  643:	  042C	95 53		    SUBB A, EXPR_VIEW
  644:	  042E	F9		    MOV R1, A
  645:	  042F	B4 10 02	    CJNE A, #LCD_WIDTH, LOGIC_VISIBLE_COMPARE
  646:	  0432	80 04		    SJMP LOGIC_VISIBLE_READY
  647:	  0434			LOGIC_VISIBLE_COMPARE:
  648:	  0434	40 02		    JC LOGIC_VISIBLE_READY
  649:	  0436	79 10		    MOV R1, #LCD_WIDTH
  650:	  0438			LOGIC_VISIBLE_READY:
  651:	  0438	89 30		    MOV RX_BYTE, R1
  652:	  043A	E9		    MOV A, R1
  653:	  043B	60 07		    JZ LOGIC_FILL_SPACES
  654:	  043D			LOGIC_DRAW_LOOP:
  655:	  043D	E6		    MOV A, @R0
  656:	  043E	12 06 8B	    LCALL LCD_DATA
  657:	  0441	08		    INC R0
  658:	  0442	D9 F9		    DJNZ R1, LOGIC_DRAW_LOOP
  659:	  0444			LOGIC_FILL_SPACES:

ASEM-51 V1.3                                        Copyright (c) 2002 by W.W. Heinz                                         PAGE 13



 Line  I  Addr  Code            Source

  660:	  0444	74 10		    MOV A, #LCD_WIDTH
  661:	  0446	C3		    CLR C
  662:	  0447	95 30		    SUBB A, RX_BYTE
  663:	  0449	F9		    MOV R1, A
  664:	  044A	E9		    MOV A, R1
  665:	  044B	60 07		    JZ LOGIC_POSITION_CURSOR
  666:	  044D			LOGIC_SPACE_LOOP:
  667:	  044D	74 20		    MOV A, #' '
  668:	  044F	12 06 8B	    LCALL LCD_DATA
  669:	  0452	D9 F9		    DJNZ R1, LOGIC_SPACE_LOOP
  670:	  0454			LOGIC_POSITION_CURSOR:
  671:	  0454	E5 30		    MOV A, RX_BYTE
  672:	  0456	B4 10 01	    CJNE A, #LCD_WIDTH, LOGIC_CURSOR_NOT_FULL
  673:	  0459	14		    DEC A
  674:	  045A			LOGIC_CURSOR_NOT_FULL:
  675:	  045A	24 80		    ADD A, #LCD_LINE1
  676:	  045C	F5 56		    MOV INPUT_CURSOR_ADDR, A
  677:	  045E	02 06 87	    LJMP LCD_CMD
  678:
  679:	  0461			RECEIVE_DECIMAL_RESULT:
  680:	  0461	12 02 53	    LCALL RECEIVE_BYTE
  681:	  0464	C2 00		    CLR 20H.0
  682:	  0466	60 02		    JZ RECEIVE_RESULT_MAGNITUDE
  683:	  0468	D2 00		    SETB 20H.0
  684:	  046A			RECEIVE_RESULT_MAGNITUDE:
  685:	  046A	12 02 53	    LCALL RECEIVE_BYTE
  686:	  046D	F5 32		    MOV RESULT_H, A
  687:	  046F	12 02 53	    LCALL RECEIVE_BYTE
  688:	  0472	F5 33		    MOV RESULT_L, A
  689:	  0474	02 04 FE	    LJMP LCD_PRINT_U16_RIGHT
  690:
  691:	  0477			RECEIVE_FRACTION_RESULT:
  692:	  0477	12 02 53	    LCALL RECEIVE_BYTE
  693:	  047A	C2 00		    CLR 20H.0
  694:	  047C	60 02		    JZ RECEIVE_FRACTION_QUOTIENT
  695:	  047E	D2 00		    SETB 20H.0
  696:	  0480			RECEIVE_FRACTION_QUOTIENT:
  697:	  0480	12 02 53	    LCALL RECEIVE_BYTE
  698:	  0483	F5 32		    MOV RESULT_H, A
  699:	  0485	12 02 53	    LCALL RECEIVE_BYTE
  700:	  0488	F5 33		    MOV RESULT_L, A
  701:	  048A	12 02 53	    LCALL RECEIVE_BYTE
  702:	  048D	F5 3B		    MOV FRAC_REM_H, A
  703:	  048F	12 02 53	    LCALL RECEIVE_BYTE
  704:	  0492	F5 3C		    MOV FRAC_REM_L, A
  705:	  0494	12 02 53	    LCALL RECEIVE_BYTE
  706:	  0497	F5 3D		    MOV FRAC_DEN_H, A
  707:	  0499	12 02 53	    LCALL RECEIVE_BYTE
  708:	  049C	F5 3E		    MOV FRAC_DEN_L, A
  709:	  049E	02 05 61	    LJMP LCD_PRINT_MIXED_FRACTION
  710:
  711:	  04A1			DISPLAY_ERROR:
  712:	  04A1	F5 30		    MOV RX_BYTE, A
  713:	  04A3	12 06 C2	    LCALL LCD_CURSOR_OFF
  714:	  04A6	12 06 A7	    LCALL LCD_CLEAR_LINE2
  715:	  04A9	E5 30		    MOV A, RX_BYTE

ASEM-51 V1.3                                        Copyright (c) 2002 by W.W. Heinz                                         PAGE 14



 Line  I  Addr  Code            Source

  716:	  04AB	B4 01 05	    CJNE A, #01H, ERR_CHK_ZERO
  717:	  04AE	90 07 DB	    MOV DPTR, #STR_ERR_OVERFLOW
  718:	  04B1	80 1B		    SJMP ERROR_PRINT
  719:	  04B3			ERR_CHK_ZERO:
  720:	  04B3	B4 03 05	    CJNE A, #03H, ERR_CHK_INPUT
  721:	  04B6	90 07 EA	    MOV DPTR, #STR_ERR_DIV_ZERO
  722:	  04B9	80 13		    SJMP ERROR_PRINT
  723:	  04BB			ERR_CHK_INPUT:
  724:	  04BB	B4 04 05	    CJNE A, #04H, ERR_CHK_BIT_COUNT
  725:	  04BE	90 07 F9	    MOV DPTR, #STR_ERR_INPUT
  726:	  04C1	80 0B		    SJMP ERROR_PRINT
  727:	  04C3			ERR_CHK_BIT_COUNT:
  728:	  04C3	B4 08 05	    CJNE A, #08H, ERR_UNKNOWN
  729:	  04C6	90 08 0A	    MOV DPTR, #STR_ERR_8_BITS
  730:	  04C9	80 03		    SJMP ERROR_PRINT
  731:	  04CB			ERR_UNKNOWN:
  732:	  04CB	90 08 1A	    MOV DPTR, #STR_ERROR
  733:	  04CE			ERROR_PRINT:
  734:	  04CE	02 06 9C	    LJMP LCD_PUTS
  735:
  736:	  04D1			LCD_PRINT_BIN8_RIGHT:
  737:	  04D1	12 06 C2	    LCALL LCD_CURSOR_OFF
  738:	  04D4	74 C0		    MOV A, #LCD_LINE2
  739:	  04D6	12 06 87	    LCALL LCD_CMD
  740:	  04D9	78 08		    MOV R0, #08H
  741:	  04DB			BIN8_PADDING:
  742:	  04DB	74 20		    MOV A, #' '
  743:	  04DD	12 06 8B	    LCALL LCD_DATA
  744:	  04E0	D8 F9		    DJNZ R0, BIN8_PADDING
  745:	  04E2	85 33 3A	    MOV BIT_TEMP, RESULT_L
  746:	  04E5	78 08		    MOV R0, #08H
  747:	  04E7			BIN8_PRINT_LOOP:
  748:	  04E7	E5 3A		    MOV A, BIT_TEMP
  749:	  04E9	54 80		    ANL A, #080H
  750:	  04EB	60 04		    JZ BIN8_PRINT_ZERO
  751:	  04ED	74 31		    MOV A, #'1'
  752:	  04EF	80 02		    SJMP BIN8_WRITE
  753:	  04F1			BIN8_PRINT_ZERO:
  754:	  04F1	74 30		    MOV A, #'0'
  755:	  04F3			BIN8_WRITE:
  756:	  04F3	12 06 8B	    LCALL LCD_DATA
  757:	  04F6	E5 3A		    MOV A, BIT_TEMP
  758:	  04F8	23		    RL A
  759:	  04F9	F5 3A		    MOV BIT_TEMP, A
  760:	  04FB	D8 EA		    DJNZ R0, BIN8_PRINT_LOOP
  761:	  04FD	22		    RET
  762:
  763:	  04FE			LCD_PRINT_U16_RIGHT:
  764:	  04FE	12 06 C2	    LCALL LCD_CURSOR_OFF
  765:	  0501	85 32 34	    MOV TMP_H, RESULT_H
  766:	  0504	85 33 35	    MOV TMP_L, RESULT_L
  767:	  0507	E5 34		    MOV A, TMP_H
  768:	  0509	45 35		    ORL A, TMP_L
  769:	  050B	70 14		    JNZ U16_CONVERT
  770:	  050D	74 C0		    MOV A, #LCD_LINE2
  771:	  050F	12 06 87	    LCALL LCD_CMD

ASEM-51 V1.3                                        Copyright (c) 2002 by W.W. Heinz                                         PAGE 15



 Line  I  Addr  Code            Source

  772:	  0512	78 0F		    MOV R0, #0FH
  773:	  0514			U16_ZERO_PAD:
  774:	  0514	74 20		    MOV A, #' '
  775:	  0516	12 06 8B	    LCALL LCD_DATA
  776:	  0519	D8 F9		    DJNZ R0, U16_ZERO_PAD
  777:	  051B	74 30		    MOV A, #'0'
  778:	  051D	12 06 8B	    LCALL LCD_DATA
  779:	  0520	22		    RET
  780:	  0521			U16_CONVERT:
  781:	  0521	78 00		    MOV R0, #00H
  782:	  0523			U16_DIVIDE_LOOP:
  783:	  0523	12 06 0C	    LCALL DIV_TMP_BY_10
  784:	  0526	24 30		    ADD A, #30H
  785:	  0528	C0 E0		    PUSH ACC
  786:	  052A	08		    INC R0
  787:	  052B	E5 34		    MOV A, TMP_H
  788:	  052D	45 35		    ORL A, TMP_L
  789:	  052F	70 F2		    JNZ U16_DIVIDE_LOOP
  790:	  0531	88 39		    MOV DIGIT_COUNT, R0
  791:	  0533	E8		    MOV A, R0
  792:	  0534	30 00 01	    JNB 20H.0, U16_ALIGN_COUNT_READY
  793:	  0537	04		    INC A
  794:	  0538			U16_ALIGN_COUNT_READY:
  795:	  0538	F5 F0		    MOV B, A
  796:	  053A	74 10		    MOV A, #LCD_WIDTH
  797:	  053C	C3		    CLR C
  798:	  053D	95 F0		    SUBB A, B
  799:	  053F	F9		    MOV R1, A
  800:	  0540	74 C0		    MOV A, #LCD_LINE2
  801:	  0542	12 06 87	    LCALL LCD_CMD
  802:	  0545	E9		    MOV A, R1
  803:	  0546	60 07		    JZ U16_PADDING_DONE
  804:	  0548			U16_PADDING_LOOP:
  805:	  0548	74 20		    MOV A, #' '
  806:	  054A	12 06 8B	    LCALL LCD_DATA
  807:	  054D	D9 F9		    DJNZ R1, U16_PADDING_LOOP
  808:	  054F			U16_PADDING_DONE:
  809:	  054F	30 00 05	    JNB 20H.0, U16_PRINT_PREPARE
  810:	  0552	74 2D		    MOV A, #'-'
  811:	  0554	12 06 8B	    LCALL LCD_DATA
  812:	  0557			U16_PRINT_PREPARE:
  813:	  0557	A8 39		    MOV R0, DIGIT_COUNT
  814:	  0559			U16_PRINT_LOOP:
  815:	  0559	D0 E0		    POP ACC
  816:	  055B	12 06 8B	    LCALL LCD_DATA
  817:	  055E	D8 F9		    DJNZ R0, U16_PRINT_LOOP
  818:	  0560	22		    RET
  819:
  820:	  0561			LCD_PRINT_MIXED_FRACTION:
  821:	  0561	12 06 C2	    LCALL LCD_CURSOR_OFF
  822:	  0564	85 32 34	    MOV TMP_H, RESULT_H
  823:	  0567	85 33 35	    MOV TMP_L, RESULT_L
  824:	  056A	12 05 D2	    LCALL COUNT_TMP_DIGITS
  825:	  056D	F5 3F		    MOV TOTAL_WIDTH, A
  826:	  056F	85 3B 34	    MOV TMP_H, FRAC_REM_H
  827:	  0572	85 3C 35	    MOV TMP_L, FRAC_REM_L

ASEM-51 V1.3                                        Copyright (c) 2002 by W.W. Heinz                                         PAGE 16



 Line  I  Addr  Code            Source

  828:	  0575	12 05 D2	    LCALL COUNT_TMP_DIGITS
  829:	  0578	25 3F		    ADD A, TOTAL_WIDTH
  830:	  057A	F5 3F		    MOV TOTAL_WIDTH, A
  831:	  057C	85 3D 34	    MOV TMP_H, FRAC_DEN_H
  832:	  057F	85 3E 35	    MOV TMP_L, FRAC_DEN_L
  833:	  0582	12 05 D2	    LCALL COUNT_TMP_DIGITS
  834:	  0585	25 3F		    ADD A, TOTAL_WIDTH
  835:	  0587	24 02		    ADD A, #02H
  836:	  0589	F5 3F		    MOV TOTAL_WIDTH, A
  837:	  058B	30 00 02	    JNB 20H.0, FRACTION_WIDTH_READY
  838:	  058E	05 3F		    INC TOTAL_WIDTH
  839:	  0590			FRACTION_WIDTH_READY:
  840:	  0590	74 10		    MOV A, #LCD_WIDTH
  841:	  0592	C3		    CLR C
  842:	  0593	95 3F		    SUBB A, TOTAL_WIDTH
  843:	  0595	F8		    MOV R0, A
  844:	  0596	74 C0		    MOV A, #LCD_LINE2
  845:	  0598	12 06 87	    LCALL LCD_CMD
  846:	  059B	E8		    MOV A, R0
  847:	  059C	60 07		    JZ FRACTION_PADDING_DONE
  848:	  059E			FRACTION_PADDING_LOOP:
  849:	  059E	74 20		    MOV A, #' '
  850:	  05A0	12 06 8B	    LCALL LCD_DATA
  851:	  05A3	D8 F9		    DJNZ R0, FRACTION_PADDING_LOOP
  852:	  05A5			FRACTION_PADDING_DONE:
  853:	  05A5	30 00 05	    JNB 20H.0, FRACTION_PRINT_QUOTIENT
  854:	  05A8	74 2D		    MOV A, #'-'
  855:	  05AA	12 06 8B	    LCALL LCD_DATA
  856:	  05AD			FRACTION_PRINT_QUOTIENT:
  857:	  05AD	85 32 34	    MOV TMP_H, RESULT_H
  858:	  05B0	85 33 35	    MOV TMP_L, RESULT_L
  859:	  05B3	12 05 E9	    LCALL LCD_PRINT_TMP_U16
  860:	  05B6	74 00		    MOV A, #00H
  861:	  05B8	12 06 8B	    LCALL LCD_DATA
  862:	  05BB	85 3B 34	    MOV TMP_H, FRAC_REM_H
  863:	  05BE	85 3C 35	    MOV TMP_L, FRAC_REM_L
  864:	  05C1	12 05 E9	    LCALL LCD_PRINT_TMP_U16
  865:	  05C4	74 00		    MOV A, #00H
  866:	  05C6	12 06 8B	    LCALL LCD_DATA
  867:	  05C9	85 3D 34	    MOV TMP_H, FRAC_DEN_H
  868:	  05CC	85 3E 35	    MOV TMP_L, FRAC_DEN_L
  869:	  05CF	02 05 E9	    LJMP LCD_PRINT_TMP_U16
  870:
  871:	  05D2			COUNT_TMP_DIGITS:
  872:	  05D2	E5 34		    MOV A, TMP_H
  873:	  05D4	45 35		    ORL A, TMP_L
  874:	  05D6	70 03		    JNZ COUNT_TMP_NONZERO
  875:	  05D8	74 01		    MOV A, #01H
  876:	  05DA	22		    RET
  877:	  05DB			COUNT_TMP_NONZERO:
  878:	  05DB	78 00		    MOV R0, #00H
  879:	  05DD			COUNT_TMP_LOOP:
  880:	  05DD	12 06 0C	    LCALL DIV_TMP_BY_10
  881:	  05E0	08		    INC R0
  882:	  05E1	E5 34		    MOV A, TMP_H
  883:	  05E3	45 35		    ORL A, TMP_L

ASEM-51 V1.3                                        Copyright (c) 2002 by W.W. Heinz                                         PAGE 17



 Line  I  Addr  Code            Source

  884:	  05E5	70 F6		    JNZ COUNT_TMP_LOOP
  885:	  05E7	E8		    MOV A, R0
  886:	  05E8	22		    RET
  887:
  888:	  05E9			LCD_PRINT_TMP_U16:
  889:	  05E9	E5 34		    MOV A, TMP_H
  890:	  05EB	45 35		    ORL A, TMP_L
  891:	  05ED	70 05		    JNZ PRINT_TMP_CONVERT
  892:	  05EF	74 30		    MOV A, #'0'
  893:	  05F1	02 06 8B	    LJMP LCD_DATA
  894:	  05F4			PRINT_TMP_CONVERT:
  895:	  05F4	78 00		    MOV R0, #00H
  896:	  05F6			PRINT_TMP_DIVIDE_LOOP:
  897:	  05F6	12 06 0C	    LCALL DIV_TMP_BY_10
  898:	  05F9	24 30		    ADD A, #30H
  899:	  05FB	C0 E0		    PUSH ACC
  900:	  05FD	08		    INC R0
  901:	  05FE	E5 34		    MOV A, TMP_H
  902:	  0600	45 35		    ORL A, TMP_L
  903:	  0602	70 F2		    JNZ PRINT_TMP_DIVIDE_LOOP
  904:	  0604			PRINT_TMP_LOOP:
  905:	  0604	D0 E0		    POP ACC
  906:	  0606	12 06 8B	    LCALL LCD_DATA
  907:	  0609	D8 F9		    DJNZ R0, PRINT_TMP_LOOP
  908:	  060B	22		    RET
  909:
  910:	  060C			DIV_TMP_BY_10:
  911:	  060C	75 36 00	    MOV QUO_H, #00H
  912:	  060F	75 37 00	    MOV QUO_L, #00H
  913:	  0612	75 38 00	    MOV REM_L, #00H
  914:	  0615	79 10		    MOV R1, #16
  915:	  0617			DIV10_LOOP:
  916:	  0617	C3		    CLR C
  917:	  0618	E5 35		    MOV A, TMP_L
  918:	  061A	33		    RLC A
  919:	  061B	F5 35		    MOV TMP_L, A
  920:	  061D	E5 34		    MOV A, TMP_H
  921:	  061F	33		    RLC A
  922:	  0620	F5 34		    MOV TMP_H, A
  923:	  0622	E5 38		    MOV A, REM_L
  924:	  0624	33		    RLC A
  925:	  0625	F5 38		    MOV REM_L, A
  926:	  0627	C3		    CLR C
  927:	  0628	E5 37		    MOV A, QUO_L
  928:	  062A	33		    RLC A
  929:	  062B	F5 37		    MOV QUO_L, A
  930:	  062D	E5 36		    MOV A, QUO_H
  931:	  062F	33		    RLC A
  932:	  0630	F5 36		    MOV QUO_H, A
  933:	  0632	E5 38		    MOV A, REM_L
  934:	  0634	C3		    CLR C
  935:	  0635	94 0A		    SUBB A, #10
  936:	  0637	40 05		    JC DIV10_LESS
  937:	  0639	F5 38		    MOV REM_L, A
  938:	  063B	43 37 01	    ORL QUO_L, #01H
  939:	  063E			DIV10_LESS:

ASEM-51 V1.3                                        Copyright (c) 2002 by W.W. Heinz                                         PAGE 18



 Line  I  Addr  Code            Source

  940:	  063E	D9 D7		    DJNZ R1, DIV10_LOOP
  941:	  0640	85 36 34	    MOV TMP_H, QUO_H
  942:	  0643	85 37 35	    MOV TMP_L, QUO_L
  943:	  0646	E5 38		    MOV A, REM_L
  944:	  0648	22		    RET
  945:
  946:	  0649			LCD_INIT:
  947:	  0649	74 30		    MOV A, #030H
  948:	  064B	12 06 87	    LCALL LCD_CMD
  949:	  064E	12 06 DD	    LCALL LCD_DELAY
  950:	  0651	74 30		    MOV A, #030H
  951:	  0653	12 06 87	    LCALL LCD_CMD
  952:	  0656	74 30		    MOV A, #030H
  953:	  0658	12 06 87	    LCALL LCD_CMD
  954:	  065B	74 38		    MOV A, #038H
  955:	  065D	12 06 87	    LCALL LCD_CMD
  956:	  0660	74 0C		    MOV A, #00CH
  957:	  0662	12 06 87	    LCALL LCD_CMD
  958:	  0665	74 06		    MOV A, #006H
  959:	  0667	12 06 87	    LCALL LCD_CMD
  960:	  066A	74 01		    MOV A, #001H
  961:	  066C	12 06 87	    LCALL LCD_CMD
  962:	  066F	22		    RET
  963:
  964:	  0670			LCD_DEFINE_CORNER:
  965:	  0670	74 40		    MOV A, #040H
  966:	  0672	12 06 87	    LCALL LCD_CMD
  967:	  0675	90 08 20	    MOV DPTR, #CORNER_GLYPH
  968:	  0678	78 08		    MOV R0, #08H
  969:	  067A			LCD_CORNER_LOOP:
  970:	  067A	E4		    CLR A
  971:	  067B	93		    MOVC A, @A+DPTR
  972:	  067C	12 06 8B	    LCALL LCD_DATA
  973:	  067F	A3		    INC DPTR
  974:	  0680	D8 F8		    DJNZ R0, LCD_CORNER_LOOP
  975:	  0682	74 80		    MOV A, #LCD_LINE1
  976:	  0684	02 06 87	    LJMP LCD_CMD
  977:
  978:	  0687			LCD_CMD:
  979:	  0687	C2 A0		    CLR P2.0
  980:	  0689	80 02		    SJMP LCD_WRITE
  981:	  068B			LCD_DATA:
  982:	  068B	D2 A0		    SETB P2.0
  983:	  068D			LCD_WRITE:
  984:	  068D	F5 90		    MOV P1, A
  985:	  068F	C2 A1		    CLR P2.1
  986:	  0691	D2 A2		    SETB P2.2
  987:	  0693	12 06 DA	    LCALL SHORT_DELAY
  988:	  0696	C2 A2		    CLR P2.2
  989:	  0698	12 06 DD	    LCALL LCD_DELAY
  990:	  069B	22		    RET
  991:
  992:	  069C			LCD_PUTS:
  993:	  069C	E4		    CLR A
  994:	  069D	93		    MOVC A, @A+DPTR
  995:	  069E	60 06		    JZ LCD_PUTS_DONE

ASEM-51 V1.3                                        Copyright (c) 2002 by W.W. Heinz                                         PAGE 19



 Line  I  Addr  Code            Source

  996:	  06A0	12 06 8B	    LCALL LCD_DATA
  997:	  06A3	A3		    INC DPTR
  998:	  06A4	80 F6		    SJMP LCD_PUTS
  999:	  06A6			LCD_PUTS_DONE:
 1000:	  06A6	22		    RET
 1001:
 1002:	  06A7			LCD_CLEAR_LINE2:
 1003:	  06A7	74 C0		    MOV A, #LCD_LINE2
 1004:	  06A9	12 06 87	    LCALL LCD_CMD
 1005:	  06AC	78 10		    MOV R0, #LCD_WIDTH
 1006:	  06AE			LCD_CLEAR_L2_LOOP:
 1007:	  06AE	74 20		    MOV A, #' '
 1008:	  06B0	12 06 8B	    LCALL LCD_DATA
 1009:	  06B3	D8 F9		    DJNZ R0, LCD_CLEAR_L2_LOOP
 1010:	  06B5	74 C0		    MOV A, #LCD_LINE2
 1011:	  06B7	12 06 87	    LCALL LCD_CMD
 1012:	  06BA	22		    RET
 1013:
 1014:	  06BB			LCD_CURSOR_ON:
 1015:	  06BB	D2 03		    SETB 20H.3
 1016:	  06BD	74 0F		    MOV A, #00FH
 1017:	  06BF	02 06 87	    LJMP LCD_CMD
 1018:	  06C2			LCD_CURSOR_OFF:
 1019:	  06C2	C2 03		    CLR 20H.3
 1020:	  06C4	74 0C		    MOV A, #00CH
 1021:	  06C6	02 06 87	    LJMP LCD_CMD
 1022:
 1023:	  06C9			LCD_POWER_DELAY:
 1024:	  06C9	C0 00		    PUSH 00H
 1025:	  06CB	C0 01		    PUSH 01H
 1026:	  06CD	78 50		    MOV R0, #80
 1027:	  06CF			LCD_POWER_D_OUTER:
 1028:	  06CF	79 FF		    MOV R1, #255
 1029:	  06D1	D9 FE		    DJNZ R1, $
 1030:	  06D3	D8 FA		    DJNZ R0, LCD_POWER_D_OUTER
 1031:	  06D5	D0 01		    POP 01H
 1032:	  06D7	D0 00		    POP 00H
 1033:	  06D9	22		    RET
 1034:
 1035:	  06DA			SHORT_DELAY:
 1036:	  06DA	00		    NOP
 1037:	  06DB	00		    NOP
 1038:	  06DC	22		    RET
 1039:
 1040:	  06DD			LCD_DELAY:
 1041:	  06DD	C0 00		    PUSH 00H
 1042:	  06DF	C0 01		    PUSH 01H
 1043:	  06E1	78 04		    MOV R0, #4
 1044:	  06E3			LCD_D_LOOP1:
 1045:	  06E3	79 FF		    MOV R1, #255
 1046:	  06E5	D9 FE		    DJNZ R1, $
 1047:	  06E7	D8 FA		    DJNZ R0, LCD_D_LOOP1
 1048:	  06E9	D0 01		    POP 01H
 1049:	  06EB	D0 00		    POP 00H
 1050:	  06ED	22		    RET
 1051:

ASEM-51 V1.3                                        Copyright (c) 2002 by W.W. Heinz                                         PAGE 20



 Line  I  Addr  Code            Source

 1052:	  06EE			READY_DELAY:
 1053:	  06EE	C0 00		    PUSH 00H
 1054:	  06F0	C0 01		    PUSH 01H
 1055:	  06F2	C0 02		    PUSH 02H
 1056:	  06F4	7A 08		    MOV R2, #8
 1057:	  06F6			READY_D_OUTER:
 1058:	  06F6	78 FF		    MOV R0, #255
 1059:	  06F8			READY_D_MIDDLE:
 1060:	  06F8	79 FF		    MOV R1, #255
 1061:	  06FA	D9 FE		    DJNZ R1, $
 1062:	  06FC	D8 FA		    DJNZ R0, READY_D_MIDDLE
 1063:	  06FE	DA F6		    DJNZ R2, READY_D_OUTER
 1064:	  0700	D0 02		    POP 02H
 1065:	  0702	D0 01		    POP 01H
 1066:	  0704	D0 00		    POP 00H
 1067:	  0706	22		    RET
 1068:
 1069:	  0707			MODE_SCROLL_DELAY:
 1070:				    ; Approximately 0.28 seconds at 11.0592 MHz.
 1071:	  0707	C0 00		    PUSH 00H
 1072:	  0709	C0 01		    PUSH 01H
 1073:	  070B	C0 02		    PUSH 02H
 1074:	  070D	7A 02		    MOV R2, #02H
 1075:	  070F			MODE_SCROLL_D_OUTER:
 1076:	  070F	78 FF		    MOV R0, #0FFH
 1077:	  0711			MODE_SCROLL_D_MIDDLE:
 1078:	  0711	79 FF		    MOV R1, #0FFH
 1079:	  0713	D9 FE		    DJNZ R1, $
 1080:	  0715	D8 FA		    DJNZ R0, MODE_SCROLL_D_MIDDLE
 1081:	  0717	DA F6		    DJNZ R2, MODE_SCROLL_D_OUTER
 1082:	  0719	D0 02		    POP 02H
 1083:	  071B	D0 01		    POP 01H
 1084:	  071D	D0 00		    POP 00H
 1085:	  071F	22		    RET
 1086:
 1087:	  0720	2B 2D 2A 2F	OPERATOR_SYMBOLS:   DB '+', '-', '*', '/', '&', '|', '^', '!'
	  0724	26 7C 5E 21
 1088:	  0728	52 45 41 44	STR_READY:          DB 'READY', 00H
	  072C	59 00
 1089:	  072E	41 4E 53 00	STR_ANS:            DB 'ANS', 00H
 1090:	  0732	4D 4F 44 45	STR_SELECT_MODES:   DB 'MODES SELECTION', 00H
	  0736	53 20 53 45
	  073A	4C 45 43 54
	  073E	49 4F 4E 00
 1091:	  0742	31 3A 41 52	STR_MODE_MENU:      DB '1:AR 2:LOG 3:ADV', 00H
	  0746	20 32 3A 4C
	  074A	4F 47 20 33
	  074E	3A 41 44 56
	  0752	00
 1092:	  0753	41 52 49 54	STR_ARITHMETIC:     DB 'ARITHMETIC', 00H
	  0757	48 4D 45 54
	  075B	49 43 00
 1093:	  075E	4C 4F 47 49	STR_LOGICAL:        DB 'LOGIC: 0/1 ONLY', 00H
	  0762	43 3A 20 30
	  0766	2F 31 20 4F
	  076A	4E 4C 59 00

ASEM-51 V1.3                                        Copyright (c) 2002 by W.W. Heinz                                         PAGE 21



 Line  I  Addr  Code            Source

 1094:	  076E	41 44 56 41	STR_ADDITIONAL:     DB 'ADVANCE MODE', 00H
	  0772	4E 43 45 20
	  0776	4D 4F 44 45
	  077A	00
 1095:	  077B	20 20 20 41	SCROLL_ARITHMETIC:  DB '   ARITHMETIC   '
	  077F	52 49 54 48
	  0783	4D 45 54 49
	  0787	43 20 20 20
 1096:	  078B	20 20 20 41	                    DB '   ARITHMETIC   '
	  078F	52 49 54 48
	  0793	4D 45 54 49
	  0797	43 20 20 20
 1097:	  079B	4C 4F 47 49	SCROLL_LOGICAL:     DB 'LOGIC: 0/1 ONLY '
	  079F	43 3A 20 30
	  07A3	2F 31 20 4F
	  07A7	4E 4C 59 20
 1098:	  07AB	4C 4F 47 49	                    DB 'LOGIC: 0/1 ONLY '
	  07AF	43 3A 20 30
	  07B3	2F 31 20 4F
	  07B7	4E 4C 59 20
 1099:	  07BB	20 20 41 44	SCROLL_ADVANCE:     DB '  ADVANCE MODE  '
	  07BF	56 41 4E 43
	  07C3	45 20 4D 4F
	  07C7	44 45 20 20
 1100:	  07CB	20 20 41 44	                    DB '  ADVANCE MODE  '
	  07CF	56 41 4E 43
	  07D3	45 20 4D 4F
	  07D7	44 45 20 20
 1101:	  07DB	45 52 52 4F	STR_ERR_OVERFLOW:   DB 'ERROR:OVERFLOW', 00H
	  07DF	52 3A 4F 56
	  07E3	45 52 46 4C
	  07E7	4F 57 00
 1102:	  07EA	45 52 52 4F	STR_ERR_DIV_ZERO:   DB 'ERROR:DIV ZERO', 00H
	  07EE	52 3A 44 49
	  07F2	56 20 5A 45
	  07F6	52 4F 00
 1103:	  07F9	45 52 52 4F	STR_ERR_INPUT:      DB 'ERROR:INPUT SIZE', 00H
	  07FD	52 3A 49 4E
	  0801	50 55 54 20
	  0805	53 49 5A 45
	  0809	00
 1104:	  080A	45 52 52 4F	STR_ERR_8_BITS:     DB 'ERROR:MAX 8 BIT', 00H
	  080E	52 3A 4D 41
	  0812	58 20 38 20
	  0816	42 49 54 00
 1105:	  081A	45 52 52 4F	STR_ERROR:          DB 'ERROR', 00H
	  081E	52 00
 1106:	  0820	00 00 00 01	CORNER_GLYPH:       DB 00H, 00H, 00H, 01H, 01H, 01FH, 00H, 00H
	  0824	01 1F 00 00
 1107:
 1108:				; NEW STRINGS FOR EASTER EGG CREDITS
 1109:	  0828	44 45 56 45	STR_DEV_BY:         DB 'DEVELOPED BY:', 00H
	  082C	4C 4F 50 45
	  0830	44 20 42 59
	  0834	3A 00
 1110:	  0836	44 41 4E 49	STR_DEV_1:          DB 'DANIEL CHEE', 00H

ASEM-51 V1.3                                        Copyright (c) 2002 by W.W. Heinz                                         PAGE 22



 Line  I  Addr  Code            Source

	  083A	45 4C 20 43
	  083E	48 45 45 00
 1111:	  0842	47 4F 48 20	STR_DEV_2:          DB 'GOH SHAO SEAN', 00H
	  0846	53 48 41 4F
	  084A	20 53 45 41
	  084E	4E 00
 1112:	  0850	54 41 4E 20	STR_DEV_3:          DB 'TAN E-KEN', 00H
	  0854	45 2D 4B 45
	  0858	4E 00
 1113:	  085A	54 48 45 4E	STR_DEV_4:          DB 'THEN MUN PIN', 00H
	  085E	20 4D 55 4E
	  0862	20 50 49 4E
	  0866	00
 1114:	  0867	20 20 20 20	SCROLL_DEV_1:       DB '                '
	  086B	20 20 20 20
	  086F	20 20 20 20
	  0873	20 20 20 20
 1115:	  0877	20 20 44 41	                    DB '  DANIEL CHEE   '
	  087B	4E 49 45 4C
	  087F	20 43 48 45
	  0883	45 20 20 20
 1116:	  0887	20 20 20 20	SCROLL_DEV_2:       DB '                '
	  088B	20 20 20 20
	  088F	20 20 20 20
	  0893	20 20 20 20
 1117:	  0897	20 47 4F 48	                    DB ' GOH SHAO SEAN  '
	  089B	20 53 48 41
	  089F	4F 20 53 45
	  08A3	41 4E 20 20
 1118:	  08A7	20 20 20 20	SCROLL_DEV_3:       DB '                '
	  08AB	20 20 20 20
	  08AF	20 20 20 20
	  08B3	20 20 20 20
 1119:	  08B7	20 20 20 54	                    DB '   TAN E-KEN    '
	  08BB	41 4E 20 45
	  08BF	2D 4B 45 4E
	  08C3	20 20 20 20
 1120:	  08C7	20 20 20 20	SCROLL_DEV_4:       DB '                '
	  08CB	20 20 20 20
	  08CF	20 20 20 20
	  08D3	20 20 20 20
 1121:	  08D7	20 20 54 48	                    DB '  THEN MUN PIN  '
	  08DB	45 4E 20 4D
	  08DF	55 4E 20 50
	  08E3	49 4E 20 20
 1122:
 1123:				    END





                     register banks used:  ---

                     no errors


ASEM-51 V1.3                                        Copyright (c) 2002 by W.W. Heinz                                         PAGE 23






ASEM-51 V1.3                                        Copyright (c) 2002 by W.W. Heinz                                         PAGE 24





	       L I S T   O F   S Y M B O L S
	       =============================


SYMBOL				  TYPE     VALUE	LINE
------------------------------------------------------------
??ASEM_51			  NUMBER    8051
??VERSION			  NUMBER    0130
AC				  BIT	      D6
ACC				  DATA	      E0
B				  DATA	      F0
BIN8_PADDING			  CODE	    04DB	 741
BIN8_PRINT_LOOP			  CODE	    04E7	 747
BIN8_PRINT_ZERO			  CODE	    04F1	 753
BIN8_WRITE			  CODE	    04F3	 755
BIT_TEMP			  NUMBER    003A	  44
CHECK_EVENT_ANS			  CODE	    00B0	 150
CHECK_EVENT_BACKSPACE		  CODE	    00F8	 184
CHECK_EVENT_CLEAR		  CODE	    009E	 142
CHECK_EVENT_CREDITS		  CODE	    00ED	 179
CHECK_EVENT_EQUALS		  CODE	    00B9	 154
CHECK_EVENT_ERROR		  CODE	    0120	 202
CHECK_EVENT_MENU		  CODE	    00A7	 146
CHECK_EVENT_MODE_ADD		  CODE	    0092	 137
CHECK_EVENT_MODE_AR		  CODE	    007A	 127
CHECK_EVENT_MODE_LOG		  CODE	    0086	 132
CHECK_EVENT_OPERATOR		  CODE	    013D	 216
CHECK_EVENT_RESULT_BIN		  CODE	    010E	 194
CHECK_EVENT_RESULT_DEC		  CODE	    0101	 188
CHECK_EVENT_RESULT_FRAC		  CODE	    0130	 209
CHECK_EVENT_SCROLL_LEFT		  CODE	    00DB	 171
CHECK_EVENT_SCROLL_RIGHT	  CODE	    00E4	 175
CHECK_EVENT_STARTUP		  CODE	    006F	 122
CHECK_OP_POWER			  CODE	    0197	 267
CHECK_OP_SQRT			  CODE	    01A2	 272
CORNER_GLYPH			  CODE	    0820	1106
COUNT_TMP_DIGITS		  CODE	    05D2	 871
COUNT_TMP_LOOP			  CODE	    05DD	 879
COUNT_TMP_NONZERO		  CODE	    05DB	 877
CREDITS_ABORT			  CODE	    037F	 530
CREDITS_FRAME_LOOP		  CODE	    0367	 516
CREDITS_LOOP			  CODE	    0361	 510
CREDITS_SCROLL_DRAW		  CODE	    03B2	 559
CREDITS_SCROLL_STEP		  CODE	    0383	 534
CREDITS_SELECT_1		  CODE	    039C	 547
CREDITS_SELECT_3		  CODE	    038F	 540
CREDITS_SELECT_4		  CODE	    0397	 544
CREDITS_TABLE_READY		  CODE	    039F	 549
CREDITS_UART_PENDING		  CODE	    037D	 527
CREDIT_FRAME_COUNT		  NUMBER    0059	  58
CREDIT_NAME_INDEX		  NUMBER    0058	  57
CREDIT_SCROLL_OFFSET		  NUMBER    0057	  56
CY				  BIT	      D7
DIGIT_COUNT			  NUMBER    0039	  43
DISPLAY_APPEND_OPERATOR		  CODE	    01E3	 304
DISPLAY_BINARY_CURSOR		  CODE	    0201	 319

ASEM-51 V1.3                                        Copyright (c) 2002 by W.W. Heinz                                         PAGE 25



SYMBOL				  TYPE     VALUE	LINE
------------------------------------------------------------
DISPLAY_DECIMAL_DIGIT		  CODE	    0060	 114
DISPLAY_ERROR			  CODE	    04A1	 711
DISPLAY_HAVE_BYTE		  CODE	    0043	 100
DISPLAY_LOOP			  CODE	    0032	  92
DISPLAY_LOOP_JUMP		  CODE	    0204	 321
DISPLAY_MODE			  NUMBER    0031	  35
DISPLAY_NEW_BINARY_OPERATOR	  CODE	    01E1	 302
DISPLAY_NORMAL_EQUALS		  CODE	    00CE	 164
DISPLAY_NORMAL_OPERATOR		  CODE	    01EF	 310
DISPLAY_ONE_COMMON		  CODE	    01C3	 288
DISPLAY_OPERATOR		  CODE	    0179	 254
DISPLAY_REPLACE_NORMAL_OPERATOR	  CODE	    01D5	 296
DISPLAY_TABLE_OPERATOR		  CODE	    01B7	 281
DIV10_LESS			  CODE	    063E	 939
DIV10_LOOP			  CODE	    0617	 915
DIV_TMP_BY_10			  CODE	    060C	 910
DPH				  DATA	      83
DPL				  DATA	      82
EA				  BIT	      AF
EQUALS_CURSOR_OFF		  CODE	    00D5	 168
ERASE_ONE_LCD_CHAR		  CODE	    0228	 349
ERROR_PRINT			  CODE	    04CE	 733
ERR_CHK_BIT_COUNT		  CODE	    04C3	 727
ERR_CHK_INPUT			  CODE	    04BB	 723
ERR_CHK_ZERO			  CODE	    04B3	 719
ERR_UNKNOWN			  CODE	    04CB	 731
ES				  BIT	      AC
ET0				  BIT	      A9
ET1				  BIT	      AB
EV_ANS				  NUMBER    00E6	  28
EV_BACKSPACE			  NUMBER    00EA	  32
EV_CLEAR			  NUMBER    00E4	  26
EV_CREDITS			  NUMBER    00CB	  16
EV_EQUALS			  NUMBER    00E7	  29
EV_ERROR			  NUMBER    00D2	  20
EV_MENU				  NUMBER    00E5	  27
EV_MODE_ADV			  NUMBER    00E3	  25
EV_MODE_AR			  NUMBER    00E1	  23
EV_MODE_LOG			  NUMBER    00E2	  24
EV_OP_ADD			  NUMBER    00C0	   5
EV_OP_AND			  NUMBER    00C4	   9
EV_OP_DIV			  NUMBER    00C3	   8
EV_OP_MUL			  NUMBER    00C2	   7
EV_OP_NOT			  NUMBER    00C7	  12
EV_OP_OR			  NUMBER    00C5	  10
EV_OP_POWER			  NUMBER    00C9	  14
EV_OP_SQRT			  NUMBER    00CA	  15
EV_OP_SQUARE			  NUMBER    00C8	  13
EV_OP_SUB			  NUMBER    00C1	   6
EV_OP_XOR			  NUMBER    00C6	  11
EV_RESULT_BIN			  NUMBER    00D1	  19
EV_RESULT_DEC			  NUMBER    00D0	  18
EV_RESULT_FRAC			  NUMBER    00D3	  21
EV_SCROLL_LEFT			  NUMBER    00E8	  30
EV_SCROLL_RIGHT			  NUMBER    00E9	  31
EV_STARTUP			  NUMBER    00E0	  22

ASEM-51 V1.3                                        Copyright (c) 2002 by W.W. Heinz                                         PAGE 26



SYMBOL				  TYPE     VALUE	LINE
------------------------------------------------------------
EX0				  BIT	      A8
EX1				  BIT	      AA
EXPR_BUF			  NUMBER    0040	  50
EXPR_LEN			  NUMBER    0052	  51
EXPR_MAX			  NUMBER    0012	  59
EXPR_VIEW			  NUMBER    0053	  52
EXTI0				  CODE	    0003
EXTI1				  CODE	    0013
F0				  BIT	      D5
FRACTION_PADDING_DONE		  CODE	    05A5	 852
FRACTION_PADDING_LOOP		  CODE	    059E	 848
FRACTION_PRINT_QUOTIENT		  CODE	    05AD	 856
FRACTION_WIDTH_READY		  CODE	    0590	 839
FRAC_DEN_H			  NUMBER    003D	  47
FRAC_DEN_L			  NUMBER    003E	  48
FRAC_REM_H			  NUMBER    003B	  45
FRAC_REM_L			  NUMBER    003C	  46
HANDLE_LCD_BACKSPACE		  CODE	    0207	 324
IE				  DATA	      A8
IE0				  BIT	      89
IE1				  BIT	      8B
INPUT_CURSOR_ADDR		  NUMBER    0056	  55
INT0				  BIT	      B2
INT1				  BIT	      B3
IP				  DATA	      B8
IT0				  BIT	      88
IT1				  BIT	      8A
LAST_CHAR_LEN			  NUMBER    0054	  53
LCD_BS_DONE			  CODE	    0225	 346
LCD_BS_NORMAL			  CODE	    0217	 335
LCD_BS_RESTORE_CURSOR		  CODE	    0222	 344
LCD_CLEAR_L2_LOOP		  CODE	    06AE	1006
LCD_CLEAR_LINE2			  CODE	    06A7	1002
LCD_CMD				  CODE	    0687	 978
LCD_CORNER_LOOP			  CODE	    067A	 969
LCD_CURSOR_OFF			  CODE	    06C2	1018
LCD_CURSOR_ON			  CODE	    06BB	1014
LCD_DATA			  CODE	    068B	 981
LCD_DEFINE_CORNER		  CODE	    0670	 964
LCD_DELAY			  CODE	    06DD	1040
LCD_D_LOOP1			  CODE	    06E3	1044
LCD_INIT			  CODE	    0649	 946
LCD_LINE1			  NUMBER    0080	  60
LCD_LINE2			  NUMBER    00C0	  61
LCD_POWER_DELAY			  CODE	    06C9	1023
LCD_POWER_D_OUTER		  CODE	    06CF	1027
LCD_PRINT_BIN8_RIGHT		  CODE	    04D1	 736
LCD_PRINT_MIXED_FRACTION	  CODE	    0561	 820
LCD_PRINT_TMP_U16		  CODE	    05E9	 888
LCD_PRINT_U16_RIGHT		  CODE	    04FE	 763
LCD_PUTS			  CODE	    069C	 992
LCD_PUTS_DONE			  CODE	    06A6	 999
LCD_WIDTH			  NUMBER    0010	  62
LCD_WRITE			  CODE	    068D	 983
LOGIC_APPEND_CHAR		  CODE	    03C4	 574
LOGIC_APPEND_FIRST_WINDOW	  CODE	    03E2	 593

ASEM-51 V1.3                                        Copyright (c) 2002 by W.W. Heinz                                         PAGE 27



SYMBOL				  TYPE     VALUE	LINE
------------------------------------------------------------
LOGIC_APPEND_SPACE_AVAILABLE	  CODE	    03CC	 579
LOGIC_BUFFER_RESET		  CODE	    03BD	 569
LOGIC_CURSOR_NOT_FULL		  CODE	    045A	 674
LOGIC_DRAW_LOOP			  CODE	    043D	 654
LOGIC_FILL_SPACES		  CODE	    0444	 659
LOGIC_POSITION_CURSOR		  CODE	    0454	 670
LOGIC_REDRAW			  CODE	    041E	 634
LOGIC_REPLACE_DONE		  CODE	    03F7	 607
LOGIC_REPLACE_LAST_CHAR		  CODE	    03E7	 597
LOGIC_SCROLL_DONE		  CODE	    041D	 631
LOGIC_SCROLL_LEFT		  CODE	    03F8	 610
LOGIC_SCROLL_RIGHT		  CODE	    040B	 621
LOGIC_SPACE_LOOP		  CODE	    044D	 666
LOGIC_VISIBLE_COMPARE		  CODE	    0434	 647
LOGIC_VISIBLE_READY		  CODE	    0438	 650
MAIN				  CODE	    0003	  72
MODE_SCROLL_ADVANCE		  CODE	    02E1	 444
MODE_SCROLL_CURSOR_DONE		  CODE	    0314	 471
MODE_SCROLL_DELAY		  CODE	    0707	1069
MODE_SCROLL_DRAW		  CODE	    02F7	 456
MODE_SCROLL_D_MIDDLE		  CODE	    0711	1077
MODE_SCROLL_D_OUTER		  CODE	    070F	1075
MODE_SCROLL_LOGICAL		  CODE	    02D9	 440
MODE_SCROLL_OFFSET		  NUMBER    0055	  54
MODE_SCROLL_STEP		  CODE	    02CA	 433
MODE_SCROLL_TABLE_READY		  CODE	    02E4	 446
NOT_SQRT_OP			  CODE	    0176	 251
OPERATOR_CHARACTER_DONE		  CODE	    01F6	 314
OPERATOR_SYMBOLS		  CODE	    0720	1087
OV				  BIT	      D2
P				  BIT	      D0
P0				  DATA	      80
P1				  DATA	      90
P2				  DATA	      A0
P3				  DATA	      B0
PCON				  DATA	      87
PRINT_TMP_CONVERT		  CODE	    05F4	 894
PRINT_TMP_DIVIDE_LOOP		  CODE	    05F6	 896
PRINT_TMP_LOOP			  CODE	    0604	 904
PS				  BIT	      BC
PSW				  DATA	      D0
PT0				  BIT	      B9
PT1				  BIT	      BB
PX0				  BIT	      B8
PX1				  BIT	      BA
QUO_H				  NUMBER    0036	  40
QUO_L				  NUMBER    0037	  41
RB8				  BIT	      9A
RD				  BIT	      B7
READY_DELAY			  CODE	    06EE	1052
READY_D_MIDDLE			  CODE	    06F8	1059
READY_D_OUTER			  CODE	    06F6	1057
RECEIVE_BYTE			  CODE	    0253	 372
RECEIVE_DECIMAL_RESULT		  CODE	    0461	 679
RECEIVE_FRACTION_QUOTIENT	  CODE	    0480	 696
RECEIVE_FRACTION_RESULT		  CODE	    0477	 691

ASEM-51 V1.3                                        Copyright (c) 2002 by W.W. Heinz                                         PAGE 28



SYMBOL				  TYPE     VALUE	LINE
------------------------------------------------------------
RECEIVE_RESULT_MAGNITUDE	  CODE	    046A	 684
RECEIVE_WAIT_ACK_SENT		  CODE	    0261	 380
RECEIVE_WAIT_BYTE		  CODE	    0253	 373
REM_L				  NUMBER    0038	  42
REN				  BIT	      9C
RESET				  CODE	    0000
RESULT_H			  NUMBER    0032	  36
RESULT_L			  NUMBER    0033	  37
RI				  BIT	      98
RS0				  BIT	      D3
RS1				  BIT	      D4
RXD				  BIT	      B0
RX_BYTE				  NUMBER    0030	  34
SBUF				  DATA	      99
SCON				  DATA	      98
SCROLL_ADVANCE			  CODE	    07BB	1099
SCROLL_ARITHMETIC		  CODE	    077B	1095
SCROLL_DEV_1			  CODE	    0867	1114
SCROLL_DEV_2			  CODE	    0887	1116
SCROLL_DEV_3			  CODE	    08A7	1118
SCROLL_DEV_4			  CODE	    08C7	1120
SCROLL_LOGICAL			  CODE	    079B	1097
SHORT_DELAY			  CODE	    06DA	1035
SHOW_ANS_EXPRESSION		  CODE	    0315	 474
SHOW_CREDITS			  CODE	    0347	 498
SHOW_MODE_MENU			  CODE	    0285	 399
SHOW_MODE_STATUS		  CODE	    02A9	 415
SHOW_NORMAL_ANS			  CODE	    0336	 489
SHOW_STARTUP			  CODE	    0269	 387
SINT				  CODE	    0023
SM0				  BIT	      9F
SM1				  BIT	      9E
SM2				  BIT	      9D
SP				  DATA	      81
STR_ADDITIONAL			  CODE	    076E	1094
STR_ANS				  CODE	    072E	1089
STR_ARITHMETIC			  CODE	    0753	1092
STR_DEV_1			  CODE	    0836	1110
STR_DEV_2			  CODE	    0842	1111
STR_DEV_3			  CODE	    0850	1112
STR_DEV_4			  CODE	    085A	1113
STR_DEV_BY			  CODE	    0828	1109
STR_ERROR			  CODE	    081A	1105
STR_ERR_8_BITS			  CODE	    080A	1104
STR_ERR_DIV_ZERO		  CODE	    07EA	1102
STR_ERR_INPUT			  CODE	    07F9	1103
STR_ERR_OVERFLOW		  CODE	    07DB	1101
STR_LOGICAL			  CODE	    075E	1093
STR_MODE_MENU			  CODE	    0742	1091
STR_READY			  CODE	    0728	1088
STR_SELECT_MODES		  CODE	    0732	1090
T0				  BIT	      B4
T1				  BIT	      B5
TB8				  BIT	      9B
TCON				  DATA	      88
TF0				  BIT	      8D

ASEM-51 V1.3                                        Copyright (c) 2002 by W.W. Heinz                                         PAGE 29



SYMBOL				  TYPE     VALUE	LINE
------------------------------------------------------------
TF1				  BIT	      8F
TH0				  DATA	      8C
TH1				  DATA	      8D
TI				  BIT	      99
TIMER0				  CODE	    000B
TIMER1				  CODE	    001B
TL0				  DATA	      8A
TL1				  DATA	      8B
TMOD				  DATA	      89
TMP_H				  NUMBER    0034	  38
TMP_L				  NUMBER    0035	  39
TOTAL_WIDTH			  NUMBER    003F	  49
TR0				  BIT	      8C
TR1				  BIT	      8E
TRY_OP_AND			  CODE	    0153	 229
TRY_OP_DIV			  CODE	    014E	 226
TRY_OP_MUL			  CODE	    0149	 223
TRY_OP_NOT			  CODE	    0162	 238
TRY_OP_OR			  CODE	    0158	 232
TRY_OP_POWER			  CODE	    016C	 244
TRY_OP_SQRT			  CODE	    0171	 247
TRY_OP_SQUARE			  CODE	    0167	 241
TRY_OP_SUB			  CODE	    0144	 220
TRY_OP_XOR			  CODE	    015D	 235
TXD				  BIT	      B1
U16_ALIGN_COUNT_READY		  CODE	    0538	 794
U16_CONVERT			  CODE	    0521	 780
U16_DIVIDE_LOOP			  CODE	    0523	 782
U16_PADDING_DONE		  CODE	    054F	 808
U16_PADDING_LOOP		  CODE	    0548	 804
U16_PRINT_LOOP			  CODE	    0559	 814
U16_PRINT_PREPARE		  CODE	    0557	 812
U16_ZERO_PAD			  CODE	    0514	 773
UART_INIT			  CODE	    023A	 360
WR				  BIT	      B6
