
ASEM-51 V1.3                                         Copyright (c) 2002 by W.W. Heinz                                         PAGE 1





       MCS-51 Family Macro Assembler   A S E M - 5 1   V 1.3
       =====================================================



	Source File:	DISPLAY V9.asm
	Object File:	DISPLAY V9.hex
	List File:	DISPLAY V9.lst



 Line  I  Addr  Code            Source

    1:				; 8051 CALCULATOR V3 - DISPLAY CONTROLLER, UART TWO-WIRE LINK
    2:				; Controller 2 owns the 16x2 LCD and all presentation formatting.
    3:				; Receives semantic events and result/error data from process controller.
    4:
    5:		N      00C0	EV_OP_ADD      EQU 0C0H
    6:		N      00C1	EV_OP_SUB      EQU 0C1H
    7:		N      00C2	EV_OP_MUL      EQU 0C2H
    8:		N      00C3	EV_OP_DIV      EQU 0C3H
    9:		N      00C4	EV_OP_AND      EQU 0C4H
   10:		N      00C5	EV_OP_OR       EQU 0C5H
   11:		N      00C6	EV_OP_XOR      EQU 0C6H
   12:		N      00C7	EV_OP_NOT      EQU 0C7H
   13:		N      00C8	EV_OP_SQUARE   EQU 0C8H
   14:		N      00C9	EV_OP_POWER    EQU 0C9H
   15:		N      00CA	EV_OP_SQRT     EQU 0CAH
   16:		N      00CB	EV_CREDITS     EQU 0CBH         ; NEW: Credits screen trigger
   17:
   18:		N      00D0	EV_RESULT_DEC  EQU 0D0H
   19:		N      00D1	EV_RESULT_BIN  EQU 0D1H
   20:		N      00D2	EV_ERROR       EQU 0D2H
   21:		N      00D3	EV_RESULT_REM  EQU 0D3H          ; Quotient and remainder result
   22:		N      00E0	EV_STARTUP     EQU 0E0H
   23:		N      00E1	EV_MODE_AR     EQU 0E1H
   24:		N      00E2	EV_MODE_LOG    EQU 0E2H
   25:		N      00E3	EV_MODE_ADV    EQU 0E3H
   26:		N      00E4	EV_CLEAR       EQU 0E4H
   27:		N      00E5	EV_MENU        EQU 0E5H
   28:		N      00E6	EV_ANS         EQU 0E6H
   29:		N      00E7	EV_EQUALS      EQU 0E7H
   30:		N      00E8	EV_SCROLL_LEFT EQU 0E8H
   31:		N      00E9	EV_SCROLL_RIGHT EQU 0E9H
   32:		N      00EA	EV_BACKSPACE	EQU 0EAH
   33:		N      00EB	EV_BACKSPACE_ANS EQU 0EBH       ; Delete the complete ANS token
   34:		N      00EC	EV_POWER_OFF    EQU 0ECH        ; Turn LCD off in the mode menu
   35:		N      00ED	EV_BS_SHOW_OP   EQU 0EDH        ; Backspace exposed an operator
   36:		N      00EE	EV_BS_REMOVE_OP EQU 0EEH        ; Backspace removed an operator
   37:
   38:		N      0030	RX_BYTE       EQU 30H
   39:		N      0031	DISPLAY_MODE  EQU 31H           ; 0 menu, 1 arithmetic, 2 logical, 3 additional
   40:		N      0032	RESULT_H      EQU 32H
   41:		N      0033	RESULT_L      EQU 33H
   42:		N      0034	TMP_H         EQU 34H
   43:		N      0035	TMP_L         EQU 35H

ASEM-51 V1.3                                         Copyright (c) 2002 by W.W. Heinz                                         PAGE 2



 Line  I  Addr  Code            Source

   44:		N      0036	QUO_H         EQU 36H
   45:		N      0037	QUO_L         EQU 37H
   46:		N      0038	REM_L         EQU 38H
   47:		N      0039	DIGIT_COUNT   EQU 39H
   48:		N      003A	BIT_TEMP      EQU 3AH
   49:		N      003B	RESULT_REM_H  EQU 3BH
   50:		N      003C	RESULT_REM_L  EQU 3CH
   51:		N      003F	TOTAL_WIDTH   EQU 3FH
   52:		N      0040	EXPR_BUF      EQU 40H            ; 18-byte complete logical expression
   53:		N      0052	EXPR_LEN      EQU 52H
   54:		N      0053	EXPR_VIEW     EQU 53H            ; First character shown on LCD line 1
   55:		N      0054	LAST_CHAR_LEN EQU 54H        ; Tracks width of last printed symbol (1 or 2)
   56:		N      0055	MODE_SCROLL_OFFSET EQU 55H   ; 0-15 start position in repeated mode title
   57:		N      0056	INPUT_CURSOR_ADDR EQU 56H    ; Restore line-1 cursor after line-2 animation
   58:		N      0057	CREDIT_SCROLL_OFFSET EQU 57H ; 0-15 start position in repeated developer name
   59:		N      0058	CREDIT_NAME_INDEX EQU 58H    ; Developer name 0-3
   60:		N      0059	CREDIT_FRAME_COUNT EQU 59H   ; Frames remaining before advancing the name
   61:		N      0012	EXPR_MAX      EQU 12H            ; 8 bits + operator + 8 bits + equals
   62:		N      0080	LCD_LINE1     EQU 080H
   63:		N      00C0	LCD_LINE2     EQU 0C0H
   64:		N      0010	LCD_WIDTH     EQU 10H
   65:				; 20H.0 = received decimal result is negative
   66:				; 20H.1 = last expression character is a replaceable binary operator
   67:				; 20H.2 = abort credits delay flag
   68:				; 20H.3 = equation cursor should be visible after a mode-title redraw
   69:				; 20H.4 = mode-title marquee is active
   70:				; 20H.5 = line 1 begins with the complete ANS token
   71:				; 20H.6 = ignore backspace after '=' until a new entry begins
   72:
   73:		N      0000	    ORG 0000H
   74:	  0000	02 00 03	    LJMP MAIN
   75:
   76:	  0003			MAIN:
   77:	  0003	75 81 5F	    MOV SP, #5FH
   78:	  0006	75 90 00	    MOV P1, #00H
   79:	  0009	D2 B0		    SETB P3.0
   80:	  000B	D2 B1		    SETB P3.1
   81:	  000D	75 A0 00	    MOV P2, #00H
   82:	  0010	75 31 00	    MOV DISPLAY_MODE, #00H
   83:	  0013	75 55 00	    MOV MODE_SCROLL_OFFSET, #00H
   84:	  0016	75 56 80	    MOV INPUT_CURSOR_ADDR, #LCD_LINE1
   85:	  0019	C2 00		    CLR 20H.0
   86:	  001B	C2 01		    CLR 20H.1
   87:	  001D	C2 02		    CLR 20H.2
   88:	  001F	C2 03		    CLR 20H.3
   89:	  0021	C2 04		    CLR 20H.4
   90:	  0023	C2 05		    CLR 20H.5
   91:	  0025	C2 06		    CLR 20H.6
   92:	  0027	12 02 E1	    LCALL UART_INIT
   93:	  002A	12 07 1E	    LCALL LCD_POWER_DELAY
   94:	  002D	12 06 B5	    LCALL LCD_INIT
   95:	  0030	12 02 D2	    LCALL LCD_SOFT_POWER_OFF    ; Wait for the process controller's DEL start
   96:
   97:	  0033			DISPLAY_LOOP:
   98:	  0033	20 98 0E	    JB RI, DISPLAY_HAVE_BYTE
   99:	  0036	30 04 FA	    JNB 20H.4, DISPLAY_LOOP

ASEM-51 V1.3                                         Copyright (c) 2002 by W.W. Heinz                                         PAGE 3



 Line  I  Addr  Code            Source

  100:	  0039	12 07 5C	    LCALL MODE_SCROLL_DELAY
  101:	  003C	20 98 F4	    JB RI, DISPLAY_LOOP
  102:	  003F	12 03 79	    LCALL MODE_SCROLL_STEP
  103:	  0042	80 EF		    SJMP DISPLAY_LOOP
  104:
  105:	  0044			DISPLAY_HAVE_BYTE:
  106:	  0044	12 02 FA	    LCALL RECEIVE_BYTE
  107:	  0047	F5 30		    MOV RX_BYTE, A
  108:
  109:	  0049	B4 0A 00	    CJNE A, #0AH, $ + 3
  110:	  004C	50 22		    JNC CHECK_EVENT_STARTUP
  111:	  004E	24 30		    ADD A, #30H
  112:	  0050	F5 30		    MOV RX_BYTE, A
  113:	  0052	E5 31		    MOV A, DISPLAY_MODE
  114:	  0054	B4 02 0A	    CJNE A, #02H, DISPLAY_DECIMAL_DIGIT
  115:	  0057	C2 01		    CLR 20H.1
  116:	  0059	E5 30		    MOV A, RX_BYTE
  117:	  005B	12 04 56	    LCALL LOGIC_APPEND_CHAR
  118:	  005E	02 00 33	    LJMP DISPLAY_LOOP
  119:	  0061			DISPLAY_DECIMAL_DIGIT:
  120:	  0061	C2 01		    CLR 20H.1
  121:	  0063	75 54 01		MOV LAST_CHAR_LEN, #01H   ; 1 LCD character
  122:	  0066	E5 30		    MOV A, RX_BYTE
  123:	  0068	12 06 E0	    LCALL LCD_DATA
  124:	  006B	05 56		    INC INPUT_CURSOR_ADDR
  125:	  006D	02 00 33	    LJMP DISPLAY_LOOP
  126:
  127:	  0070			CHECK_EVENT_STARTUP:
  128:	  0070	E5 30		    MOV A, RX_BYTE
  129:	  0072	B4 E0 06	    CJNE A, #EV_STARTUP, CHECK_EVENT_MODE_AR
  130:	  0075	12 03 10	    LCALL SHOW_STARTUP
  131:	  0078	02 00 33	    LJMP DISPLAY_LOOP
  132:	  007B			CHECK_EVENT_MODE_AR:
  133:	  007B	B4 E1 09	    CJNE A, #EV_MODE_AR, CHECK_EVENT_MODE_LOG
  134:	  007E	75 31 01	    MOV DISPLAY_MODE, #01H
  135:	  0081	12 03 54	    LCALL SHOW_MODE_STATUS
  136:	  0084	02 00 33	    LJMP DISPLAY_LOOP
  137:	  0087			CHECK_EVENT_MODE_LOG:
  138:	  0087	B4 E2 09	    CJNE A, #EV_MODE_LOG, CHECK_EVENT_MODE_ADD
  139:	  008A	75 31 02	    MOV DISPLAY_MODE, #02H
  140:	  008D	12 03 54	    LCALL SHOW_MODE_STATUS
  141:	  0090	02 00 33	    LJMP DISPLAY_LOOP
  142:	  0093			CHECK_EVENT_MODE_ADD:
  143:	  0093	B4 E3 09	    CJNE A, #EV_MODE_ADV, CHECK_EVENT_CLEAR
  144:	  0096	75 31 03	    MOV DISPLAY_MODE, #03H
  145:	  0099	12 03 54	    LCALL SHOW_MODE_STATUS
  146:	  009C	02 00 33	    LJMP DISPLAY_LOOP
  147:	  009F			CHECK_EVENT_CLEAR:
  148:	  009F	B4 E4 06	    CJNE A, #EV_CLEAR, CHECK_EVENT_MENU
  149:	  00A2	12 03 54	    LCALL SHOW_MODE_STATUS
  150:	  00A5	02 00 33	    LJMP DISPLAY_LOOP
  151:	  00A8			CHECK_EVENT_MENU:
  152:	  00A8	B4 E5 06	    CJNE A, #EV_MENU, CHECK_EVENT_ANS
  153:	  00AB	12 03 2C	    LCALL SHOW_MODE_MENU
  154:	  00AE	02 00 33	    LJMP DISPLAY_LOOP
  155:	  00B1			CHECK_EVENT_ANS:

ASEM-51 V1.3                                         Copyright (c) 2002 by W.W. Heinz                                         PAGE 4



 Line  I  Addr  Code            Source

  156:	  00B1	B4 E6 06	    CJNE A, #EV_ANS, CHECK_EVENT_EQUALS
  157:	  00B4	12 03 C4	    LCALL SHOW_ANS_EXPRESSION
  158:	  00B7	02 00 33	    LJMP DISPLAY_LOOP
  159:	  00BA			CHECK_EVENT_EQUALS:
  160:	  00BA	B4 E7 21	    CJNE A, #EV_EQUALS, CHECK_EVENT_SCROLL_LEFT
  161:	  00BD	D2 06		    SETB 20H.6
  162:	  00BF	C2 01		    CLR 20H.1
  163:	  00C1	74 3D		    MOV A, #'='
  164:	  00C3	F5 30		    MOV RX_BYTE, A
  165:	  00C5	E5 31		    MOV A, DISPLAY_MODE
  166:	  00C7	B4 02 07	    CJNE A, #02H, DISPLAY_NORMAL_EQUALS
  167:	  00CA	E5 30		    MOV A, RX_BYTE
  168:	  00CC	12 04 56	    LCALL LOGIC_APPEND_CHAR
  169:	  00CF	80 07		    SJMP EQUALS_CURSOR_OFF
  170:	  00D1			DISPLAY_NORMAL_EQUALS:
  171:	  00D1	E5 30		    MOV A, RX_BYTE
  172:	  00D3	12 06 E0	    LCALL LCD_DATA
  173:	  00D6	05 56		    INC INPUT_CURSOR_ADDR
  174:	  00D8			EQUALS_CURSOR_OFF:
  175:	  00D8	12 07 17	    LCALL LCD_CURSOR_OFF
  176:	  00DB	02 00 33	    LJMP DISPLAY_LOOP
  177:	  00DE			CHECK_EVENT_SCROLL_LEFT:
  178:	  00DE	B4 E8 06	    CJNE A, #EV_SCROLL_LEFT, CHECK_EVENT_SCROLL_RIGHT
  179:	  00E1	12 04 8A	    LCALL LOGIC_SCROLL_LEFT
  180:	  00E4	02 00 33	    LJMP DISPLAY_LOOP
  181:	  00E7			CHECK_EVENT_SCROLL_RIGHT:
  182:	  00E7	B4 E9 06	    CJNE A, #EV_SCROLL_RIGHT, CHECK_EVENT_CREDITS
  183:	  00EA	12 04 9D	    LCALL LOGIC_SCROLL_RIGHT
  184:	  00ED	02 00 33	    LJMP DISPLAY_LOOP
  185:	  00F0			CHECK_EVENT_CREDITS:
  186:	  00F0	B4 CB 08	    CJNE A, #EV_CREDITS, CHECK_EVENT_POWER_OFF
  187:	  00F3	C2 04		    CLR 20H.4
  188:	  00F5	12 03 FD	    LCALL SHOW_CREDITS
  189:	  00F8	02 00 33	    LJMP DISPLAY_LOOP
  190:	  00FB			CHECK_EVENT_POWER_OFF:
  191:	  00FB	B4 EC 06	    CJNE A, #EV_POWER_OFF, CHECK_EVENT_BACKSPACE
  192:	  00FE	12 02 D2	    LCALL LCD_SOFT_POWER_OFF
  193:	  0101	02 00 33	    LJMP DISPLAY_LOOP
  194:	  0104			CHECK_EVENT_BACKSPACE:
  195:	  0104	B4 EA 0B	    CJNE A, #EV_BACKSPACE, CHECK_EVENT_BACKSPACE_ANS
  196:	  0107	20 06 05	    JB 20H.6, BACKSPACE_EVENT_DONE
  197:	  010A	12 02 3A	    LCALL HANDLE_LCD_BACKSPACE
  198:	  010D	C2 01		    CLR 20H.1
  199:	  010F			BACKSPACE_EVENT_DONE:
  200:	  010F	02 00 33	    LJMP DISPLAY_LOOP
  201:	  0112			CHECK_EVENT_BACKSPACE_ANS:
  202:	  0112	B4 EB 09	    CJNE A, #EV_BACKSPACE_ANS, CHECK_EVENT_BS_SHOW_OP
  203:	  0115	20 06 03	    JB 20H.6, BACKSPACE_ANS_EVENT_DONE
  204:	  0118	12 02 8E	    LCALL HANDLE_LCD_BACKSPACE_ANS
  205:	  011B			BACKSPACE_ANS_EVENT_DONE:
  206:	  011B	02 00 33	    LJMP DISPLAY_LOOP
  207:	  011E			CHECK_EVENT_BS_SHOW_OP:
  208:	  011E	B4 ED 08	    CJNE A, #EV_BS_SHOW_OP, CHECK_EVENT_BS_REMOVE_OP
  209:	  0121	12 02 3A	    LCALL HANDLE_LCD_BACKSPACE
  210:	  0124	D2 01		    SETB 20H.1
  211:	  0126	02 00 33	    LJMP DISPLAY_LOOP

ASEM-51 V1.3                                         Copyright (c) 2002 by W.W. Heinz                                         PAGE 5



 Line  I  Addr  Code            Source

  212:	  0129			CHECK_EVENT_BS_REMOVE_OP:
  213:	  0129	B4 EE 08	    CJNE A, #EV_BS_REMOVE_OP, CHECK_EVENT_RESULT_DEC
  214:	  012C	12 02 3A	    LCALL HANDLE_LCD_BACKSPACE
  215:	  012F	C2 01		    CLR 20H.1
  216:	  0131	02 00 33	    LJMP DISPLAY_LOOP
  217:	  0134			CHECK_EVENT_RESULT_DEC:
  218:	  0134	B4 D0 0A	    CJNE A, #EV_RESULT_DEC, CHECK_EVENT_RESULT_BIN
  219:	  0137	C2 01		    CLR 20H.1
  220:	  0139	C2 04		    CLR 20H.4
  221:	  013B	12 04 F3	    LCALL RECEIVE_DECIMAL_RESULT
  222:	  013E	02 00 33	    LJMP DISPLAY_LOOP
  223:	  0141			CHECK_EVENT_RESULT_BIN:
  224:	  0141	B4 D1 0F	    CJNE A, #EV_RESULT_BIN, CHECK_EVENT_ERROR
  225:	  0144	C2 01		    CLR 20H.1
  226:	  0146	C2 04		    CLR 20H.4
  227:	  0148	12 02 FA	    LCALL RECEIVE_BYTE
  228:	  014B	F5 33		    MOV RESULT_L, A
  229:	  014D	12 05 59	    LCALL LCD_PRINT_BIN8_RIGHT
  230:	  0150	02 00 33	    LJMP DISPLAY_LOOP
  231:	  0153			CHECK_EVENT_ERROR:
  232:	  0153	B4 D2 0D	    CJNE A, #EV_ERROR, CHECK_EVENT_RESULT_REM
  233:	  0156	C2 01		    CLR 20H.1
  234:	  0158	C2 04		    CLR 20H.4
  235:	  015A	12 02 FA	    LCALL RECEIVE_BYTE
  236:	  015D	12 05 29	    LCALL DISPLAY_ERROR
  237:	  0160	02 00 33	    LJMP DISPLAY_LOOP
  238:	  0163			CHECK_EVENT_RESULT_REM:
  239:	  0163	B4 D3 0A	    CJNE A, #EV_RESULT_REM, CHECK_EVENT_OPERATOR
  240:	  0166	C2 01		    CLR 20H.1
  241:	  0168	C2 04		    CLR 20H.4
  242:	  016A	12 05 09	    LCALL RECEIVE_REMAINDER_RESULT
  243:	  016D	02 00 33	    LJMP DISPLAY_LOOP
  244:
  245:	  0170			CHECK_EVENT_OPERATOR:
  246:	  0170	E5 30		    MOV A, RX_BYTE
  247:	  0172	B4 C0 02	    CJNE A, #EV_OP_ADD, TRY_OP_SUB
  248:	  0175	80 35		    SJMP DISPLAY_OPERATOR
  249:	  0177			TRY_OP_SUB:
  250:	  0177	B4 C1 02	    CJNE A, #EV_OP_SUB, TRY_OP_MUL
  251:	  017A	80 30		    SJMP DISPLAY_OPERATOR
  252:	  017C			TRY_OP_MUL:
  253:	  017C	B4 C2 02	    CJNE A, #EV_OP_MUL, TRY_OP_DIV
  254:	  017F	80 2B		    SJMP DISPLAY_OPERATOR
  255:	  0181			TRY_OP_DIV:
  256:	  0181	B4 C3 02	    CJNE A, #EV_OP_DIV, TRY_OP_AND
  257:	  0184	80 26		    SJMP DISPLAY_OPERATOR
  258:	  0186			TRY_OP_AND:
  259:	  0186	B4 C4 02	    CJNE A, #EV_OP_AND, TRY_OP_OR
  260:	  0189	80 21		    SJMP DISPLAY_OPERATOR
  261:	  018B			TRY_OP_OR:
  262:	  018B	B4 C5 02	    CJNE A, #EV_OP_OR, TRY_OP_XOR
  263:	  018E	80 1C		    SJMP DISPLAY_OPERATOR
  264:	  0190			TRY_OP_XOR:
  265:	  0190	B4 C6 02	    CJNE A, #EV_OP_XOR, TRY_OP_NOT
  266:	  0193	80 17		    SJMP DISPLAY_OPERATOR
  267:	  0195			TRY_OP_NOT:

ASEM-51 V1.3                                         Copyright (c) 2002 by W.W. Heinz                                         PAGE 6



 Line  I  Addr  Code            Source

  268:	  0195	B4 C7 02	    CJNE A, #EV_OP_NOT, TRY_OP_SQUARE
  269:	  0198	80 12		    SJMP DISPLAY_OPERATOR
  270:	  019A			TRY_OP_SQUARE:
  271:	  019A	B4 C8 02	    CJNE A, #EV_OP_SQUARE, TRY_OP_POWER
  272:	  019D	80 0D		    SJMP DISPLAY_OPERATOR
  273:	  019F			TRY_OP_POWER:
  274:	  019F	B4 C9 02	    CJNE A, #EV_OP_POWER, TRY_OP_SQRT
  275:	  01A2	80 08		    SJMP DISPLAY_OPERATOR
  276:	  01A4			TRY_OP_SQRT:
  277:	  01A4	B4 CA 02	    CJNE A, #EV_OP_SQRT, NOT_SQRT_OP
  278:	  01A7	80 03		    SJMP DISPLAY_OPERATOR
  279:
  280:	  01A9			NOT_SQRT_OP:
  281:	  01A9	02 00 33		LJMP DISPLAY_LOOP
  282:
  283:	  01AC			DISPLAY_OPERATOR:
  284:	  01AC	E5 30		    MOV A, RX_BYTE
  285:	  01AE	B4 C8 19	    CJNE A, #EV_OP_SQUARE, CHECK_OP_POWER
  286:	  01B1	C2 01		    CLR 20H.1
  287:	  01B3	75 54 02		MOV LAST_CHAR_LEN, #02H   ; Square outputs 2 characters (^2)
  288:	  01B6	74 5E		    MOV A, #'^'
  289:	  01B8	12 06 E0	    LCALL LCD_DATA
  290:	  01BB	74 32		    MOV A, #'2'
  291:	  01BD	12 06 E0	    LCALL LCD_DATA
  292:	  01C0	05 56		    INC INPUT_CURSOR_ADDR
  293:	  01C2	05 56		    INC INPUT_CURSOR_ADDR
  294:	  01C4	12 07 17	    LCALL LCD_CURSOR_OFF
  295:	  01C7	02 00 33	    LJMP DISPLAY_LOOP
  296:	  01CA			CHECK_OP_POWER:
  297:	  01CA	B4 C9 08	    CJNE A, #EV_OP_POWER, CHECK_OP_SQRT
  298:	  01CD	85 30 3A	    MOV BIT_TEMP, RX_BYTE
  299:	  01D0	75 30 5E	    MOV RX_BYTE, #'^'
  300:	  01D3	80 21		    SJMP DISPLAY_ONE_COMMON
  301:	  01D5			CHECK_OP_SQRT:
  302:	  01D5	B4 CA 12	    CJNE A, #EV_OP_SQRT, DISPLAY_TABLE_OPERATOR
  303:	  01D8	C2 01		    CLR 20H.1
  304:	  01DA	75 54 01		MOV LAST_CHAR_LEN, #01H   ; SQRT outputs 1 character (v)
  305:	  01DD	74 76		    MOV A, #'v'
  306:	  01DF	12 06 E0	    LCALL LCD_DATA
  307:	  01E2	05 56		    INC INPUT_CURSOR_ADDR
  308:	  01E4	12 07 17	    LCALL LCD_CURSOR_OFF
  309:	  01E7	02 00 33	    LJMP DISPLAY_LOOP
  310:	  01EA			DISPLAY_TABLE_OPERATOR:
  311:	  01EA	85 30 3A	    MOV BIT_TEMP, RX_BYTE
  312:	  01ED	C3		    CLR C
  313:	  01EE	94 C0		    SUBB A, #EV_OP_ADD
  314:	  01F0	90 07 75	    MOV DPTR, #OPERATOR_SYMBOLS
  315:	  01F3	93		    MOVC A, @A+DPTR
  316:	  01F4	F5 30		    MOV RX_BYTE, A
  317:	  01F6			DISPLAY_ONE_COMMON:
  318:	  01F6	75 54 01		MOV LAST_CHAR_LEN, #01H   ; Standard binary operators = 1 char
  319:	  01F9	30 01 18	    JNB 20H.1, DISPLAY_NEW_BINARY_OPERATOR
  320:	  01FC	E5 31		    MOV A, DISPLAY_MODE
  321:	  01FE	B4 02 07	    CJNE A, #02H, DISPLAY_REPLACE_NORMAL_OPERATOR
  322:	  0201	E5 30		    MOV A, RX_BYTE
  323:	  0203	12 04 79	    LCALL LOGIC_REPLACE_LAST_CHAR

ASEM-51 V1.3                                         Copyright (c) 2002 by W.W. Heinz                                         PAGE 7



 Line  I  Addr  Code            Source

  324:	  0206	80 21		    SJMP OPERATOR_CHARACTER_DONE
  325:	  0208			DISPLAY_REPLACE_NORMAL_OPERATOR:
  326:	  0208	74 10		    MOV A, #010H
  327:	  020A	12 06 DC	    LCALL LCD_CMD
  328:	  020D	E5 30		    MOV A, RX_BYTE
  329:	  020F	12 06 E0	    LCALL LCD_DATA
  330:	  0212	80 15		    SJMP OPERATOR_CHARACTER_DONE
  331:	  0214			DISPLAY_NEW_BINARY_OPERATOR:
  332:	  0214	D2 01		    SETB 20H.1
  333:	  0216			DISPLAY_APPEND_OPERATOR:
  334:	  0216	E5 31		    MOV A, DISPLAY_MODE
  335:	  0218	B4 02 07	    CJNE A, #02H, DISPLAY_NORMAL_OPERATOR
  336:	  021B	E5 30		    MOV A, RX_BYTE
  337:	  021D	12 04 56	    LCALL LOGIC_APPEND_CHAR
  338:	  0220	80 07		    SJMP OPERATOR_CHARACTER_DONE
  339:	  0222			DISPLAY_NORMAL_OPERATOR:
  340:	  0222	E5 30		    MOV A, RX_BYTE
  341:	  0224	12 06 E0	    LCALL LCD_DATA
  342:	  0227	05 56		    INC INPUT_CURSOR_ADDR
  343:	  0229			OPERATOR_CHARACTER_DONE:
  344:	  0229	E5 3A		    MOV A, BIT_TEMP
  345:	  022B	B4 C7 06	    CJNE A, #EV_OP_NOT, DISPLAY_BINARY_CURSOR
  346:	  022E	12 07 17	    LCALL LCD_CURSOR_OFF
  347:	  0231	02 00 33	    LJMP DISPLAY_LOOP
  348:	  0234			DISPLAY_BINARY_CURSOR:
  349:	  0234	12 07 10	    LCALL LCD_CURSOR_ON
  350:	  0237			DISPLAY_LOOP_JUMP:
  351:	  0237	02 00 33	    LJMP DISPLAY_LOOP
  352:
  353:	  023A			HANDLE_LCD_BACKSPACE:
  354:	  023A	E5 31		    MOV A, DISPLAY_MODE
  355:	  023C	B4 02 2E	    CJNE A, #02H, LCD_BS_NORMAL
  356:
  357:				    ; --- MODE 2 (LOGIC) DISPLAY BACKSPACE ---
  358:	  023F	E5 52		    MOV A, EXPR_LEN
  359:	  0241	60 48		    JZ LCD_BS_DONE
  360:	  0243	15 52		    DEC EXPR_LEN
  361:	  0245	12 02 4D	    LCALL LOGIC_REFRESH_OPERATOR_FLAG
  362:	  0248	12 04 B0	    LCALL LOGIC_REDRAW
  363:	  024B	80 3E		    SJMP LCD_BS_DONE
  364:
  365:	  024D			LOGIC_REFRESH_OPERATOR_FLAG:
  366:				    ; Rebuild the replaceable-operator state from the new last character.
  367:	  024D	C2 01		    CLR 20H.1
  368:	  024F	E5 52		    MOV A, EXPR_LEN
  369:	  0251	60 19		    JZ LOGIC_OPERATOR_FLAG_DONE
  370:	  0253	14		    DEC A
  371:	  0254	24 40		    ADD A, #EXPR_BUF
  372:	  0256	F8		    MOV R0, A
  373:	  0257	E6		    MOV A, @R0
  374:	  0258	B4 26 02	    CJNE A, #'&', LOGIC_FLAG_CHECK_OR
  375:	  025B	80 0D		    SJMP LOGIC_SET_OPERATOR_FLAG
  376:	  025D			LOGIC_FLAG_CHECK_OR:
  377:	  025D	B4 7C 02	    CJNE A, #'|', LOGIC_FLAG_CHECK_XOR
  378:	  0260	80 08		    SJMP LOGIC_SET_OPERATOR_FLAG
  379:	  0262			LOGIC_FLAG_CHECK_XOR:

ASEM-51 V1.3                                         Copyright (c) 2002 by W.W. Heinz                                         PAGE 8



 Line  I  Addr  Code            Source

  380:	  0262	B4 5E 02	    CJNE A, #'^', LOGIC_FLAG_CHECK_NOT
  381:	  0265	80 03		    SJMP LOGIC_SET_OPERATOR_FLAG
  382:	  0267			LOGIC_FLAG_CHECK_NOT:
  383:	  0267	B4 21 02	    CJNE A, #'!', LOGIC_OPERATOR_FLAG_DONE
  384:	  026A			LOGIC_SET_OPERATOR_FLAG:
  385:	  026A	D2 01		    SETB 20H.1
  386:	  026C			LOGIC_OPERATOR_FLAG_DONE:
  387:	  026C	22		    RET
  388:
  389:	  026D			LCD_BS_NORMAL:
  390:				    ; --- MODE 1 & 3 DISPLAY BACKSPACE ---
  391:	  026D	85 54 3A	    MOV BIT_TEMP, LAST_CHAR_LEN
  392:	  0270	12 02 BC	    LCALL ERASE_ONE_LCD_CHAR
  393:	  0273	75 54 01	    MOV LAST_CHAR_LEN, #01H
  394:
  395:				    ; Check if last element was 2 characters wide (^2)
  396:	  0276	E5 3A		    MOV A, BIT_TEMP
  397:	  0278	B4 02 0D	    CJNE A, #02H, LCD_BS_RESTORE_CURSOR
  398:	  027B	30 05 07	    JNB 20H.5, LCD_BS_ERASE_SECOND
  399:	  027E	E5 56		    MOV A, INPUT_CURSOR_ADDR
  400:	  0280	B4 83 02	    CJNE A, #083H, LCD_BS_ERASE_SECOND
  401:	  0283	80 03		    SJMP LCD_BS_RESTORE_CURSOR   ; Do not erase the S in ANS
  402:	  0285			LCD_BS_ERASE_SECOND:
  403:	  0285	12 02 BC	    LCALL ERASE_ONE_LCD_CHAR    ; Erase second character slot ('^')
  404:
  405:	  0288			LCD_BS_RESTORE_CURSOR:
  406:	  0288	75 54 01	    MOV LAST_CHAR_LEN, #01H    ; Reset default width to 1
  407:	  028B			LCD_BS_DONE:
  408:	  028B	02 07 10	    LJMP LCD_CURSOR_ON
  409:
  410:	  028E			HANDLE_LCD_BACKSPACE_ANS:
  411:				    ; ANS is one logical token, not three independent characters.
  412:	  028E	C2 01		    CLR 20H.1
  413:	  0290	C2 05		    CLR 20H.5
  414:	  0292	E5 31		    MOV A, DISPLAY_MODE
  415:	  0294	B4 02 09	    CJNE A, #02H, LCD_BS_ANS_NORMAL
  416:	  0297	12 04 4F	    LCALL LOGIC_BUFFER_RESET
  417:	  029A	12 04 B0	    LCALL LOGIC_REDRAW
  418:	  029D	02 07 10	    LJMP LCD_CURSOR_ON
  419:	  02A0			LCD_BS_ANS_NORMAL:
  420:	  02A0	74 80		    MOV A, #LCD_LINE1
  421:	  02A2	12 06 DC	    LCALL LCD_CMD
  422:	  02A5	78 03		    MOV R0, #03H
  423:	  02A7			LCD_BS_ANS_CLEAR_LOOP:
  424:	  02A7	74 20		    MOV A, #' '
  425:	  02A9	12 06 E0	    LCALL LCD_DATA
  426:	  02AC	D8 F9		    DJNZ R0, LCD_BS_ANS_CLEAR_LOOP
  427:	  02AE	75 56 80	    MOV INPUT_CURSOR_ADDR, #LCD_LINE1
  428:	  02B1	75 54 01	    MOV LAST_CHAR_LEN, #01H
  429:	  02B4	74 80		    MOV A, #LCD_LINE1            ; Move the physical LCD cursor to column 1
  430:	  02B6	12 06 DC	    LCALL LCD_CMD
  431:	  02B9	02 07 10	    LJMP LCD_CURSOR_ON
  432:
  433:	  02BC			ERASE_ONE_LCD_CHAR:
  434:	  02BC	E5 56		    MOV A, INPUT_CURSOR_ADDR
  435:	  02BE	B4 80 01	    CJNE A, #LCD_LINE1, PERFORM_LCD_ERASE

ASEM-51 V1.3                                         Copyright (c) 2002 by W.W. Heinz                                         PAGE 9



 Line  I  Addr  Code            Source

  436:	  02C1	22		    RET                          ; Never wrap before LCD line 1
  437:	  02C2			PERFORM_LCD_ERASE:
  438:	  02C2	14		    DEC A
  439:	  02C3	F5 56		    MOV INPUT_CURSOR_ADDR, A
  440:	  02C5	12 06 DC	    LCALL LCD_CMD
  441:	  02C8	74 20		    MOV A, #' '                 ; Write blank space
  442:	  02CA	12 06 E0	    LCALL LCD_DATA
  443:	  02CD	E5 56		    MOV A, INPUT_CURSOR_ADDR
  444:	  02CF	02 06 DC	    LJMP LCD_CMD
  445:
  446:	  02D2			LCD_SOFT_POWER_OFF:
  447:	  02D2	C2 01		    CLR 20H.1
  448:	  02D4	C2 03		    CLR 20H.3
  449:	  02D6	C2 04		    CLR 20H.4
  450:	  02D8	C2 05		    CLR 20H.5
  451:	  02DA	C2 06		    CLR 20H.6
  452:	  02DC	74 08		    MOV A, #008H                 ; Display off, cursor off, DDRAM preserved
  453:	  02DE	02 06 DC	    LJMP LCD_CMD
  454:
  455:				; HARDWARE UART RECEIVER AND ACK TRANSMITTER
  456:	  02E1			UART_INIT:
  457:	  02E1	53 89 0F	    ANL TMOD, #0FH
  458:	  02E4	43 89 20	    ORL TMOD, #020H
  459:	  02E7	53 87 7F	    ANL PCON, #07FH
  460:	  02EA	75 8D FD	    MOV TH1, #0FDH
  461:	  02ED	75 8B FD	    MOV TL1, #0FDH
  462:	  02F0	75 98 50	    MOV SCON, #050H
  463:	  02F3	C2 99		    CLR TI
  464:	  02F5	C2 98		    CLR RI
  465:	  02F7	D2 8E		    SETB TR1
  466:	  02F9	22		    RET
  467:
  468:	  02FA			RECEIVE_BYTE:
  469:	  02FA			RECEIVE_WAIT_BYTE:
  470:	  02FA	30 98 FD	    JNB RI, RECEIVE_WAIT_BYTE
  471:	  02FD	E5 99		    MOV A, SBUF
  472:	  02FF	C2 98		    CLR RI
  473:	  0301	F5 30		    MOV RX_BYTE, A
  474:	  0303	C2 99		    CLR TI
  475:	  0305	75 99 06	    MOV SBUF, #006H
  476:	  0308			RECEIVE_WAIT_ACK_SENT:
  477:	  0308	30 99 FD	    JNB TI, RECEIVE_WAIT_ACK_SENT
  478:	  030B	C2 99		    CLR TI
  479:	  030D	E5 30		    MOV A, RX_BYTE
  480:	  030F	22		    RET
  481:
  482:				; SCREEN STATES
  483:	  0310			SHOW_STARTUP:
  484:	  0310	75 31 00	    MOV DISPLAY_MODE, #00H
  485:	  0313	12 07 17	    LCALL LCD_CURSOR_OFF
  486:	  0316	74 01		    MOV A, #01H
  487:	  0318	12 06 DC	    LCALL LCD_CMD
  488:	  031B	74 C5		    MOV A, #0C5H
  489:	  031D	12 06 DC	    LCALL LCD_CMD
  490:	  0320	90 07 7D	    MOV DPTR, #STR_READY
  491:	  0323	12 06 F1	    LCALL LCD_PUTS

ASEM-51 V1.3                                        Copyright (c) 2002 by W.W. Heinz                                         PAGE 10



 Line  I  Addr  Code            Source

  492:	  0326	12 07 43	    LCALL READY_DELAY
  493:	  0329	02 03 2C	    LJMP SHOW_MODE_MENU
  494:
  495:	  032C			SHOW_MODE_MENU:
  496:	  032C	75 31 00	    MOV DISPLAY_MODE, #00H
  497:	  032F	C2 01		    CLR 20H.1
  498:	  0331	C2 04		    CLR 20H.4
  499:	  0333	C2 05		    CLR 20H.5
  500:	  0335	C2 06		    CLR 20H.6
  501:	  0337	12 04 4F	    LCALL LOGIC_BUFFER_RESET
  502:	  033A	12 07 17	    LCALL LCD_CURSOR_OFF
  503:	  033D	74 01		    MOV A, #01H
  504:	  033F	12 06 DC	    LCALL LCD_CMD
  505:	  0342	90 07 87	    MOV DPTR, #STR_SELECT_MODES
  506:	  0345	12 06 F1	    LCALL LCD_PUTS
  507:	  0348	74 C0		    MOV A, #LCD_LINE2
  508:	  034A	12 06 DC	    LCALL LCD_CMD
  509:	  034D	90 07 97	    MOV DPTR, #STR_MODE_MENU
  510:	  0350	12 06 F1	    LCALL LCD_PUTS
  511:	  0353	22		    RET
  512:
  513:	  0354			SHOW_MODE_STATUS:
  514:	  0354	E5 31		    MOV A, DISPLAY_MODE
  515:	  0356	60 D4		    JZ SHOW_MODE_MENU
  516:	  0358	C2 01		    CLR 20H.1
  517:	  035A	C2 05		    CLR 20H.5
  518:	  035C	C2 06		    CLR 20H.6
  519:	  035E	12 04 4F	    LCALL LOGIC_BUFFER_RESET
  520:	  0361	74 01		    MOV A, #01H
  521:	  0363	12 06 DC	    LCALL LCD_CMD
  522:	  0366	75 55 00	    MOV MODE_SCROLL_OFFSET, #00H
  523:	  0369	75 56 80	    MOV INPUT_CURSOR_ADDR, #LCD_LINE1
  524:	  036C	D2 04		    SETB 20H.4
  525:	  036E	12 03 79	    LCALL MODE_SCROLL_STEP
  526:	  0371	74 80		    MOV A, #LCD_LINE1
  527:	  0373	12 06 DC	    LCALL LCD_CMD
  528:	  0376	02 07 10	    LJMP LCD_CURSOR_ON
  529:
  530:				; RIGHT-SCROLLING MODE TITLES
  531:				; Each 16-character phrase is stored twice. Decreasing the start offset makes
  532:				; the visible 16-character window rotate one cell to the right.
  533:	  0379			MODE_SCROLL_STEP:
  534:	  0379	74 0C		    MOV A, #00CH               ; Hide cursor while line 2 is being redrawn
  535:	  037B	12 06 DC	    LCALL LCD_CMD
  536:	  037E	E5 31		    MOV A, DISPLAY_MODE
  537:	  0380	B4 01 05	    CJNE A, #01H, MODE_SCROLL_LOGICAL
  538:	  0383	90 07 CB	    MOV DPTR, #SCROLL_ARITHMETIC
  539:	  0386	80 0B		    SJMP MODE_SCROLL_TABLE_READY
  540:	  0388			MODE_SCROLL_LOGICAL:
  541:	  0388	B4 02 05	    CJNE A, #02H, MODE_SCROLL_ADVANCE
  542:	  038B	90 07 EB	    MOV DPTR, #SCROLL_LOGICAL
  543:	  038E	80 03		    SJMP MODE_SCROLL_TABLE_READY
  544:	  0390			MODE_SCROLL_ADVANCE:
  545:	  0390	90 08 0B	    MOV DPTR, #SCROLL_ADVANCE
  546:	  0393			MODE_SCROLL_TABLE_READY:
  547:	  0393	E5 82		    MOV A, DPL

ASEM-51 V1.3                                        Copyright (c) 2002 by W.W. Heinz                                         PAGE 11



 Line  I  Addr  Code            Source

  548:	  0395	25 55		    ADD A, MODE_SCROLL_OFFSET
  549:	  0397	F5 82		    MOV DPL, A
  550:	  0399	E5 83		    MOV A, DPH
  551:	  039B	34 00		    ADDC A, #00H
  552:	  039D	F5 83		    MOV DPH, A
  553:	  039F	74 C0		    MOV A, #LCD_LINE2
  554:	  03A1	12 06 DC	    LCALL LCD_CMD
  555:	  03A4	78 10		    MOV R0, #LCD_WIDTH
  556:	  03A6			MODE_SCROLL_DRAW:
  557:	  03A6	E4		    CLR A
  558:	  03A7	93		    MOVC A, @A+DPTR
  559:	  03A8	12 06 E0	    LCALL LCD_DATA
  560:	  03AB	A3		    INC DPTR
  561:	  03AC	D8 F8		    DJNZ R0, MODE_SCROLL_DRAW
  562:	  03AE	15 55		    DEC MODE_SCROLL_OFFSET
  563:	  03B0	E5 55		    MOV A, MODE_SCROLL_OFFSET
  564:	  03B2	54 0F		    ANL A, #0FH
  565:	  03B4	F5 55		    MOV MODE_SCROLL_OFFSET, A
  566:	  03B6	E5 56		    MOV A, INPUT_CURSOR_ADDR
  567:	  03B8	12 06 DC	    LCALL LCD_CMD
  568:	  03BB	30 03 05	    JNB 20H.3, MODE_SCROLL_CURSOR_DONE
  569:	  03BE	74 0F		    MOV A, #00FH
  570:	  03C0	12 06 DC	    LCALL LCD_CMD
  571:	  03C3			MODE_SCROLL_CURSOR_DONE:
  572:	  03C3	22		    RET
  573:
  574:	  03C4			SHOW_ANS_EXPRESSION:
  575:	  03C4	C2 01		    CLR 20H.1
  576:	  03C6	D2 05		    SETB 20H.5
  577:	  03C8	C2 06		    CLR 20H.6
  578:	  03CA	75 54 01	    MOV LAST_CHAR_LEN, #01H
  579:	  03CD	74 01		    MOV A, #01H
  580:	  03CF	12 06 DC	    LCALL LCD_CMD
  581:	  03D2	E5 31		    MOV A, DISPLAY_MODE
  582:	  03D4	B4 02 15	    CJNE A, #02H, SHOW_NORMAL_ANS
  583:	  03D7	12 04 4F	    LCALL LOGIC_BUFFER_RESET
  584:	  03DA	74 41		    MOV A, #'A'
  585:	  03DC	12 04 56	    LCALL LOGIC_APPEND_CHAR
  586:	  03DF	74 4E		    MOV A, #'N'
  587:	  03E1	12 04 56	    LCALL LOGIC_APPEND_CHAR
  588:	  03E4	74 53		    MOV A, #'S'
  589:	  03E6	12 04 56	    LCALL LOGIC_APPEND_CHAR
  590:	  03E9	02 07 10	    LJMP LCD_CURSOR_ON
  591:
  592:	  03EC			SHOW_NORMAL_ANS:
  593:	  03EC	74 80			MOV A, #LCD_LINE1
  594:	  03EE	12 06 DC		LCALL LCD_CMD
  595:	  03F1	90 07 83	    MOV DPTR, #STR_ANS
  596:	  03F4	12 06 F1	    LCALL LCD_PUTS
  597:	  03F7	75 56 83	    MOV INPUT_CURSOR_ADDR, #083H
  598:	  03FA	02 07 10	    LJMP LCD_CURSOR_ON
  599:
  600:				; DEVELOPER CREDITS SCREEN WITH RESPONSIVE DELAY
  601:				; All names share LCD line 2 as one continuous right-moving credit line.
  602:	  03FD			SHOW_CREDITS:
  603:	  03FD	C2 02		    CLR 20H.2                   ; Clear UART abort flag

ASEM-51 V1.3                                        Copyright (c) 2002 by W.W. Heinz                                         PAGE 12



 Line  I  Addr  Code            Source

  604:	  03FF	C2 04		    CLR 20H.4                   ; Stop the mode-title marquee
  605:	  0401	12 07 17	    LCALL LCD_CURSOR_OFF
  606:	  0404	74 01		    MOV A, #01H                 ; Clear display
  607:	  0406	12 06 DC	    LCALL LCD_CMD
  608:	  0409	74 80		    MOV A, #LCD_LINE1
  609:	  040B	12 06 DC	    LCALL LCD_CMD
  610:	  040E	90 08 70	    MOV DPTR, #STR_DEV_BY
  611:	  0411	12 06 F1	    LCALL LCD_PUTS
  612:
  613:	  0414			CREDITS_LOOP:
  614:				    ; Read the combined line backwards by window position. The text itself is
  615:				    ; stored in reverse developer order so Daniel is the first name seen.
  616:	  0414	75 57 4A	    MOV CREDIT_SCROLL_OFFSET, #4AH ; Centered Daniel window (offset 74)
  617:	  0417	75 59 4B	    MOV CREDIT_FRAME_COUNT, #4BH   ; Draw offsets 74 down to 0
  618:	  041A			CREDITS_FRAME_LOOP:
  619:	  041A	12 04 2E	    LCALL CREDITS_SCROLL_STEP
  620:	  041D	12 07 5C	    LCALL MODE_SCROLL_DELAY
  621:	  0420	20 98 05	    JB RI, CREDITS_UART_PENDING
  622:	  0423	D5 59 F4	    DJNZ CREDIT_FRAME_COUNT, CREDITS_FRAME_LOOP
  623:	  0426	80 EC		    SJMP CREDITS_LOOP
  624:
  625:	  0428			CREDITS_UART_PENDING:
  626:	  0428	D2 02		    SETB 20H.2
  627:
  628:	  042A			CREDITS_ABORT:
  629:	  042A	12 03 54	    LCALL SHOW_MODE_STATUS
  630:	  042D	22		    RET
  631:
  632:	  042E			CREDITS_SCROLL_STEP:
  633:	  042E	90 08 7E	    MOV DPTR, #SCROLL_DEV_ALL
  634:	  0431	E5 82		    MOV A, DPL
  635:	  0433	25 57		    ADD A, CREDIT_SCROLL_OFFSET
  636:	  0435	F5 82		    MOV DPL, A
  637:	  0437	E5 83		    MOV A, DPH
  638:	  0439	34 00		    ADDC A, #00H
  639:	  043B	F5 83		    MOV DPH, A
  640:	  043D	74 C0		    MOV A, #LCD_LINE2
  641:	  043F	12 06 DC	    LCALL LCD_CMD
  642:	  0442	78 10		    MOV R0, #LCD_WIDTH
  643:	  0444			CREDITS_SCROLL_DRAW:
  644:	  0444	E4		    CLR A
  645:	  0445	93		    MOVC A, @A+DPTR
  646:	  0446	12 06 E0	    LCALL LCD_DATA
  647:	  0449	A3		    INC DPTR
  648:	  044A	D8 F8		    DJNZ R0, CREDITS_SCROLL_DRAW
  649:	  044C	15 57		    DEC CREDIT_SCROLL_OFFSET
  650:	  044E	22		    RET
  651:
  652:				; LOGICAL EXPRESSION BUFFER AND 16-CHARACTER MANUAL WINDOW
  653:	  044F			LOGIC_BUFFER_RESET:
  654:	  044F	75 52 00	    MOV EXPR_LEN, #00H
  655:	  0452	75 53 00	    MOV EXPR_VIEW, #00H
  656:	  0455	22		    RET
  657:
  658:	  0456			LOGIC_APPEND_CHAR:
  659:	  0456	F5 30		    MOV RX_BYTE, A

ASEM-51 V1.3                                        Copyright (c) 2002 by W.W. Heinz                                         PAGE 13



 Line  I  Addr  Code            Source

  660:	  0458	E5 52		    MOV A, EXPR_LEN
  661:	  045A	B4 12 01	    CJNE A, #EXPR_MAX, LOGIC_APPEND_SPACE_AVAILABLE
  662:	  045D	22		    RET
  663:	  045E			LOGIC_APPEND_SPACE_AVAILABLE:
  664:	  045E	78 40		    MOV R0, #EXPR_BUF
  665:	  0460	28		    ADD A, R0
  666:	  0461	F8		    MOV R0, A
  667:	  0462	E5 30		    MOV A, RX_BYTE
  668:	  0464	F6		    MOV @R0, A
  669:	  0465	05 52		    INC EXPR_LEN
  670:	  0467	E5 52		    MOV A, EXPR_LEN
  671:	  0469	C3		    CLR C
  672:	  046A	94 10		    SUBB A, #LCD_WIDTH
  673:	  046C	40 06		    JC LOGIC_APPEND_FIRST_WINDOW
  674:	  046E	60 04		    JZ LOGIC_APPEND_FIRST_WINDOW
  675:	  0470	F5 53		    MOV EXPR_VIEW, A
  676:	  0472	80 3C		    SJMP LOGIC_REDRAW
  677:	  0474			LOGIC_APPEND_FIRST_WINDOW:
  678:	  0474	75 53 00	    MOV EXPR_VIEW, #00H
  679:	  0477	80 37		    SJMP LOGIC_REDRAW
  680:
  681:	  0479			LOGIC_REPLACE_LAST_CHAR:
  682:	  0479	F5 30		    MOV RX_BYTE, A
  683:	  047B	E5 52		    MOV A, EXPR_LEN
  684:	  047D	60 0A		    JZ LOGIC_REPLACE_DONE
  685:	  047F	14		    DEC A
  686:	  0480	24 40		    ADD A, #EXPR_BUF
  687:	  0482	F8		    MOV R0, A
  688:	  0483	E5 30		    MOV A, RX_BYTE
  689:	  0485	F6		    MOV @R0, A
  690:	  0486	12 04 B0	    LCALL LOGIC_REDRAW
  691:	  0489			LOGIC_REPLACE_DONE:
  692:	  0489	22		    RET
  693:
  694:	  048A			LOGIC_SCROLL_LEFT:
  695:	  048A	E5 31		    MOV A, DISPLAY_MODE
  696:	  048C	B4 02 20	    CJNE A, #02H, LOGIC_SCROLL_DONE
  697:	  048F	E5 52		    MOV A, EXPR_LEN
  698:	  0491	C3		    CLR C
  699:	  0492	94 10		    SUBB A, #LCD_WIDTH
  700:	  0494	40 19		    JC LOGIC_SCROLL_DONE
  701:	  0496	60 17		    JZ LOGIC_SCROLL_DONE
  702:	  0498	75 53 00	    MOV EXPR_VIEW, #00H
  703:	  049B	80 13		    SJMP LOGIC_REDRAW
  704:
  705:	  049D			LOGIC_SCROLL_RIGHT:
  706:	  049D	E5 31		    MOV A, DISPLAY_MODE
  707:	  049F	B4 02 0D	    CJNE A, #02H, LOGIC_SCROLL_DONE
  708:	  04A2	E5 52		    MOV A, EXPR_LEN
  709:	  04A4	C3		    CLR C
  710:	  04A5	94 10		    SUBB A, #LCD_WIDTH
  711:	  04A7	40 06		    JC LOGIC_SCROLL_DONE
  712:	  04A9	60 04		    JZ LOGIC_SCROLL_DONE
  713:	  04AB	F5 53		    MOV EXPR_VIEW, A
  714:	  04AD	80 01		    SJMP LOGIC_REDRAW
  715:	  04AF			LOGIC_SCROLL_DONE:

ASEM-51 V1.3                                        Copyright (c) 2002 by W.W. Heinz                                         PAGE 14



 Line  I  Addr  Code            Source

  716:	  04AF	22		    RET
  717:
  718:	  04B0			LOGIC_REDRAW:
  719:	  04B0	74 80		    MOV A, #LCD_LINE1
  720:	  04B2	12 06 DC	    LCALL LCD_CMD
  721:	  04B5	78 40		    MOV R0, #EXPR_BUF
  722:	  04B7	E5 53		    MOV A, EXPR_VIEW
  723:	  04B9	28		    ADD A, R0
  724:	  04BA	F8		    MOV R0, A
  725:	  04BB	E5 52		    MOV A, EXPR_LEN
  726:	  04BD	C3		    CLR C
  727:	  04BE	95 53		    SUBB A, EXPR_VIEW
  728:	  04C0	F9		    MOV R1, A
  729:	  04C1	B4 10 02	    CJNE A, #LCD_WIDTH, LOGIC_VISIBLE_COMPARE
  730:	  04C4	80 04		    SJMP LOGIC_VISIBLE_READY
  731:	  04C6			LOGIC_VISIBLE_COMPARE:
  732:	  04C6	40 02		    JC LOGIC_VISIBLE_READY
  733:	  04C8	79 10		    MOV R1, #LCD_WIDTH
  734:	  04CA			LOGIC_VISIBLE_READY:
  735:	  04CA	89 30		    MOV RX_BYTE, R1
  736:	  04CC	E9		    MOV A, R1
  737:	  04CD	60 07		    JZ LOGIC_FILL_SPACES
  738:	  04CF			LOGIC_DRAW_LOOP:
  739:	  04CF	E6		    MOV A, @R0
  740:	  04D0	12 06 E0	    LCALL LCD_DATA
  741:	  04D3	08		    INC R0
  742:	  04D4	D9 F9		    DJNZ R1, LOGIC_DRAW_LOOP
  743:	  04D6			LOGIC_FILL_SPACES:
  744:	  04D6	74 10		    MOV A, #LCD_WIDTH
  745:	  04D8	C3		    CLR C
  746:	  04D9	95 30		    SUBB A, RX_BYTE
  747:	  04DB	F9		    MOV R1, A
  748:	  04DC	E9		    MOV A, R1
  749:	  04DD	60 07		    JZ LOGIC_POSITION_CURSOR
  750:	  04DF			LOGIC_SPACE_LOOP:
  751:	  04DF	74 20		    MOV A, #' '
  752:	  04E1	12 06 E0	    LCALL LCD_DATA
  753:	  04E4	D9 F9		    DJNZ R1, LOGIC_SPACE_LOOP
  754:	  04E6			LOGIC_POSITION_CURSOR:
  755:	  04E6	E5 30		    MOV A, RX_BYTE
  756:	  04E8	B4 10 01	    CJNE A, #LCD_WIDTH, LOGIC_CURSOR_NOT_FULL
  757:	  04EB	14		    DEC A
  758:	  04EC			LOGIC_CURSOR_NOT_FULL:
  759:	  04EC	24 80		    ADD A, #LCD_LINE1
  760:	  04EE	F5 56		    MOV INPUT_CURSOR_ADDR, A
  761:	  04F0	02 06 DC	    LJMP LCD_CMD
  762:
  763:	  04F3			RECEIVE_DECIMAL_RESULT:
  764:	  04F3	12 02 FA	    LCALL RECEIVE_BYTE
  765:	  04F6	C2 00		    CLR 20H.0
  766:	  04F8	60 02		    JZ RECEIVE_RESULT_MAGNITUDE
  767:	  04FA	D2 00		    SETB 20H.0
  768:	  04FC			RECEIVE_RESULT_MAGNITUDE:
  769:	  04FC	12 02 FA	    LCALL RECEIVE_BYTE
  770:	  04FF	F5 32		    MOV RESULT_H, A
  771:	  0501	12 02 FA	    LCALL RECEIVE_BYTE

ASEM-51 V1.3                                        Copyright (c) 2002 by W.W. Heinz                                         PAGE 15



 Line  I  Addr  Code            Source

  772:	  0504	F5 33		    MOV RESULT_L, A
  773:	  0506	02 05 86	    LJMP LCD_PRINT_U16_RIGHT
  774:
  775:	  0509			RECEIVE_REMAINDER_RESULT:
  776:	  0509	12 02 FA	    LCALL RECEIVE_BYTE
  777:	  050C	C2 00		    CLR 20H.0
  778:	  050E	60 02		    JZ RECEIVE_REMAINDER_QUOTIENT
  779:	  0510	D2 00		    SETB 20H.0
  780:	  0512			RECEIVE_REMAINDER_QUOTIENT:
  781:	  0512	12 02 FA	    LCALL RECEIVE_BYTE
  782:	  0515	F5 32		    MOV RESULT_H, A
  783:	  0517	12 02 FA	    LCALL RECEIVE_BYTE
  784:	  051A	F5 33		    MOV RESULT_L, A
  785:	  051C	12 02 FA	    LCALL RECEIVE_BYTE
  786:	  051F	F5 3B		    MOV RESULT_REM_H, A
  787:	  0521	12 02 FA	    LCALL RECEIVE_BYTE
  788:	  0524	F5 3C		    MOV RESULT_REM_L, A
  789:	  0526	02 05 E9	    LJMP LCD_PRINT_REMAINDER
  790:
  791:	  0529			DISPLAY_ERROR:
  792:	  0529	F5 30		    MOV RX_BYTE, A
  793:	  052B	12 07 17	    LCALL LCD_CURSOR_OFF
  794:	  052E	12 06 FC	    LCALL LCD_CLEAR_LINE2
  795:	  0531	E5 30		    MOV A, RX_BYTE
  796:	  0533	B4 01 05	    CJNE A, #01H, ERR_CHK_ZERO
  797:	  0536	90 08 2B	    MOV DPTR, #STR_ERR_OVERFLOW
  798:	  0539	80 1B		    SJMP ERROR_PRINT
  799:	  053B			ERR_CHK_ZERO:
  800:	  053B	B4 03 05	    CJNE A, #03H, ERR_CHK_INPUT
  801:	  053E	90 08 3A	    MOV DPTR, #STR_ERR_DIV_ZERO
  802:	  0541	80 13		    SJMP ERROR_PRINT
  803:	  0543			ERR_CHK_INPUT:
  804:	  0543	B4 04 05	    CJNE A, #04H, ERR_CHK_BIT_COUNT
  805:	  0546	90 08 49	    MOV DPTR, #STR_ERR_INPUT
  806:	  0549	80 0B		    SJMP ERROR_PRINT
  807:	  054B			ERR_CHK_BIT_COUNT:
  808:	  054B	B4 08 05	    CJNE A, #08H, ERR_UNKNOWN
  809:	  054E	90 08 5A	    MOV DPTR, #STR_ERR_8_BITS
  810:	  0551	80 03		    SJMP ERROR_PRINT
  811:	  0553			ERR_UNKNOWN:
  812:	  0553	90 08 6A	    MOV DPTR, #STR_ERROR
  813:	  0556			ERROR_PRINT:
  814:	  0556	02 06 F1	    LJMP LCD_PUTS
  815:
  816:	  0559			LCD_PRINT_BIN8_RIGHT:
  817:	  0559	12 07 17	    LCALL LCD_CURSOR_OFF
  818:	  055C	74 C0		    MOV A, #LCD_LINE2
  819:	  055E	12 06 DC	    LCALL LCD_CMD
  820:	  0561	78 08		    MOV R0, #08H
  821:	  0563			BIN8_PADDING:
  822:	  0563	74 20		    MOV A, #' '
  823:	  0565	12 06 E0	    LCALL LCD_DATA
  824:	  0568	D8 F9		    DJNZ R0, BIN8_PADDING
  825:	  056A	85 33 3A	    MOV BIT_TEMP, RESULT_L
  826:	  056D	78 08		    MOV R0, #08H
  827:	  056F			BIN8_PRINT_LOOP:

ASEM-51 V1.3                                        Copyright (c) 2002 by W.W. Heinz                                         PAGE 16



 Line  I  Addr  Code            Source

  828:	  056F	E5 3A		    MOV A, BIT_TEMP
  829:	  0571	54 80		    ANL A, #080H
  830:	  0573	60 04		    JZ BIN8_PRINT_ZERO
  831:	  0575	74 31		    MOV A, #'1'
  832:	  0577	80 02		    SJMP BIN8_WRITE
  833:	  0579			BIN8_PRINT_ZERO:
  834:	  0579	74 30		    MOV A, #'0'
  835:	  057B			BIN8_WRITE:
  836:	  057B	12 06 E0	    LCALL LCD_DATA
  837:	  057E	E5 3A		    MOV A, BIT_TEMP
  838:	  0580	23		    RL A
  839:	  0581	F5 3A		    MOV BIT_TEMP, A
  840:	  0583	D8 EA		    DJNZ R0, BIN8_PRINT_LOOP
  841:	  0585	22		    RET
  842:
  843:	  0586			LCD_PRINT_U16_RIGHT:
  844:	  0586	12 07 17	    LCALL LCD_CURSOR_OFF
  845:	  0589	85 32 34	    MOV TMP_H, RESULT_H
  846:	  058C	85 33 35	    MOV TMP_L, RESULT_L
  847:	  058F	E5 34		    MOV A, TMP_H
  848:	  0591	45 35		    ORL A, TMP_L
  849:	  0593	70 14		    JNZ U16_CONVERT
  850:	  0595	74 C0		    MOV A, #LCD_LINE2
  851:	  0597	12 06 DC	    LCALL LCD_CMD
  852:	  059A	78 0F		    MOV R0, #0FH
  853:	  059C			U16_ZERO_PAD:
  854:	  059C	74 20		    MOV A, #' '
  855:	  059E	12 06 E0	    LCALL LCD_DATA
  856:	  05A1	D8 F9		    DJNZ R0, U16_ZERO_PAD
  857:	  05A3	74 30		    MOV A, #'0'
  858:	  05A5	12 06 E0	    LCALL LCD_DATA
  859:	  05A8	22		    RET
  860:	  05A9			U16_CONVERT:
  861:	  05A9	78 00		    MOV R0, #00H
  862:	  05AB			U16_DIVIDE_LOOP:
  863:	  05AB	12 06 78	    LCALL DIV_TMP_BY_10
  864:	  05AE	24 30		    ADD A, #30H
  865:	  05B0	C0 E0		    PUSH ACC
  866:	  05B2	08		    INC R0
  867:	  05B3	E5 34		    MOV A, TMP_H
  868:	  05B5	45 35		    ORL A, TMP_L
  869:	  05B7	70 F2		    JNZ U16_DIVIDE_LOOP
  870:	  05B9	88 39		    MOV DIGIT_COUNT, R0
  871:	  05BB	E8		    MOV A, R0
  872:	  05BC	30 00 01	    JNB 20H.0, U16_ALIGN_COUNT_READY
  873:	  05BF	04		    INC A
  874:	  05C0			U16_ALIGN_COUNT_READY:
  875:	  05C0	F5 F0		    MOV B, A
  876:	  05C2	74 10		    MOV A, #LCD_WIDTH
  877:	  05C4	C3		    CLR C
  878:	  05C5	95 F0		    SUBB A, B
  879:	  05C7	F9		    MOV R1, A
  880:	  05C8	74 C0		    MOV A, #LCD_LINE2
  881:	  05CA	12 06 DC	    LCALL LCD_CMD
  882:	  05CD	E9		    MOV A, R1
  883:	  05CE	60 07		    JZ U16_PADDING_DONE

ASEM-51 V1.3                                        Copyright (c) 2002 by W.W. Heinz                                         PAGE 17



 Line  I  Addr  Code            Source

  884:	  05D0			U16_PADDING_LOOP:
  885:	  05D0	74 20		    MOV A, #' '
  886:	  05D2	12 06 E0	    LCALL LCD_DATA
  887:	  05D5	D9 F9		    DJNZ R1, U16_PADDING_LOOP
  888:	  05D7			U16_PADDING_DONE:
  889:	  05D7	30 00 05	    JNB 20H.0, U16_PRINT_PREPARE
  890:	  05DA	74 2D		    MOV A, #'-'
  891:	  05DC	12 06 E0	    LCALL LCD_DATA
  892:	  05DF			U16_PRINT_PREPARE:
  893:	  05DF	A8 39		    MOV R0, DIGIT_COUNT
  894:	  05E1			U16_PRINT_LOOP:
  895:	  05E1	D0 E0		    POP ACC
  896:	  05E3	12 06 E0	    LCALL LCD_DATA
  897:	  05E6	D8 F9		    DJNZ R0, U16_PRINT_LOOP
  898:	  05E8	22		    RET
  899:
  900:	  05E9			LCD_PRINT_REMAINDER:
  901:	  05E9	12 07 17	    LCALL LCD_CURSOR_OFF
  902:	  05EC	85 32 34	    MOV TMP_H, RESULT_H
  903:	  05EF	85 33 35	    MOV TMP_L, RESULT_L
  904:	  05F2	12 06 3E	    LCALL COUNT_TMP_DIGITS
  905:	  05F5	F5 3F		    MOV TOTAL_WIDTH, A
  906:	  05F7	85 3B 34	    MOV TMP_H, RESULT_REM_H
  907:	  05FA	85 3C 35	    MOV TMP_L, RESULT_REM_L
  908:	  05FD	12 06 3E	    LCALL COUNT_TMP_DIGITS
  909:	  0600	25 3F		    ADD A, TOTAL_WIDTH
  910:	  0602	04		    INC A                        ; One character for 'R'
  911:	  0603	F5 3F		    MOV TOTAL_WIDTH, A
  912:	  0605	30 00 02	    JNB 20H.0, REMAINDER_WIDTH_READY
  913:	  0608	05 3F		    INC TOTAL_WIDTH
  914:	  060A			REMAINDER_WIDTH_READY:
  915:	  060A	74 10		    MOV A, #LCD_WIDTH
  916:	  060C	C3		    CLR C
  917:	  060D	95 3F		    SUBB A, TOTAL_WIDTH
  918:	  060F	F8		    MOV R0, A
  919:	  0610	74 C0		    MOV A, #LCD_LINE2
  920:	  0612	12 06 DC	    LCALL LCD_CMD
  921:	  0615	E8		    MOV A, R0
  922:	  0616	60 07		    JZ REMAINDER_PADDING_DONE
  923:	  0618			REMAINDER_PADDING_LOOP:
  924:	  0618	74 20		    MOV A, #' '
  925:	  061A	12 06 E0	    LCALL LCD_DATA
  926:	  061D	D8 F9		    DJNZ R0, REMAINDER_PADDING_LOOP
  927:	  061F			REMAINDER_PADDING_DONE:
  928:	  061F	30 00 05	    JNB 20H.0, REMAINDER_PRINT_QUOTIENT
  929:	  0622	74 2D		    MOV A, #'-'
  930:	  0624	12 06 E0	    LCALL LCD_DATA
  931:	  0627			REMAINDER_PRINT_QUOTIENT:
  932:	  0627	85 32 34	    MOV TMP_H, RESULT_H
  933:	  062A	85 33 35	    MOV TMP_L, RESULT_L
  934:	  062D	12 06 55	    LCALL LCD_PRINT_TMP_U16
  935:	  0630	74 52		    MOV A, #'R'
  936:	  0632	12 06 E0	    LCALL LCD_DATA
  937:	  0635	85 3B 34	    MOV TMP_H, RESULT_REM_H
  938:	  0638	85 3C 35	    MOV TMP_L, RESULT_REM_L
  939:	  063B	02 06 55	    LJMP LCD_PRINT_TMP_U16

ASEM-51 V1.3                                        Copyright (c) 2002 by W.W. Heinz                                         PAGE 18



 Line  I  Addr  Code            Source

  940:
  941:	  063E			COUNT_TMP_DIGITS:
  942:	  063E	E5 34		    MOV A, TMP_H
  943:	  0640	45 35		    ORL A, TMP_L
  944:	  0642	70 03		    JNZ COUNT_TMP_NONZERO
  945:	  0644	74 01		    MOV A, #01H
  946:	  0646	22		    RET
  947:	  0647			COUNT_TMP_NONZERO:
  948:	  0647	78 00		    MOV R0, #00H
  949:	  0649			COUNT_TMP_LOOP:
  950:	  0649	12 06 78	    LCALL DIV_TMP_BY_10
  951:	  064C	08		    INC R0
  952:	  064D	E5 34		    MOV A, TMP_H
  953:	  064F	45 35		    ORL A, TMP_L
  954:	  0651	70 F6		    JNZ COUNT_TMP_LOOP
  955:	  0653	E8		    MOV A, R0
  956:	  0654	22		    RET
  957:
  958:	  0655			LCD_PRINT_TMP_U16:
  959:	  0655	E5 34		    MOV A, TMP_H
  960:	  0657	45 35		    ORL A, TMP_L
  961:	  0659	70 05		    JNZ PRINT_TMP_CONVERT
  962:	  065B	74 30		    MOV A, #'0'
  963:	  065D	02 06 E0	    LJMP LCD_DATA
  964:	  0660			PRINT_TMP_CONVERT:
  965:	  0660	78 00		    MOV R0, #00H
  966:	  0662			PRINT_TMP_DIVIDE_LOOP:
  967:	  0662	12 06 78	    LCALL DIV_TMP_BY_10
  968:	  0665	24 30		    ADD A, #30H
  969:	  0667	C0 E0		    PUSH ACC
  970:	  0669	08		    INC R0
  971:	  066A	E5 34		    MOV A, TMP_H
  972:	  066C	45 35		    ORL A, TMP_L
  973:	  066E	70 F2		    JNZ PRINT_TMP_DIVIDE_LOOP
  974:	  0670			PRINT_TMP_LOOP:
  975:	  0670	D0 E0		    POP ACC
  976:	  0672	12 06 E0	    LCALL LCD_DATA
  977:	  0675	D8 F9		    DJNZ R0, PRINT_TMP_LOOP
  978:	  0677	22		    RET
  979:
  980:	  0678			DIV_TMP_BY_10:
  981:	  0678	75 36 00	    MOV QUO_H, #00H
  982:	  067B	75 37 00	    MOV QUO_L, #00H
  983:	  067E	75 38 00	    MOV REM_L, #00H
  984:	  0681	79 10		    MOV R1, #16
  985:	  0683			DIV10_LOOP:
  986:	  0683	C3		    CLR C
  987:	  0684	E5 35		    MOV A, TMP_L
  988:	  0686	33		    RLC A
  989:	  0687	F5 35		    MOV TMP_L, A
  990:	  0689	E5 34		    MOV A, TMP_H
  991:	  068B	33		    RLC A
  992:	  068C	F5 34		    MOV TMP_H, A
  993:	  068E	E5 38		    MOV A, REM_L
  994:	  0690	33		    RLC A
  995:	  0691	F5 38		    MOV REM_L, A

ASEM-51 V1.3                                        Copyright (c) 2002 by W.W. Heinz                                         PAGE 19



 Line  I  Addr  Code            Source

  996:	  0693	C3		    CLR C
  997:	  0694	E5 37		    MOV A, QUO_L
  998:	  0696	33		    RLC A
  999:	  0697	F5 37		    MOV QUO_L, A
 1000:	  0699	E5 36		    MOV A, QUO_H
 1001:	  069B	33		    RLC A
 1002:	  069C	F5 36		    MOV QUO_H, A
 1003:	  069E	E5 38		    MOV A, REM_L
 1004:	  06A0	C3		    CLR C
 1005:	  06A1	94 0A		    SUBB A, #10
 1006:	  06A3	40 05		    JC DIV10_LESS
 1007:	  06A5	F5 38		    MOV REM_L, A
 1008:	  06A7	43 37 01	    ORL QUO_L, #01H
 1009:	  06AA			DIV10_LESS:
 1010:	  06AA	D9 D7		    DJNZ R1, DIV10_LOOP
 1011:	  06AC	85 36 34	    MOV TMP_H, QUO_H
 1012:	  06AF	85 37 35	    MOV TMP_L, QUO_L
 1013:	  06B2	E5 38		    MOV A, REM_L
 1014:	  06B4	22		    RET
 1015:
 1016:	  06B5			LCD_INIT:
 1017:	  06B5	74 30		    MOV A, #030H
 1018:	  06B7	12 06 DC	    LCALL LCD_CMD
 1019:	  06BA	12 07 32	    LCALL LCD_DELAY
 1020:	  06BD	74 30		    MOV A, #030H
 1021:	  06BF	12 06 DC	    LCALL LCD_CMD
 1022:	  06C2	74 30		    MOV A, #030H
 1023:	  06C4	12 06 DC	    LCALL LCD_CMD
 1024:	  06C7	74 38		    MOV A, #038H
 1025:	  06C9	12 06 DC	    LCALL LCD_CMD
 1026:	  06CC	74 0C		    MOV A, #00CH
 1027:	  06CE	12 06 DC	    LCALL LCD_CMD
 1028:	  06D1	74 06		    MOV A, #006H
 1029:	  06D3	12 06 DC	    LCALL LCD_CMD
 1030:	  06D6	74 01		    MOV A, #001H
 1031:	  06D8	12 06 DC	    LCALL LCD_CMD
 1032:	  06DB	22		    RET
 1033:
 1034:	  06DC			LCD_CMD:
 1035:	  06DC	C2 A0		    CLR P2.0
 1036:	  06DE	80 02		    SJMP LCD_WRITE
 1037:	  06E0			LCD_DATA:
 1038:	  06E0	D2 A0		    SETB P2.0
 1039:	  06E2			LCD_WRITE:
 1040:	  06E2	F5 90		    MOV P1, A
 1041:	  06E4	C2 A1		    CLR P2.1
 1042:	  06E6	D2 A2		    SETB P2.2
 1043:	  06E8	12 07 2F	    LCALL SHORT_DELAY
 1044:	  06EB	C2 A2		    CLR P2.2
 1045:	  06ED	12 07 32	    LCALL LCD_DELAY
 1046:	  06F0	22		    RET
 1047:
 1048:	  06F1			LCD_PUTS:
 1049:	  06F1	E4		    CLR A
 1050:	  06F2	93		    MOVC A, @A+DPTR
 1051:	  06F3	60 06		    JZ LCD_PUTS_DONE

ASEM-51 V1.3                                        Copyright (c) 2002 by W.W. Heinz                                         PAGE 20



 Line  I  Addr  Code            Source

 1052:	  06F5	12 06 E0	    LCALL LCD_DATA
 1053:	  06F8	A3		    INC DPTR
 1054:	  06F9	80 F6		    SJMP LCD_PUTS
 1055:	  06FB			LCD_PUTS_DONE:
 1056:	  06FB	22		    RET
 1057:
 1058:	  06FC			LCD_CLEAR_LINE2:
 1059:	  06FC	74 C0		    MOV A, #LCD_LINE2
 1060:	  06FE	12 06 DC	    LCALL LCD_CMD
 1061:	  0701	78 10		    MOV R0, #LCD_WIDTH
 1062:	  0703			LCD_CLEAR_L2_LOOP:
 1063:	  0703	74 20		    MOV A, #' '
 1064:	  0705	12 06 E0	    LCALL LCD_DATA
 1065:	  0708	D8 F9		    DJNZ R0, LCD_CLEAR_L2_LOOP
 1066:	  070A	74 C0		    MOV A, #LCD_LINE2
 1067:	  070C	12 06 DC	    LCALL LCD_CMD
 1068:	  070F	22		    RET
 1069:
 1070:	  0710			LCD_CURSOR_ON:
 1071:	  0710	D2 03		    SETB 20H.3
 1072:	  0712	74 0F		    MOV A, #00FH
 1073:	  0714	02 06 DC	    LJMP LCD_CMD
 1074:	  0717			LCD_CURSOR_OFF:
 1075:	  0717	C2 03		    CLR 20H.3
 1076:	  0719	74 0C		    MOV A, #00CH
 1077:	  071B	02 06 DC	    LJMP LCD_CMD
 1078:
 1079:	  071E			LCD_POWER_DELAY:
 1080:	  071E	C0 00		    PUSH 00H
 1081:	  0720	C0 01		    PUSH 01H
 1082:	  0722	78 50		    MOV R0, #80
 1083:	  0724			LCD_POWER_D_OUTER:
 1084:	  0724	79 FF		    MOV R1, #255
 1085:	  0726	D9 FE		    DJNZ R1, $
 1086:	  0728	D8 FA		    DJNZ R0, LCD_POWER_D_OUTER
 1087:	  072A	D0 01		    POP 01H
 1088:	  072C	D0 00		    POP 00H
 1089:	  072E	22		    RET
 1090:
 1091:	  072F			SHORT_DELAY:
 1092:	  072F	00		    NOP
 1093:	  0730	00		    NOP
 1094:	  0731	22		    RET
 1095:
 1096:	  0732			LCD_DELAY:
 1097:	  0732	C0 00		    PUSH 00H
 1098:	  0734	C0 01		    PUSH 01H
 1099:	  0736	78 04		    MOV R0, #4
 1100:	  0738			LCD_D_LOOP1:
 1101:	  0738	79 FF		    MOV R1, #255
 1102:	  073A	D9 FE		    DJNZ R1, $
 1103:	  073C	D8 FA		    DJNZ R0, LCD_D_LOOP1
 1104:	  073E	D0 01		    POP 01H
 1105:	  0740	D0 00		    POP 00H
 1106:	  0742	22		    RET
 1107:

ASEM-51 V1.3                                        Copyright (c) 2002 by W.W. Heinz                                         PAGE 21



 Line  I  Addr  Code            Source

 1108:	  0743			READY_DELAY:
 1109:	  0743	C0 00		    PUSH 00H
 1110:	  0745	C0 01		    PUSH 01H
 1111:	  0747	C0 02		    PUSH 02H
 1112:	  0749	7A 08		    MOV R2, #8
 1113:	  074B			READY_D_OUTER:
 1114:	  074B	78 FF		    MOV R0, #255
 1115:	  074D			READY_D_MIDDLE:
 1116:	  074D	79 FF		    MOV R1, #255
 1117:	  074F	D9 FE		    DJNZ R1, $
 1118:	  0751	D8 FA		    DJNZ R0, READY_D_MIDDLE
 1119:	  0753	DA F6		    DJNZ R2, READY_D_OUTER
 1120:	  0755	D0 02		    POP 02H
 1121:	  0757	D0 01		    POP 01H
 1122:	  0759	D0 00		    POP 00H
 1123:	  075B	22		    RET
 1124:
 1125:	  075C			MODE_SCROLL_DELAY:
 1126:				    ; Approximately 0.28 seconds at 11.0592 MHz.
 1127:	  075C	C0 00		    PUSH 00H
 1128:	  075E	C0 01		    PUSH 01H
 1129:	  0760	C0 02		    PUSH 02H
 1130:	  0762	7A 02		    MOV R2, #02H
 1131:	  0764			MODE_SCROLL_D_OUTER:
 1132:	  0764	78 FF		    MOV R0, #0FFH
 1133:	  0766			MODE_SCROLL_D_MIDDLE:
 1134:	  0766	79 FF		    MOV R1, #0FFH
 1135:	  0768	D9 FE		    DJNZ R1, $
 1136:	  076A	D8 FA		    DJNZ R0, MODE_SCROLL_D_MIDDLE
 1137:	  076C	DA F6		    DJNZ R2, MODE_SCROLL_D_OUTER
 1138:	  076E	D0 02		    POP 02H
 1139:	  0770	D0 01		    POP 01H
 1140:	  0772	D0 00		    POP 00H
 1141:	  0774	22		    RET
 1142:
 1143:	  0775	2B 2D 2A 2F	OPERATOR_SYMBOLS:   DB '+', '-', '*', '/', '&', '|', '^', '!'
	  0779	26 7C 5E 21
 1144:	  077D	52 45 41 44	STR_READY:          DB 'READY', 00H
	  0781	59 00
 1145:	  0783	41 4E 53 00	STR_ANS:            DB 'ANS', 00H
 1146:	  0787	4D 4F 44 45	STR_SELECT_MODES:   DB 'MODES SELECTION', 00H
	  078B	53 20 53 45
	  078F	4C 45 43 54
	  0793	49 4F 4E 00
 1147:	  0797	31 3A 41 52	STR_MODE_MENU:      DB '1:AR 2:LOG 3:ADV', 00H
	  079B	20 32 3A 4C
	  079F	4F 47 20 33
	  07A3	3A 41 44 56
	  07A7	00
 1148:	  07A8	41 52 49 54	STR_ARITHMETIC:     DB 'ARITHMETIC', 00H
	  07AC	48 4D 45 54
	  07B0	49 43 00
 1149:	  07B3	38 62 69 74	STR_LOGICAL:        DB '8bit-LOGIC', 00H
	  07B7	2D 4C 4F 47
	  07BB	49 43 00
 1150:	  07BE	41 44 56 41	STR_ADDITIONAL:     DB 'ADVANCE MODE', 00H

ASEM-51 V1.3                                        Copyright (c) 2002 by W.W. Heinz                                         PAGE 22



 Line  I  Addr  Code            Source

	  07C2	4E 43 45 20
	  07C6	4D 4F 44 45
	  07CA	00
 1151:	  07CB	20 20 20 41	SCROLL_ARITHMETIC:  DB '   ARITHMETIC   '
	  07CF	52 49 54 48
	  07D3	4D 45 54 49
	  07D7	43 20 20 20
 1152:	  07DB	20 20 20 41	                    DB '   ARITHMETIC   '
	  07DF	52 49 54 48
	  07E3	4D 45 54 49
	  07E7	43 20 20 20
 1153:	  07EB	20 20 20 38	SCROLL_LOGICAL:     DB '   8bit-LOGIC   '
	  07EF	62 69 74 2D
	  07F3	4C 4F 47 49
	  07F7	43 20 20 20
 1154:	  07FB	20 20 20 38	                    DB '   8bit-LOGIC   '
	  07FF	62 69 74 2D
	  0803	4C 4F 47 49
	  0807	43 20 20 20
 1155:	  080B	20 20 41 44	SCROLL_ADVANCE:     DB '  ADVANCE MODE  '
	  080F	56 41 4E 43
	  0813	45 20 4D 4F
	  0817	44 45 20 20
 1156:	  081B	20 20 41 44	                    DB '  ADVANCE MODE  '
	  081F	56 41 4E 43
	  0823	45 20 4D 4F
	  0827	44 45 20 20
 1157:	  082B	45 52 52 4F	STR_ERR_OVERFLOW:   DB 'ERROR:OVERFLOW', 00H
	  082F	52 3A 4F 56
	  0833	45 52 46 4C
	  0837	4F 57 00
 1158:	  083A	45 52 52 4F	STR_ERR_DIV_ZERO:   DB 'ERROR:DIV ZERO', 00H
	  083E	52 3A 44 49
	  0842	56 20 5A 45
	  0846	52 4F 00
 1159:	  0849	45 52 52 4F	STR_ERR_INPUT:      DB 'ERROR:INPUT SIZE', 00H
	  084D	52 3A 49 4E
	  0851	50 55 54 20
	  0855	53 49 5A 45
	  0859	00
 1160:	  085A	45 52 52 4F	STR_ERR_8_BITS:     DB 'ERROR:MAX 8 BIT', 00H
	  085E	52 3A 4D 41
	  0862	58 20 38 20
	  0866	42 49 54 00
 1161:	  086A	45 52 52 4F	STR_ERROR:          DB 'ERROR', 00H
	  086E	52 00
 1162:				; NEW STRINGS FOR EASTER EGG CREDITS
 1163:	  0870	44 45 56 45	STR_DEV_BY:         DB 'DEVELOPED BY:', 00H
	  0874	4C 4F 50 45
	  0878	44 20 42 59
	  087C	3A 00
 1164:				; Daniel occupies the final centered 16-character window, so he appears in the
 1165:				; middle immediately. Eight spaces separate names; no separator symbol is used.
 1166:				; Reverse table order makes the right-moving order Daniel, Goh, Tan, then Then.
 1167:	  087E	20 20 20 20	SCROLL_DEV_ALL:     DB '                '
	  0882	20 20 20 20

ASEM-51 V1.3                                        Copyright (c) 2002 by W.W. Heinz                                         PAGE 23



 Line  I  Addr  Code            Source

	  0886	20 20 20 20
	  088A	20 20 20 20
 1168:	  088E	54 48 45 4E	                    DB 'THEN MUN PIN        TAN E-KEN        GOH SHAO SEAN        '
	  0892	20 4D 55 4E
	  0896	20 50 49 4E
	  089A	20 20 20 20
	  089E	20 20 20 20
	  08A2	54 41 4E 20
	  08A6	45 2D 4B 45
	  08AA	4E 20 20 20
	  08AE	20 20 20 20
	  08B2	20 47 4F 48
	  08B6	20 53 48 41
	  08BA	4F 20 53 45
	  08BE	41 4E 20 20
	  08C2	20 20 20 20
	  08C6	20 20
 1169:	  08C8	20 20 44 41	                    DB '  DANIEL CHEE   '
	  08CC	4E 49 45 4C
	  08D0	20 43 48 45
	  08D4	45 20 20 20
 1170:
 1171:				    END





                     register banks used:  ---

                     no errors




ASEM-51 V1.3                                        Copyright (c) 2002 by W.W. Heinz                                         PAGE 24





	       L I S T   O F   S Y M B O L S
	       =============================


SYMBOL				  TYPE     VALUE	LINE
------------------------------------------------------------
??ASEM_51			  NUMBER    8051
??VERSION			  NUMBER    0130
AC				  BIT	      D6
ACC				  DATA	      E0
B				  DATA	      F0
BACKSPACE_ANS_EVENT_DONE	  CODE	    011B	 205
BACKSPACE_EVENT_DONE		  CODE	    010F	 199
BIN8_PADDING			  CODE	    0563	 821
BIN8_PRINT_LOOP			  CODE	    056F	 827
BIN8_PRINT_ZERO			  CODE	    0579	 833
BIN8_WRITE			  CODE	    057B	 835
BIT_TEMP			  NUMBER    003A	  48
CHECK_EVENT_ANS			  CODE	    00B1	 155
CHECK_EVENT_BACKSPACE		  CODE	    0104	 194
CHECK_EVENT_BACKSPACE_ANS	  CODE	    0112	 201
CHECK_EVENT_BS_REMOVE_OP	  CODE	    0129	 212
CHECK_EVENT_BS_SHOW_OP		  CODE	    011E	 207
CHECK_EVENT_CLEAR		  CODE	    009F	 147
CHECK_EVENT_CREDITS		  CODE	    00F0	 185
CHECK_EVENT_EQUALS		  CODE	    00BA	 159
CHECK_EVENT_ERROR		  CODE	    0153	 231
CHECK_EVENT_MENU		  CODE	    00A8	 151
CHECK_EVENT_MODE_ADD		  CODE	    0093	 142
CHECK_EVENT_MODE_AR		  CODE	    007B	 132
CHECK_EVENT_MODE_LOG		  CODE	    0087	 137
CHECK_EVENT_OPERATOR		  CODE	    0170	 245
CHECK_EVENT_POWER_OFF		  CODE	    00FB	 190
CHECK_EVENT_RESULT_BIN		  CODE	    0141	 223
CHECK_EVENT_RESULT_DEC		  CODE	    0134	 217
CHECK_EVENT_RESULT_REM		  CODE	    0163	 238
CHECK_EVENT_SCROLL_LEFT		  CODE	    00DE	 177
CHECK_EVENT_SCROLL_RIGHT	  CODE	    00E7	 181
CHECK_EVENT_STARTUP		  CODE	    0070	 127
CHECK_OP_POWER			  CODE	    01CA	 296
CHECK_OP_SQRT			  CODE	    01D5	 301
COUNT_TMP_DIGITS		  CODE	    063E	 941
COUNT_TMP_LOOP			  CODE	    0649	 949
COUNT_TMP_NONZERO		  CODE	    0647	 947
CREDITS_ABORT			  CODE	    042A	 628
CREDITS_FRAME_LOOP		  CODE	    041A	 618
CREDITS_LOOP			  CODE	    0414	 613
CREDITS_SCROLL_DRAW		  CODE	    0444	 643
CREDITS_SCROLL_STEP		  CODE	    042E	 632
CREDITS_UART_PENDING		  CODE	    0428	 625
CREDIT_FRAME_COUNT		  NUMBER    0059	  60
CREDIT_NAME_INDEX		  NUMBER    0058	  59
CREDIT_SCROLL_OFFSET		  NUMBER    0057	  58
CY				  BIT	      D7
DIGIT_COUNT			  NUMBER    0039	  47
DISPLAY_APPEND_OPERATOR		  CODE	    0216	 333

ASEM-51 V1.3                                        Copyright (c) 2002 by W.W. Heinz                                         PAGE 25



SYMBOL				  TYPE     VALUE	LINE
------------------------------------------------------------
DISPLAY_BINARY_CURSOR		  CODE	    0234	 348
DISPLAY_DECIMAL_DIGIT		  CODE	    0061	 119
DISPLAY_ERROR			  CODE	    0529	 791
DISPLAY_HAVE_BYTE		  CODE	    0044	 105
DISPLAY_LOOP			  CODE	    0033	  97
DISPLAY_LOOP_JUMP		  CODE	    0237	 350
DISPLAY_MODE			  NUMBER    0031	  39
DISPLAY_NEW_BINARY_OPERATOR	  CODE	    0214	 331
DISPLAY_NORMAL_EQUALS		  CODE	    00D1	 170
DISPLAY_NORMAL_OPERATOR		  CODE	    0222	 339
DISPLAY_ONE_COMMON		  CODE	    01F6	 317
DISPLAY_OPERATOR		  CODE	    01AC	 283
DISPLAY_REPLACE_NORMAL_OPERATOR	  CODE	    0208	 325
DISPLAY_TABLE_OPERATOR		  CODE	    01EA	 310
DIV10_LESS			  CODE	    06AA	1009
DIV10_LOOP			  CODE	    0683	 985
DIV_TMP_BY_10			  CODE	    0678	 980
DPH				  DATA	      83
DPL				  DATA	      82
EA				  BIT	      AF
EQUALS_CURSOR_OFF		  CODE	    00D8	 174
ERASE_ONE_LCD_CHAR		  CODE	    02BC	 433
ERROR_PRINT			  CODE	    0556	 813
ERR_CHK_BIT_COUNT		  CODE	    054B	 807
ERR_CHK_INPUT			  CODE	    0543	 803
ERR_CHK_ZERO			  CODE	    053B	 799
ERR_UNKNOWN			  CODE	    0553	 811
ES				  BIT	      AC
ET0				  BIT	      A9
ET1				  BIT	      AB
EV_ANS				  NUMBER    00E6	  28
EV_BACKSPACE			  NUMBER    00EA	  32
EV_BACKSPACE_ANS		  NUMBER    00EB	  33
EV_BS_REMOVE_OP			  NUMBER    00EE	  36
EV_BS_SHOW_OP			  NUMBER    00ED	  35
EV_CLEAR			  NUMBER    00E4	  26
EV_CREDITS			  NUMBER    00CB	  16
EV_EQUALS			  NUMBER    00E7	  29
EV_ERROR			  NUMBER    00D2	  20
EV_MENU				  NUMBER    00E5	  27
EV_MODE_ADV			  NUMBER    00E3	  25
EV_MODE_AR			  NUMBER    00E1	  23
EV_MODE_LOG			  NUMBER    00E2	  24
EV_OP_ADD			  NUMBER    00C0	   5
EV_OP_AND			  NUMBER    00C4	   9
EV_OP_DIV			  NUMBER    00C3	   8
EV_OP_MUL			  NUMBER    00C2	   7
EV_OP_NOT			  NUMBER    00C7	  12
EV_OP_OR			  NUMBER    00C5	  10
EV_OP_POWER			  NUMBER    00C9	  14
EV_OP_SQRT			  NUMBER    00CA	  15
EV_OP_SQUARE			  NUMBER    00C8	  13
EV_OP_SUB			  NUMBER    00C1	   6
EV_OP_XOR			  NUMBER    00C6	  11
EV_POWER_OFF			  NUMBER    00EC	  34
EV_RESULT_BIN			  NUMBER    00D1	  19

ASEM-51 V1.3                                        Copyright (c) 2002 by W.W. Heinz                                         PAGE 26



SYMBOL				  TYPE     VALUE	LINE
------------------------------------------------------------
EV_RESULT_DEC			  NUMBER    00D0	  18
EV_RESULT_REM			  NUMBER    00D3	  21
EV_SCROLL_LEFT			  NUMBER    00E8	  30
EV_SCROLL_RIGHT			  NUMBER    00E9	  31
EV_STARTUP			  NUMBER    00E0	  22
EX0				  BIT	      A8
EX1				  BIT	      AA
EXPR_BUF			  NUMBER    0040	  52
EXPR_LEN			  NUMBER    0052	  53
EXPR_MAX			  NUMBER    0012	  61
EXPR_VIEW			  NUMBER    0053	  54
EXTI0				  CODE	    0003
EXTI1				  CODE	    0013
F0				  BIT	      D5
HANDLE_LCD_BACKSPACE		  CODE	    023A	 353
HANDLE_LCD_BACKSPACE_ANS	  CODE	    028E	 410
IE				  DATA	      A8
IE0				  BIT	      89
IE1				  BIT	      8B
INPUT_CURSOR_ADDR		  NUMBER    0056	  57
INT0				  BIT	      B2
INT1				  BIT	      B3
IP				  DATA	      B8
IT0				  BIT	      88
IT1				  BIT	      8A
LAST_CHAR_LEN			  NUMBER    0054	  55
LCD_BS_ANS_CLEAR_LOOP		  CODE	    02A7	 423
LCD_BS_ANS_NORMAL		  CODE	    02A0	 419
LCD_BS_DONE			  CODE	    028B	 407
LCD_BS_ERASE_SECOND		  CODE	    0285	 402
LCD_BS_NORMAL			  CODE	    026D	 389
LCD_BS_RESTORE_CURSOR		  CODE	    0288	 405
LCD_CLEAR_L2_LOOP		  CODE	    0703	1062
LCD_CLEAR_LINE2			  CODE	    06FC	1058
LCD_CMD				  CODE	    06DC	1034
LCD_CURSOR_OFF			  CODE	    0717	1074
LCD_CURSOR_ON			  CODE	    0710	1070
LCD_DATA			  CODE	    06E0	1037
LCD_DELAY			  CODE	    0732	1096
LCD_D_LOOP1			  CODE	    0738	1100
LCD_INIT			  CODE	    06B5	1016
LCD_LINE1			  NUMBER    0080	  62
LCD_LINE2			  NUMBER    00C0	  63
LCD_POWER_DELAY			  CODE	    071E	1079
LCD_POWER_D_OUTER		  CODE	    0724	1083
LCD_PRINT_BIN8_RIGHT		  CODE	    0559	 816
LCD_PRINT_REMAINDER		  CODE	    05E9	 900
LCD_PRINT_TMP_U16		  CODE	    0655	 958
LCD_PRINT_U16_RIGHT		  CODE	    0586	 843
LCD_PUTS			  CODE	    06F1	1048
LCD_PUTS_DONE			  CODE	    06FB	1055
LCD_SOFT_POWER_OFF		  CODE	    02D2	 446
LCD_WIDTH			  NUMBER    0010	  64
LCD_WRITE			  CODE	    06E2	1039
LOGIC_APPEND_CHAR		  CODE	    0456	 658
LOGIC_APPEND_FIRST_WINDOW	  CODE	    0474	 677

ASEM-51 V1.3                                        Copyright (c) 2002 by W.W. Heinz                                         PAGE 27



SYMBOL				  TYPE     VALUE	LINE
------------------------------------------------------------
LOGIC_APPEND_SPACE_AVAILABLE	  CODE	    045E	 663
LOGIC_BUFFER_RESET		  CODE	    044F	 653
LOGIC_CURSOR_NOT_FULL		  CODE	    04EC	 758
LOGIC_DRAW_LOOP			  CODE	    04CF	 738
LOGIC_FILL_SPACES		  CODE	    04D6	 743
LOGIC_FLAG_CHECK_NOT		  CODE	    0267	 382
LOGIC_FLAG_CHECK_OR		  CODE	    025D	 376
LOGIC_FLAG_CHECK_XOR		  CODE	    0262	 379
LOGIC_OPERATOR_FLAG_DONE	  CODE	    026C	 386
LOGIC_POSITION_CURSOR		  CODE	    04E6	 754
LOGIC_REDRAW			  CODE	    04B0	 718
LOGIC_REFRESH_OPERATOR_FLAG	  CODE	    024D	 365
LOGIC_REPLACE_DONE		  CODE	    0489	 691
LOGIC_REPLACE_LAST_CHAR		  CODE	    0479	 681
LOGIC_SCROLL_DONE		  CODE	    04AF	 715
LOGIC_SCROLL_LEFT		  CODE	    048A	 694
LOGIC_SCROLL_RIGHT		  CODE	    049D	 705
LOGIC_SET_OPERATOR_FLAG		  CODE	    026A	 384
LOGIC_SPACE_LOOP		  CODE	    04DF	 750
LOGIC_VISIBLE_COMPARE		  CODE	    04C6	 731
LOGIC_VISIBLE_READY		  CODE	    04CA	 734
MAIN				  CODE	    0003	  76
MODE_SCROLL_ADVANCE		  CODE	    0390	 544
MODE_SCROLL_CURSOR_DONE		  CODE	    03C3	 571
MODE_SCROLL_DELAY		  CODE	    075C	1125
MODE_SCROLL_DRAW		  CODE	    03A6	 556
MODE_SCROLL_D_MIDDLE		  CODE	    0766	1133
MODE_SCROLL_D_OUTER		  CODE	    0764	1131
MODE_SCROLL_LOGICAL		  CODE	    0388	 540
MODE_SCROLL_OFFSET		  NUMBER    0055	  56
MODE_SCROLL_STEP		  CODE	    0379	 533
MODE_SCROLL_TABLE_READY		  CODE	    0393	 546
NOT_SQRT_OP			  CODE	    01A9	 280
OPERATOR_CHARACTER_DONE		  CODE	    0229	 343
OPERATOR_SYMBOLS		  CODE	    0775	1143
OV				  BIT	      D2
P				  BIT	      D0
P0				  DATA	      80
P1				  DATA	      90
P2				  DATA	      A0
P3				  DATA	      B0
PCON				  DATA	      87
PERFORM_LCD_ERASE		  CODE	    02C2	 437
PRINT_TMP_CONVERT		  CODE	    0660	 964
PRINT_TMP_DIVIDE_LOOP		  CODE	    0662	 966
PRINT_TMP_LOOP			  CODE	    0670	 974
PS				  BIT	      BC
PSW				  DATA	      D0
PT0				  BIT	      B9
PT1				  BIT	      BB
PX0				  BIT	      B8
PX1				  BIT	      BA
QUO_H				  NUMBER    0036	  44
QUO_L				  NUMBER    0037	  45
RB8				  BIT	      9A
RD				  BIT	      B7

ASEM-51 V1.3                                        Copyright (c) 2002 by W.W. Heinz                                         PAGE 28



SYMBOL				  TYPE     VALUE	LINE
------------------------------------------------------------
READY_DELAY			  CODE	    0743	1108
READY_D_MIDDLE			  CODE	    074D	1115
READY_D_OUTER			  CODE	    074B	1113
RECEIVE_BYTE			  CODE	    02FA	 468
RECEIVE_DECIMAL_RESULT		  CODE	    04F3	 763
RECEIVE_REMAINDER_QUOTIENT	  CODE	    0512	 780
RECEIVE_REMAINDER_RESULT	  CODE	    0509	 775
RECEIVE_RESULT_MAGNITUDE	  CODE	    04FC	 768
RECEIVE_WAIT_ACK_SENT		  CODE	    0308	 476
RECEIVE_WAIT_BYTE		  CODE	    02FA	 469
REMAINDER_PADDING_DONE		  CODE	    061F	 927
REMAINDER_PADDING_LOOP		  CODE	    0618	 923
REMAINDER_PRINT_QUOTIENT	  CODE	    0627	 931
REMAINDER_WIDTH_READY		  CODE	    060A	 914
REM_L				  NUMBER    0038	  46
REN				  BIT	      9C
RESET				  CODE	    0000
RESULT_H			  NUMBER    0032	  40
RESULT_L			  NUMBER    0033	  41
RESULT_REM_H			  NUMBER    003B	  49
RESULT_REM_L			  NUMBER    003C	  50
RI				  BIT	      98
RS0				  BIT	      D3
RS1				  BIT	      D4
RXD				  BIT	      B0
RX_BYTE				  NUMBER    0030	  38
SBUF				  DATA	      99
SCON				  DATA	      98
SCROLL_ADVANCE			  CODE	    080B	1155
SCROLL_ARITHMETIC		  CODE	    07CB	1151
SCROLL_DEV_ALL			  CODE	    087E	1167
SCROLL_LOGICAL			  CODE	    07EB	1153
SHORT_DELAY			  CODE	    072F	1091
SHOW_ANS_EXPRESSION		  CODE	    03C4	 574
SHOW_CREDITS			  CODE	    03FD	 602
SHOW_MODE_MENU			  CODE	    032C	 495
SHOW_MODE_STATUS		  CODE	    0354	 513
SHOW_NORMAL_ANS			  CODE	    03EC	 592
SHOW_STARTUP			  CODE	    0310	 483
SINT				  CODE	    0023
SM0				  BIT	      9F
SM1				  BIT	      9E
SM2				  BIT	      9D
SP				  DATA	      81
STR_ADDITIONAL			  CODE	    07BE	1150
STR_ANS				  CODE	    0783	1145
STR_ARITHMETIC			  CODE	    07A8	1148
STR_DEV_BY			  CODE	    0870	1163
STR_ERROR			  CODE	    086A	1161
STR_ERR_8_BITS			  CODE	    085A	1160
STR_ERR_DIV_ZERO		  CODE	    083A	1158
STR_ERR_INPUT			  CODE	    0849	1159
STR_ERR_OVERFLOW		  CODE	    082B	1157
STR_LOGICAL			  CODE	    07B3	1149
STR_MODE_MENU			  CODE	    0797	1147
STR_READY			  CODE	    077D	1144

ASEM-51 V1.3                                        Copyright (c) 2002 by W.W. Heinz                                         PAGE 29



SYMBOL				  TYPE     VALUE	LINE
------------------------------------------------------------
STR_SELECT_MODES		  CODE	    0787	1146
T0				  BIT	      B4
T1				  BIT	      B5
TB8				  BIT	      9B
TCON				  DATA	      88
TF0				  BIT	      8D
TF1				  BIT	      8F
TH0				  DATA	      8C
TH1				  DATA	      8D
TI				  BIT	      99
TIMER0				  CODE	    000B
TIMER1				  CODE	    001B
TL0				  DATA	      8A
TL1				  DATA	      8B
TMOD				  DATA	      89
TMP_H				  NUMBER    0034	  42
TMP_L				  NUMBER    0035	  43
TOTAL_WIDTH			  NUMBER    003F	  51
TR0				  BIT	      8C
TR1				  BIT	      8E
TRY_OP_AND			  CODE	    0186	 258
TRY_OP_DIV			  CODE	    0181	 255
TRY_OP_MUL			  CODE	    017C	 252
TRY_OP_NOT			  CODE	    0195	 267
TRY_OP_OR			  CODE	    018B	 261
TRY_OP_POWER			  CODE	    019F	 273
TRY_OP_SQRT			  CODE	    01A4	 276
TRY_OP_SQUARE			  CODE	    019A	 270
TRY_OP_SUB			  CODE	    0177	 249
TRY_OP_XOR			  CODE	    0190	 264
TXD				  BIT	      B1
U16_ALIGN_COUNT_READY		  CODE	    05C0	 874
U16_CONVERT			  CODE	    05A9	 860
U16_DIVIDE_LOOP			  CODE	    05AB	 862
U16_PADDING_DONE		  CODE	    05D7	 888
U16_PADDING_LOOP		  CODE	    05D0	 884
U16_PRINT_LOOP			  CODE	    05E1	 894
U16_PRINT_PREPARE		  CODE	    05DF	 892
U16_ZERO_PAD			  CODE	    059C	 853
UART_INIT			  CODE	    02E1	 456
WR				  BIT	      B6
